Archive member included to satisfy reference by file (symbol)

c:/st/stm32cubeide_1.10.1/stm32cubeide/plugins/com.st.stm32cube.ide.mcu.externaltools.gnu-tools-for-stm32.10.3-2021.10.win32_1.0.0.202111181127/tools/bin/../lib/gcc/arm-none-eabi/10.3.1/../../../../arm-none-eabi/lib/thumb/v7-m/nofp\libc_nano.a(lib_a-errno.o)
                              ./Core/Src/syscalls.o (__errno)
c:/st/stm32cubeide_1.10.1/stm32cubeide/plugins/com.st.stm32cube.ide.mcu.externaltools.gnu-tools-for-stm32.10.3-2021.10.win32_1.0.0.202111181127/tools/bin/../lib/gcc/arm-none-eabi/10.3.1/../../../../arm-none-eabi/lib/thumb/v7-m/nofp\libc_nano.a(lib_a-exit.o)
                              c:/st/stm32cubeide_1.10.1/stm32cubeide/plugins/com.st.stm32cube.ide.mcu.externaltools.gnu-tools-for-stm32.10.3-2021.10.win32_1.0.0.202111181127/tools/bin/../lib/gcc/arm-none-eabi/10.3.1/../../../../arm-none-eabi/lib/thumb/v7-m/nofp/crt0.o (exit)
c:/st/stm32cubeide_1.10.1/stm32cubeide/plugins/com.st.stm32cube.ide.mcu.externaltools.gnu-tools-for-stm32.10.3-2021.10.win32_1.0.0.202111181127/tools/bin/../lib/gcc/arm-none-eabi/10.3.1/../../../../arm-none-eabi/lib/thumb/v7-m/nofp\libc_nano.a(lib_a-impure.o)
                              c:/st/stm32cubeide_1.10.1/stm32cubeide/plugins/com.st.stm32cube.ide.mcu.externaltools.gnu-tools-for-stm32.10.3-2021.10.win32_1.0.0.202111181127/tools/bin/../lib/gcc/arm-none-eabi/10.3.1/../../../../arm-none-eabi/lib/thumb/v7-m/nofp\libc_nano.a(lib_a-exit.o) (_global_impure_ptr)
c:/st/stm32cubeide_1.10.1/stm32cubeide/plugins/com.st.stm32cube.ide.mcu.externaltools.gnu-tools-for-stm32.10.3-2021.10.win32_1.0.0.202111181127/tools/bin/../lib/gcc/arm-none-eabi/10.3.1/../../../../arm-none-eabi/lib/thumb/v7-m/nofp\libc_nano.a(lib_a-init.o)
                              c:/st/stm32cubeide_1.10.1/stm32cubeide/plugins/com.st.stm32cube.ide.mcu.externaltools.gnu-tools-for-stm32.10.3-2021.10.win32_1.0.0.202111181127/tools/bin/../lib/gcc/arm-none-eabi/10.3.1/../../../../arm-none-eabi/lib/thumb/v7-m/nofp/crt0.o (__libc_init_array)
c:/st/stm32cubeide_1.10.1/stm32cubeide/plugins/com.st.stm32cube.ide.mcu.externaltools.gnu-tools-for-stm32.10.3-2021.10.win32_1.0.0.202111181127/tools/bin/../lib/gcc/arm-none-eabi/10.3.1/../../../../arm-none-eabi/lib/thumb/v7-m/nofp\libc_nano.a(lib_a-malloc.o)
                              ./App/Timeline_Manage.o (malloc)
c:/st/stm32cubeide_1.10.1/stm32cubeide/plugins/com.st.stm32cube.ide.mcu.externaltools.gnu-tools-for-stm32.10.3-2021.10.win32_1.0.0.202111181127/tools/bin/../lib/gcc/arm-none-eabi/10.3.1/../../../../arm-none-eabi/lib/thumb/v7-m/nofp\libc_nano.a(lib_a-memcpy-stub.o)
                              ./App/Timeline_Manage.o (memcpy)
c:/st/stm32cubeide_1.10.1/stm32cubeide/plugins/com.st.stm32cube.ide.mcu.externaltools.gnu-tools-for-stm32.10.3-2021.10.win32_1.0.0.202111181127/tools/bin/../lib/gcc/arm-none-eabi/10.3.1/../../../../arm-none-eabi/lib/thumb/v7-m/nofp\libc_nano.a(lib_a-memset.o)
                              c:/st/stm32cubeide_1.10.1/stm32cubeide/plugins/com.st.stm32cube.ide.mcu.externaltools.gnu-tools-for-stm32.10.3-2021.10.win32_1.0.0.202111181127/tools/bin/../lib/gcc/arm-none-eabi/10.3.1/../../../../arm-none-eabi/lib/thumb/v7-m/nofp/crt0.o (memset)
c:/st/stm32cubeide_1.10.1/stm32cubeide/plugins/com.st.stm32cube.ide.mcu.externaltools.gnu-tools-for-stm32.10.3-2021.10.win32_1.0.0.202111181127/tools/bin/../lib/gcc/arm-none-eabi/10.3.1/../../../../arm-none-eabi/lib/thumb/v7-m/nofp\libc_nano.a(lib_a-nano-freer.o)
                              c:/st/stm32cubeide_1.10.1/stm32cubeide/plugins/com.st.stm32cube.ide.mcu.externaltools.gnu-tools-for-stm32.10.3-2021.10.win32_1.0.0.202111181127/tools/bin/../lib/gcc/arm-none-eabi/10.3.1/../../../../arm-none-eabi/lib/thumb/v7-m/nofp\libc_nano.a(lib_a-malloc.o) (_free_r)
c:/st/stm32cubeide_1.10.1/stm32cubeide/plugins/com.st.stm32cube.ide.mcu.externaltools.gnu-tools-for-stm32.10.3-2021.10.win32_1.0.0.202111181127/tools/bin/../lib/gcc/arm-none-eabi/10.3.1/../../../../arm-none-eabi/lib/thumb/v7-m/nofp\libc_nano.a(lib_a-nano-mallocr.o)
                              c:/st/stm32cubeide_1.10.1/stm32cubeide/plugins/com.st.stm32cube.ide.mcu.externaltools.gnu-tools-for-stm32.10.3-2021.10.win32_1.0.0.202111181127/tools/bin/../lib/gcc/arm-none-eabi/10.3.1/../../../../arm-none-eabi/lib/thumb/v7-m/nofp\libc_nano.a(lib_a-malloc.o) (_malloc_r)
c:/st/stm32cubeide_1.10.1/stm32cubeide/plugins/com.st.stm32cube.ide.mcu.externaltools.gnu-tools-for-stm32.10.3-2021.10.win32_1.0.0.202111181127/tools/bin/../lib/gcc/arm-none-eabi/10.3.1/../../../../arm-none-eabi/lib/thumb/v7-m/nofp\libc_nano.a(lib_a-sbrkr.o)
                              c:/st/stm32cubeide_1.10.1/stm32cubeide/plugins/com.st.stm32cube.ide.mcu.externaltools.gnu-tools-for-stm32.10.3-2021.10.win32_1.0.0.202111181127/tools/bin/../lib/gcc/arm-none-eabi/10.3.1/../../../../arm-none-eabi/lib/thumb/v7-m/nofp\libc_nano.a(lib_a-nano-mallocr.o) (_sbrk_r)
[...]
Memory Configuration

Name             Origin             Length             Attributes
RAM              0x0000000020000000 0x0000000000005000 xrw
FLASH            0x0000000008000000 0x0000000000010000 xr
*default*        0x0000000000000000 0xffffffffffffffff

Linker script and memory map

LOAD c:/st/stm32cubeide_1.10.1/stm32cubeide/plugins/com.st.stm32cube.ide.mcu.externaltools.gnu-tools-for-stm32.10.3-2021.10.win32_1.0.0.202111181127/tools/bin/../lib/gcc/arm-none-eabi/10.3.1/thumb/v7-m/nofp/crti.o
LOAD c:/st/stm32cubeide_1.10.1/stm32cubeide/plugins/com.st.stm32cube.ide.mcu.externaltools.gnu-tools-for-stm32.10.3-2021.10.win32_1.0.0.202111181127/tools/bin/../lib/gcc/arm-none-eabi/10.3.1/thumb/v7-m/nofp/crtbegin.o
LOAD c:/st/stm32cubeide_1.10.1/stm32cubeide/plugins/com.st.stm32cube.ide.mcu.externaltools.gnu-tools-for-stm32.10.3-2021.10.win32_1.0.0.202111181127/tools/bin/../lib/gcc/arm-none-eabi/10.3.1/../../../../arm-none-eabi/lib/thumb/v7-m/nofp/crt0.o
LOAD ./App/Alarm.o
LOAD ./App/Rotary_Encoder.o
LOAD ./App/Timeline_Manage.o
LOAD ./App/real_time.o
LOAD ./App/Menu/Main_Menu.o
LOAD ./App/Menu/Menu.o
LOAD ./App/Menu/Setting_Menu.o
LOAD ./App/Menu/Setting_Realtime_Menu.o
LOAD ./App/Menu/Setting_Timeline_Menu.o
LOAD ./App/Menu/Timeline_List_Menu.o
LOAD ./Core/Src/main.o
LOAD ./Core/Src/stm32f1xx_hal_msp.o
LOAD ./Core/Src/stm32f1xx_it.o
LOAD ./Core/Src/syscalls.o
LOAD ./Core/Src/sysmem.o
LOAD ./Core/Src/system_stm32f1xx.o
LOAD ./Core/Startup/startup_stm32f103c8tx.o
LOAD ./Drivers/STM32F1xx_HAL_Driver/Src/stm32f1xx_hal.o
LOAD ./Drivers/STM32F1xx_HAL_Driver/Src/stm32f1xx_hal_adc.o
LOAD ./Drivers/STM32F1xx_HAL_Driver/Src/stm32f1xx_hal_adc_ex.o
LOAD ./Drivers/STM32F1xx_HAL_Driver/Src/stm32f1xx_hal_cortex.o
LOAD ./Drivers/STM32F1xx_HAL_Driver/Src/stm32f1xx_hal_dma.o
LOAD ./Drivers/STM32F1xx_HAL_Driver/Src/stm32f1xx_hal_exti.o
LOAD ./Drivers/STM32F1xx_HAL_Driver/Src/stm32f1xx_hal_flash.o
LOAD ./Drivers/STM32F1xx_HAL_Driver/Src/stm32f1xx_hal_flash_ex.o
LOAD ./Drivers/STM32F1xx_HAL_Driver/Src/stm32f1xx_hal_gpio.o
LOAD ./Drivers/STM32F1xx_HAL_Driver/Src/stm32f1xx_hal_gpio_ex.o
LOAD ./Drivers/STM32F1xx_HAL_Driver/Src/stm32f1xx_hal_i2c.o
LOAD ./Drivers/STM32F1xx_HAL_Driver/Src/stm32f1xx_hal_pwr.o
LOAD ./Drivers/STM32F1xx_HAL_Driver/Src/stm32f1xx_hal_rcc.o
LOAD ./Drivers/STM32F1xx_HAL_Driver/Src/stm32f1xx_hal_rcc_ex.o
LOAD ./Drivers/STM32F1xx_HAL_Driver/Src/stm32f1xx_hal_rtc.o
LOAD ./Drivers/STM32F1xx_HAL_Driver/Src/stm32f1xx_hal_rtc_ex.o
LOAD ./Drivers/STM32F1xx_HAL_Driver/Src/stm32f1xx_hal_tim.o
LOAD ./Drivers/STM32F1xx_HAL_Driver/Src/stm32f1xx_hal_tim_ex.o
LOAD ./Libraries/DHT.o
LOAD ./Libraries/DS3231.o
LOAD ./Libraries/Delay_us.o
LOAD ./Libraries/Encoder.o
LOAD ./Libraries/LCD_I2C.o
LOAD ./Libraries/button.o
LOAD ./Libraries/flash.o
START GROUP
LOAD c:/st/stm32cubeide_1.10.1/stm32cubeide/plugins/com.st.stm32cube.ide.mcu.externaltools.gnu-tools-for-stm32.10.3-2021.10.win32_1.0.0.202111181127/tools/bin/../lib/gcc/arm-none-eabi/10.3.1/../../../../arm-none-eabi/lib/thumb/v7-m/nofp\libc_nano.a
LOAD c:/st/stm32cubeide_1.10.1/stm32cubeide/plugins/com.st.stm32cube.ide.mcu.externaltools.gnu-tools-for-stm32.10.3-2021.10.win32_1.0.0.202111181127/tools/bin/../lib/gcc/arm-none-eabi/10.3.1/../../../../arm-none-eabi/lib/thumb/v7-m/nofp\libm.a
END GROUP
START GROUP
LOAD c:/st/stm32cubeide_1.10.1/stm32cubeide/plugins/com.st.stm32cube.ide.mcu.externaltools.gnu-tools-for-stm32.10.3-2021.10.win32_1.0.0.202111181127/tools/bin/../lib/gcc/arm-none-eabi/10.3.1/thumb/v7-m/nofp\libgcc.a
LOAD c:/st/stm32cubeide_1.10.1/stm32cubeide/plugins/com.st.stm32cube.ide.mcu.externaltools.gnu-tools-for-stm32.10.3-2021.10.win32_1.0.0.202111181127/tools/bin/../lib/gcc/arm-none-eabi/10.3.1/../../../../arm-none-eabi/lib/thumb/v7-m/nofp\libc_nano.a
END GROUP
START GROUP
LOAD c:/st/stm32cubeide_1.10.1/stm32cubeide/plugins/com.st.stm32cube.ide.mcu.externaltools.gnu-tools-for-stm32.10.3-2021.10.win32_1.0.0.202111181127/tools/bin/../lib/gcc/arm-none-eabi/10.3.1/thumb/v7-m/nofp\libgcc.a
LOAD c:/st/stm32cubeide_1.10.1/stm32cubeide/plugins/com.st.stm32cube.ide.mcu.externaltools.gnu-tools-for-stm32.10.3-2021.10.win32_1.0.0.202111181127/tools/bin/../lib/gcc/arm-none-eabi/10.3.1/../../../../arm-none-eabi/lib/thumb/v7-m/nofp\libc_nano.a
LOAD c:/st/stm32cubeide_1.10.1/stm32cubeide/plugins/com.st.stm32cube.ide.mcu.externaltools.gnu-tools-for-stm32.10.3-2021.10.win32_1.0.0.202111181127/tools/bin/../lib/gcc/arm-none-eabi/10.3.1/../../../../arm-none-eabi/lib/thumb/v7-m/nofp\libnosys.a
END GROUP
START GROUP
LOAD c:/st/stm32cubeide_1.10.1/stm32cubeide/plugins/com.st.stm32cube.ide.mcu.externaltools.gnu-tools-for-stm32.10.3-2021.10.win32_1.0.0.202111181127/tools/bin/../lib/gcc/arm-none-eabi/10.3.1/thumb/v7-m/nofp\libgcc.a
LOAD c:/st/stm32cubeide_1.10.1/stm32cubeide/plugins/com.st.stm32cube.ide.mcu.externaltools.gnu-tools-for-stm32.10.3-2021.10.win32_1.0.0.202111181127/tools/bin/../lib/gcc/arm-none-eabi/10.3.1/../../../../arm-none-eabi/lib/thumb/v7-m/nofp\libc_nano.a
LOAD c:/st/stm32cubeide_1.10.1/stm32cubeide/plugins/com.st.stm32cube.ide.mcu.externaltools.gnu-tools-for-stm32.10.3-2021.10.win32_1.0.0.202111181127/tools/bin/../lib/gcc/arm-none-eabi/10.3.1/../../../../arm-none-eabi/lib/thumb/v7-m/nofp\libnosys.a
END GROUP
LOAD c:/st/stm32cubeide_1.10.1/stm32cubeide/plugins/com.st.stm32cube.ide.mcu.externaltools.gnu-tools-for-stm32.10.3-2021.10.win32_1.0.0.202111181127/tools/bin/../lib/gcc/arm-none-eabi/10.3.1/thumb/v7-m/nofp/crtend.o
LOAD c:/st/stm32cubeide_1.10.1/stm32cubeide/plugins/com.st.stm32cube.ide.mcu.externaltools.gnu-tools-for-stm32.10.3-2021.10.win32_1.0.0.202111181127/tools/bin/../lib/gcc/arm-none-eabi/10.3.1/thumb/v7-m/nofp/crtn.o
                0x0000000020005000                _estack = (ORIGIN (RAM) + LENGTH (RAM))
                0x0000000000000200                _Min_Heap_Size = 0x200
                0x0000000000000400                _Min_Stack_Size = 0x400

.isr_vector     0x0000000008000000      0x10c
                0x0000000008000000                . = ALIGN (0x4)
 *(.isr_vector)
 .isr_vector    0x0000000008000000      0x10c ./Core/Startup/startup_stm32f103c8tx.o
                0x0000000008000000                g_pfnVectors
                0x000000000800010c                . = ALIGN (0x4)

.text           0x000000000800010c     0x4e24
                0x000000000800010c                . = ALIGN (0x4)
 *(.text)
 .text          0x000000000800010c       0x40 c:/st/stm32cubeide_1.10.1/stm32cubeide/plugins/com.st.stm32cube.ide.mcu.externaltools.gnu-tools-for-stm32.10.3-2021.10.win32_1.0.0.202111181127/tools/bin/../lib/gcc/arm-none-eabi/10.3.1/thumb/v7-m/nofp/crtbegin.o
 .text          0x000000000800014c       0x10 c:/st/stm32cubeide_1.10.1/stm32cubeide/plugins/com.st.stm32cube.ide.mcu.externaltools.gnu-tools-for-stm32.10.3-2021.10.win32_1.0.0.202111181127/tools/bin/../lib/gcc/arm-none-eabi/10.3.1/../../../../arm-none-eabi/lib/thumb/v7-m/nofp\libc_nano.a(lib_a-strlen.o)
                0x000000000800014c                strlen
 .text          0x000000000800015c      0x378 c:/st/stm32cubeide_1.10.1/stm32cubeide/plugins/com.st.stm32cube.ide.mcu.externaltools.gnu-tools-for-stm32.10.3-2021.10.win32_1.0.0.202111181127/tools/bin/../lib/gcc/arm-none-eabi/10.3.1/thumb/v7-m/nofp\libgcc.a(_arm_addsubdf3.o)
                0x000000000800015c                __aeabi_drsub
                0x0000000008000164                __aeabi_dsub
                0x0000000008000164                __subdf3
                0x0000000008000168                __aeabi_dadd
                0x0000000008000168                __adddf3
                0x00000000080003e0                __floatunsidf
                0x00000000080003e0                __aeabi_ui2d
                0x0000000008000400                __floatsidf
                0x0000000008000400                __aeabi_i2d
                0x0000000008000424                __aeabi_f2d
                0x0000000008000424                __extendsfdf2
                0x0000000008000468                __floatundidf
                0x0000000008000468                __aeabi_ul2d
                0x0000000008000478                __floatdidf
                0x0000000008000478                __aeabi_l2d
 .text          0x00000000080004d4       0xa0 c:/st/stm32cubeide_1.10.1/stm32cubeide/plugins/com.st.stm32cube.ide.mcu.externaltools.gnu-tools-for-stm32.10.3-2021.10.win32_1.0.0.202111181127/tools/bin/../lib/gcc/arm-none-eabi/10.3.1/thumb/v7-m/nofp\libgcc.a(_arm_truncdfsf2.o)
                0x00000000080004d4                __truncdfsf2
                0x00000000080004d4                __aeabi_d2f
 .text          0x0000000008000574       0x40 c:/st/stm32cubeide_1.10.1/stm32cubeide/plugins/com.st.stm32cube.ide.mcu.externaltools.gnu-tools-for-stm32.10.3-2021.10.win32_1.0.0.202111181127/tools/bin/../lib/gcc/arm-none-eabi/10.3.1/thumb/v7-m/nofp\libgcc.a(_arm_fixunssfsi.o)
                0x0000000008000574                __fixunssfsi
                0x0000000008000574                __aeabi_f2uiz
 *(.text*)
 .text.__buzzer_off
                0x00000000080005b4       0x10 ./App/Alarm.o
 .text.ALARM_Init
                0x00000000080005c4       0x14 ./App/Alarm.o
                0x00000000080005c4                ALARM_Init
 .text.ALARM_Handle
                0x00000000080005d8      0x120 ./App/Alarm.o
                0x00000000080005d8                ALARM_Handle
 .text.ALARM_Stop_Buzzer
                0x00000000080006f8       0x14 ./App/Alarm.o
                0x00000000080006f8                ALARM_Stop_Buzzer
 .text.ALARM_Is_Buzzer_Running
                0x000000000800070c       0x10 ./App/Alarm.o
                0x000000000800070c                ALARM_Is_Buzzer_Running
 .text.BTN_Short_Pressing_Callback
                0x000000000800071c       0xa8 ./App/Rotary_Encoder.o
                0x000000000800071c                BTN_Short_Pressing_Callback
 .text.BTN_Long_Pressing_Callback
                0x00000000080007c4       0x8c ./App/Rotary_Encoder.o
                0x00000000080007c4                BTN_Long_Pressing_Callback
 .text.ENCODER_Forward_Callback
                0x0000000008000850       0x58 ./App/Rotary_Encoder.o
                0x0000000008000850                ENCODER_Forward_Callback
 .text.ENCODER_Backward_Callback
                0x00000000080008a8       0x58 ./App/Rotary_Encoder.o
                0x00000000080008a8                ENCODER_Backward_Callback
 .text.ROTARY_ENCODER_Init
                0x0000000008000900       0x4c ./App/Rotary_Encoder.o
                0x0000000008000900                ROTARY_ENCODER_Init
 .text.ROTARY_ENCODER_Handle
                0x000000000800094c       0x1c ./App/Rotary_Encoder.o
                0x000000000800094c                ROTARY_ENCODER_Handle
 .text.TIMELINE_Init
                0x0000000008000968       0x50 ./App/Timeline_Manage.o
                0x0000000008000968                TIMELINE_Init
 .text.TIMELINE_Sort
                0x00000000080009b8       0x68 ./App/Timeline_Manage.o
                0x00000000080009b8                TIMELINE_Sort
 .text.TIMELINE_Store_To_Flash
                0x0000000008000a20       0x34 ./App/Timeline_Manage.o
                0x0000000008000a20                TIMELINE_Store_To_Flash
 .text.TIMELINE_Add
                0x0000000008000a54       0x2c ./App/Timeline_Manage.o
                0x0000000008000a54                TIMELINE_Add
 .text.TIMELINE_Delete
                0x0000000008000a80       0x44 ./App/Timeline_Manage.o
                0x0000000008000a80                TIMELINE_Delete
 .text.REALTIME_Init
                0x0000000008000ac4       0x54 ./App/real_time.o
                0x0000000008000ac4                REALTIME_Init
 .text.REALTIME_Handle
                0x0000000008000b18       0x5c ./App/real_time.o
                0x0000000008000b18                REALTIME_Handle
 .text.REALTIME_Set_New_Realtime
                0x0000000008000b74       0x48 ./App/real_time.o
                0x0000000008000b74                REALTIME_Set_New_Realtime
 .text.MAIN_MENU_Init
                0x0000000008000bbc       0xcc ./App/Menu/Main_Menu.o
                0x0000000008000bbc                MAIN_MENU_Init
 .text.MAIN_MENU_Display_Num
                0x0000000008000c88       0x74 ./App/Menu/Main_Menu.o
                0x0000000008000c88                MAIN_MENU_Display_Num
 .text.MAIN_MENU_Display
                0x0000000008000cfc      0x194 ./App/Menu/Main_Menu.o
                0x0000000008000cfc                MAIN_MENU_Display
 .text.MAIN_MENU_Set_State
                0x0000000008000e90       0x14 ./App/Menu/Main_Menu.o
                0x0000000008000e90                MAIN_MENU_Set_State
 .text.MAIN_MENU_Update_Value
                0x0000000008000ea4       0x10 ./App/Menu/Main_Menu.o
                0x0000000008000ea4                MAIN_MENU_Update_Value
 .text.MENU_Init
                0x0000000008000eb4       0x30 ./App/Menu/Menu.o
                0x0000000008000eb4                MENU_Init
 .text.MENU_Handle
                0x0000000008000ee4       0x64 ./App/Menu/Menu.o
                0x0000000008000ee4                MENU_Handle
 .text.SETTING_MENU_Set_State
                0x0000000008000f48       0x20 ./App/Menu/Setting_Menu.o
                0x0000000008000f48                SETTING_MENU_Set_State
 .text.SETTING_MENU_Config_Time_Format
                0x0000000008000f68       0x20 ./App/Menu/Setting_Menu.o
                0x0000000008000f68                SETTING_MENU_Config_Time_Format
 .text.SETTING_MENU_Change_Pointer
                0x0000000008000f88       0x34 ./App/Menu/Setting_Menu.o
                0x0000000008000f88                SETTING_MENU_Change_Pointer
 .text.SETTING_MENU_Change_Working_State
                0x0000000008000fbc       0x24 ./App/Menu/Setting_Menu.o
                0x0000000008000fbc                SETTING_MENU_Change_Working_State
 .text.SETTING_MENU_Display
                0x0000000008000fe0       0xd0 ./App/Menu/Setting_Menu.o
                0x0000000008000fe0                SETTING_MENU_Display
 .text.SR_MENU_Init
                0x00000000080010b0       0x18 ./App/Menu/Setting_Realtime_Menu.o
                0x00000000080010b0                SR_MENU_Init
 .text.SR_MENU_Set_State
                0x00000000080010c8       0x28 ./App/Menu/Setting_Realtime_Menu.o
                0x00000000080010c8                SR_MENU_Set_State
 .text.SR_MENU_Change_Setting_State
                0x00000000080010f0       0x44 ./App/Menu/Setting_Realtime_Menu.o
                0x00000000080010f0                SR_MENU_Change_Setting_State
 .text.SR_MENU_Set_Value
                0x0000000008001134       0x8c ./App/Menu/Setting_Realtime_Menu.o
                0x0000000008001134                SR_MENU_Set_Value
 .text.SR_MENU_Display
                0x00000000080011c0      0x100 ./App/Menu/Setting_Realtime_Menu.o
                0x00000000080011c0                SR_MENU_Display
 .text.ST_MENU_Init
                0x00000000080012c0        0x2 ./App/Menu/Setting_Timeline_Menu.o
                0x00000000080012c0                ST_MENU_Init
 *fill*         0x00000000080012c2        0x2 
 .text.ST_MENU_Set_State
                0x00000000080012c4       0x28 ./App/Menu/Setting_Timeline_Menu.o
                0x00000000080012c4                ST_MENU_Set_State
 .text.ST_MENU_Change_Setting_State
                0x00000000080012ec       0x4c ./App/Menu/Setting_Timeline_Menu.o
                0x00000000080012ec                ST_MENU_Change_Setting_State
 .text.ST_MENU_Set_Value
                0x0000000008001338       0x70 ./App/Menu/Setting_Timeline_Menu.o
                0x0000000008001338                ST_MENU_Set_Value
 .text.ST_MENU_Display
                0x00000000080013a8       0xd8 ./App/Menu/Setting_Timeline_Menu.o
                0x00000000080013a8                ST_MENU_Display
 .text.TL_MENU_Init
                0x0000000008001480       0x14 ./App/Menu/Timeline_List_Menu.o
                0x0000000008001480                TL_MENU_Init
 .text.TL_MENU_Set_State
                0x0000000008001494       0x30 ./App/Menu/Timeline_List_Menu.o
                0x0000000008001494                TL_MENU_Set_State
 .text.TL_MENU_Change_Working_State
                0x00000000080014c4       0x78 ./App/Menu/Timeline_List_Menu.o
                0x00000000080014c4                TL_MENU_Change_Working_State
 .text.TL_MENU_Change_Pointer
                0x000000000800153c       0x50 ./App/Menu/Timeline_List_Menu.o
                0x000000000800153c                TL_MENU_Change_Pointer
 .text.TL_MENU_Config_Timeline
                0x000000000800158c       0x34 ./App/Menu/Timeline_List_Menu.o
                0x000000000800158c                TL_MENU_Config_Timeline
 .text.TL_MENU_Display
                0x00000000080015c0      0x144 ./App/Menu/Timeline_List_Menu.o
                0x00000000080015c0                TL_MENU_Display
 .text.TEMP_AND_HUM_Handle
                0x0000000008001704       0x88 ./Core/Src/main.o
                0x0000000008001704                TEMP_AND_HUM_Handle
 .text.SystemClock_Config
                0x000000000800178c       0x86 ./Core/Src/main.o
                0x000000000800178c                SystemClock_Config
 *fill*         0x0000000008001812        0x2 
 .text.startup.main
                0x0000000008001814      0x2cc ./Core/Src/main.o
                0x0000000008001814                main
 .text.HAL_MspInit
                0x0000000008001ae0       0x44 ./Core/Src/stm32f1xx_hal_msp.o
                0x0000000008001ae0                HAL_MspInit
 .text.HAL_ADC_MspInit
                0x0000000008001b24       0x6c ./Core/Src/stm32f1xx_hal_msp.o
                0x0000000008001b24                HAL_ADC_MspInit
 .text.HAL_I2C_MspInit
                0x0000000008001b90       0x64 ./Core/Src/stm32f1xx_hal_msp.o
                0x0000000008001b90                HAL_I2C_MspInit
 .text.HAL_RTC_MspInit
                0x0000000008001bf4       0x3c ./Core/Src/stm32f1xx_hal_msp.o
                0x0000000008001bf4                HAL_RTC_MspInit
 .text.HAL_TIM_Base_MspInit
                0x0000000008001c30       0x28 ./Core/Src/stm32f1xx_hal_msp.o
                0x0000000008001c30                HAL_TIM_Base_MspInit
 .text.HAL_TIM_Encoder_MspInit
                0x0000000008001c58       0xa8 ./Core/Src/stm32f1xx_hal_msp.o
                0x0000000008001c58                HAL_TIM_Encoder_MspInit
 .text.NMI_Handler
                0x0000000008001d00        0x2 ./Core/Src/stm32f1xx_it.o
                0x0000000008001d00                NMI_Handler
 .text.HardFault_Handler
                0x0000000008001d02        0x2 ./Core/Src/stm32f1xx_it.o
                0x0000000008001d02                HardFault_Handler
 .text.MemManage_Handler
                0x0000000008001d04        0x2 ./Core/Src/stm32f1xx_it.o
                0x0000000008001d04                MemManage_Handler
 .text.BusFault_Handler
                0x0000000008001d06        0x2 ./Core/Src/stm32f1xx_it.o
                0x0000000008001d06                BusFault_Handler
 .text.UsageFault_Handler
                0x0000000008001d08        0x2 ./Core/Src/stm32f1xx_it.o
                0x0000000008001d08                UsageFault_Handler
 .text.SVC_Handler
                0x0000000008001d0a        0x2 ./Core/Src/stm32f1xx_it.o
                0x0000000008001d0a                SVC_Handler
 .text.DebugMon_Handler
                0x0000000008001d0c        0x2 ./Core/Src/stm32f1xx_it.o
                0x0000000008001d0c                DebugMon_Handler
 .text.PendSV_Handler
                0x0000000008001d0e        0x2 ./Core/Src/stm32f1xx_it.o
                0x0000000008001d0e                PendSV_Handler
 .text.SysTick_Handler
                0x0000000008001d10        0x4 ./Core/Src/stm32f1xx_it.o
                0x0000000008001d10                SysTick_Handler
 .text.ADC1_2_IRQHandler
                0x0000000008001d14        0xc ./Core/Src/stm32f1xx_it.o
                0x0000000008001d14                ADC1_2_IRQHandler
 .text.TIM2_IRQHandler
                0x0000000008001d20        0xc ./Core/Src/stm32f1xx_it.o
                0x0000000008001d20                TIM2_IRQHandler
 .text._sbrk    0x0000000008001d2c       0x40 ./Core/Src/sysmem.o
                0x0000000008001d2c                _sbrk
 .text.SystemInit
                0x0000000008001d6c        0x2 ./Core/Src/system_stm32f1xx.o
                0x0000000008001d6c                SystemInit
 *fill*         0x0000000008001d6e        0x2 
 .text.Reset_Handler
                0x0000000008001d70       0x48 ./Core/Startup/startup_stm32f103c8tx.o
                0x0000000008001d70                Reset_Handler
 .text.Default_Handler
                0x0000000008001db8        0x2 ./Core/Startup/startup_stm32f103c8tx.o
                0x0000000008001db8                RTC_Alarm_IRQHandler
                0x0000000008001db8                EXTI2_IRQHandler
                0x0000000008001db8                TIM1_CC_IRQHandler
                0x0000000008001db8                PVD_IRQHandler
                0x0000000008001db8                EXTI3_IRQHandler
                0x0000000008001db8                EXTI0_IRQHandler
                0x0000000008001db8                I2C2_EV_IRQHandler
                0x0000000008001db8                SPI1_IRQHandler
                0x0000000008001db8                TAMPER_IRQHandler
                0x0000000008001db8                DMA1_Channel4_IRQHandler
                0x0000000008001db8                USART3_IRQHandler
                0x0000000008001db8                RTC_IRQHandler
                0x0000000008001db8                DMA1_Channel7_IRQHandler
                0x0000000008001db8                CAN1_RX1_IRQHandler
                0x0000000008001db8                TIM4_IRQHandler
                0x0000000008001db8                I2C1_EV_IRQHandler
                0x0000000008001db8                DMA1_Channel6_IRQHandler
                0x0000000008001db8                TIM3_IRQHandler
                0x0000000008001db8                RCC_IRQHandler
                0x0000000008001db8                TIM1_TRG_COM_IRQHandler
                0x0000000008001db8                DMA1_Channel1_IRQHandler
                0x0000000008001db8                Default_Handler
                0x0000000008001db8                EXTI15_10_IRQHandler
                0x0000000008001db8                EXTI9_5_IRQHandler
                0x0000000008001db8                SPI2_IRQHandler
                0x0000000008001db8                DMA1_Channel5_IRQHandler
                0x0000000008001db8                EXTI4_IRQHandler
                0x0000000008001db8                USB_LP_CAN1_RX0_IRQHandler
                0x0000000008001db8                USB_HP_CAN1_TX_IRQHandler
                0x0000000008001db8                DMA1_Channel3_IRQHandler
                0x0000000008001db8                TIM1_UP_IRQHandler
                0x0000000008001db8                WWDG_IRQHandler
                0x0000000008001db8                TIM1_BRK_IRQHandler
                0x0000000008001db8                EXTI1_IRQHandler
                0x0000000008001db8                USART2_IRQHandler
                0x0000000008001db8                I2C2_ER_IRQHandler
                0x0000000008001db8                DMA1_Channel2_IRQHandler
                0x0000000008001db8                CAN1_SCE_IRQHandler
                0x0000000008001db8                FLASH_IRQHandler
                0x0000000008001db8                USART1_IRQHandler
                0x0000000008001db8                I2C1_ER_IRQHandler
                0x0000000008001db8                USBWakeUp_IRQHandler
 *fill*         0x0000000008001dba        0x2 
 .text.HAL_InitTick
                0x0000000008001dbc       0x48 ./Drivers/STM32F1xx_HAL_Driver/Src/stm32f1xx_hal.o
                0x0000000008001dbc                HAL_InitTick
 .text.HAL_Init
                0x0000000008001e04       0x24 ./Drivers/STM32F1xx_HAL_Driver/Src/stm32f1xx_hal.o
                0x0000000008001e04                HAL_Init
 .text.HAL_IncTick
                0x0000000008001e28       0x18 ./Drivers/STM32F1xx_HAL_Driver/Src/stm32f1xx_hal.o
                0x0000000008001e28                HAL_IncTick
 .text.HAL_GetTick
                0x0000000008001e40        0xc ./Drivers/STM32F1xx_HAL_Driver/Src/stm32f1xx_hal.o
                0x0000000008001e40                HAL_GetTick
 .text.HAL_Delay
                0x0000000008001e4c       0x24 ./Drivers/STM32F1xx_HAL_Driver/Src/stm32f1xx_hal.o
                0x0000000008001e4c                HAL_Delay
 .text.HAL_ADC_ConvCpltCallback
                0x0000000008001e70        0x2 ./Drivers/STM32F1xx_HAL_Driver/Src/stm32f1xx_hal_adc.o
                0x0000000008001e70                HAL_ADC_ConvCpltCallback
 .text.HAL_ADC_LevelOutOfWindowCallback
                0x0000000008001e72        0x2 ./Drivers/STM32F1xx_HAL_Driver/Src/stm32f1xx_hal_adc.o
                0x0000000008001e72                HAL_ADC_LevelOutOfWindowCallback
 .text.HAL_ADC_IRQHandler
                0x0000000008001e74       0xec ./Drivers/STM32F1xx_HAL_Driver/Src/stm32f1xx_hal_adc.o
                0x0000000008001e74                HAL_ADC_IRQHandler
 .text.HAL_ADC_ConfigChannel
                0x0000000008001f60       0xfc ./Drivers/STM32F1xx_HAL_Driver/Src/stm32f1xx_hal_adc.o
                0x0000000008001f60                HAL_ADC_ConfigChannel
 .text.ADC_ConversionStop_Disable
                0x000000000800205c       0x4c ./Drivers/STM32F1xx_HAL_Driver/Src/stm32f1xx_hal_adc.o
                0x000000000800205c                ADC_ConversionStop_Disable
 .text.HAL_ADC_Init
                0x00000000080020a8       0xfc ./Drivers/STM32F1xx_HAL_Driver/Src/stm32f1xx_hal_adc.o
                0x00000000080020a8                HAL_ADC_Init
 .text.HAL_ADCEx_InjectedConvCpltCallback
                0x00000000080021a4        0x2 ./Drivers/STM32F1xx_HAL_Driver/Src/stm32f1xx_hal_adc_ex.o
                0x00000000080021a4                HAL_ADCEx_InjectedConvCpltCallback
 *fill*         0x00000000080021a6        0x2 
 .text.HAL_NVIC_SetPriorityGrouping
                0x00000000080021a8       0x24 ./Drivers/STM32F1xx_HAL_Driver/Src/stm32f1xx_hal_cortex.o
                0x00000000080021a8                HAL_NVIC_SetPriorityGrouping
 .text.HAL_NVIC_SetPriority
                0x00000000080021cc       0x64 ./Drivers/STM32F1xx_HAL_Driver/Src/stm32f1xx_hal_cortex.o
                0x00000000080021cc                HAL_NVIC_SetPriority
 .text.HAL_NVIC_EnableIRQ
                0x0000000008002230       0x1c ./Drivers/STM32F1xx_HAL_Driver/Src/stm32f1xx_hal_cortex.o
                0x0000000008002230                HAL_NVIC_EnableIRQ
 .text.HAL_SYSTICK_Config
                0x000000000800224c       0x28 ./Drivers/STM32F1xx_HAL_Driver/Src/stm32f1xx_hal_cortex.o
                0x000000000800224c                HAL_SYSTICK_Config
 .text.FLASH_SetErrorCode
                0x0000000008002274       0x50 ./Drivers/STM32F1xx_HAL_Driver/Src/stm32f1xx_hal_flash.o
 .text.HAL_FLASH_Unlock
                0x00000000080022c4       0x24 ./Drivers/STM32F1xx_HAL_Driver/Src/stm32f1xx_hal_flash.o
                0x00000000080022c4                HAL_FLASH_Unlock
 .text.HAL_FLASH_Lock
                0x00000000080022e8       0x14 ./Drivers/STM32F1xx_HAL_Driver/Src/stm32f1xx_hal_flash.o
                0x00000000080022e8                HAL_FLASH_Lock
 .text.FLASH_WaitForLastOperation
                0x00000000080022fc       0x54 ./Drivers/STM32F1xx_HAL_Driver/Src/stm32f1xx_hal_flash.o
                0x00000000080022fc                FLASH_WaitForLastOperation
 .text.HAL_FLASH_Program
                0x0000000008002350       0xa0 ./Drivers/STM32F1xx_HAL_Driver/Src/stm32f1xx_hal_flash.o
                0x0000000008002350                HAL_FLASH_Program
 .text.FLASH_PageErase
                0x00000000080023f0       0x24 ./Drivers/STM32F1xx_HAL_Driver/Src/stm32f1xx_hal_flash_ex.o
                0x00000000080023f0                FLASH_PageErase
 .text.HAL_FLASHEx_Erase
                0x0000000008002414       0xa8 ./Drivers/STM32F1xx_HAL_Driver/Src/stm32f1xx_hal_flash_ex.o
                0x0000000008002414                HAL_FLASHEx_Erase
 .text.HAL_GPIO_Init
                0x00000000080024bc      0x1b4 ./Drivers/STM32F1xx_HAL_Driver/Src/stm32f1xx_hal_gpio.o
                0x00000000080024bc                HAL_GPIO_Init
 .text.HAL_GPIO_ReadPin
                0x0000000008002670        0xc ./Drivers/STM32F1xx_HAL_Driver/Src/stm32f1xx_hal_gpio.o
                0x0000000008002670                HAL_GPIO_ReadPin
 .text.HAL_GPIO_WritePin
                0x000000000800267c        0xa ./Drivers/STM32F1xx_HAL_Driver/Src/stm32f1xx_hal_gpio.o
                0x000000000800267c                HAL_GPIO_WritePin
 .text.I2C_IsAcknowledgeFailed
                0x0000000008002686       0x32 ./Drivers/STM32F1xx_HAL_Driver/Src/stm32f1xx_hal_i2c.o
 .text.I2C_WaitOnFlagUntilTimeout
                0x00000000080026b8       0x64 ./Drivers/STM32F1xx_HAL_Driver/Src/stm32f1xx_hal_i2c.o
 .text.I2C_WaitOnMasterAddressFlagUntilTimeout
                0x000000000800271c       0x76 ./Drivers/STM32F1xx_HAL_Driver/Src/stm32f1xx_hal_i2c.o
 .text.I2C_WaitOnRXNEFlagUntilTimeout
                0x0000000008002792       0x5e ./Drivers/STM32F1xx_HAL_Driver/Src/stm32f1xx_hal_i2c.o
 .text.I2C_WaitOnBTFFlagUntilTimeout
                0x00000000080027f0       0x4c ./Drivers/STM32F1xx_HAL_Driver/Src/stm32f1xx_hal_i2c.o
 .text.I2C_WaitOnTXEFlagUntilTimeout
                0x000000000800283c       0x4c ./Drivers/STM32F1xx_HAL_Driver/Src/stm32f1xx_hal_i2c.o
 .text.I2C_RequestMemoryWrite
                0x0000000008002888       0xb0 ./Drivers/STM32F1xx_HAL_Driver/Src/stm32f1xx_hal_i2c.o
 .text.I2C_RequestMemoryRead
                0x0000000008002938      0x104 ./Drivers/STM32F1xx_HAL_Driver/Src/stm32f1xx_hal_i2c.o
 .text.HAL_I2C_Init
                0x0000000008002a3c      0x150 ./Drivers/STM32F1xx_HAL_Driver/Src/stm32f1xx_hal_i2c.o
                0x0000000008002a3c                HAL_I2C_Init
 .text.HAL_I2C_Mem_Write
                0x0000000008002b8c      0x120 ./Drivers/STM32F1xx_HAL_Driver/Src/stm32f1xx_hal_i2c.o
                0x0000000008002b8c                HAL_I2C_Mem_Write
 .text.HAL_I2C_Mem_Read
                0x0000000008002cac      0x27c ./Drivers/STM32F1xx_HAL_Driver/Src/stm32f1xx_hal_i2c.o
                0x0000000008002cac                HAL_I2C_Mem_Read
 .text.HAL_PWR_EnableBkUpAccess
                0x0000000008002f28        0xc ./Drivers/STM32F1xx_HAL_Driver/Src/stm32f1xx_hal_pwr.o
                0x0000000008002f28                HAL_PWR_EnableBkUpAccess
 .text.HAL_RCC_OscConfig
                0x0000000008002f34      0x338 ./Drivers/STM32F1xx_HAL_Driver/Src/stm32f1xx_hal_rcc.o
                0x0000000008002f34                HAL_RCC_OscConfig
 .text.HAL_RCC_GetSysClockFreq
                0x000000000800326c       0x74 ./Drivers/STM32F1xx_HAL_Driver/Src/stm32f1xx_hal_rcc.o
                0x000000000800326c                HAL_RCC_GetSysClockFreq
 .text.HAL_RCC_ClockConfig
                0x00000000080032e0      0x138 ./Drivers/STM32F1xx_HAL_Driver/Src/stm32f1xx_hal_rcc.o
                0x00000000080032e0                HAL_RCC_ClockConfig
 .text.HAL_RCC_GetPCLK1Freq
                0x0000000008003418       0x20 ./Drivers/STM32F1xx_HAL_Driver/Src/stm32f1xx_hal_rcc.o
                0x0000000008003418                HAL_RCC_GetPCLK1Freq
 .text.HAL_RCC_GetPCLK2Freq
                0x0000000008003438       0x20 ./Drivers/STM32F1xx_HAL_Driver/Src/stm32f1xx_hal_rcc.o
                0x0000000008003438                HAL_RCC_GetPCLK2Freq
 .text.HAL_RCCEx_PeriphCLKConfig
                0x0000000008003458       0xf4 ./Drivers/STM32F1xx_HAL_Driver/Src/stm32f1xx_hal_rcc_ex.o
                0x0000000008003458                HAL_RCCEx_PeriphCLKConfig
 .text.HAL_RCCEx_GetPeriphCLKFreq
                0x000000000800354c       0xe4 ./Drivers/STM32F1xx_HAL_Driver/Src/stm32f1xx_hal_rcc_ex.o
                0x000000000800354c                HAL_RCCEx_GetPeriphCLKFreq
 .text.RTC_EnterInitMode
                0x0000000008003630       0x2e ./Drivers/STM32F1xx_HAL_Driver/Src/stm32f1xx_hal_rtc.o
 .text.RTC_ExitInitMode
                0x000000000800365e       0x30 ./Drivers/STM32F1xx_HAL_Driver/Src/stm32f1xx_hal_rtc.o
 .text.HAL_RTC_WaitForSynchro
                0x000000000800368e       0x36 ./Drivers/STM32F1xx_HAL_Driver/Src/stm32f1xx_hal_rtc.o
                0x000000000800368e                HAL_RTC_WaitForSynchro
 .text.HAL_RTC_Init
                0x00000000080036c4       0x9c ./Drivers/STM32F1xx_HAL_Driver/Src/stm32f1xx_hal_rtc.o
                0x00000000080036c4                HAL_RTC_Init
 .text.HAL_TIM_Base_Start
                0x0000000008003760       0x4c ./Drivers/STM32F1xx_HAL_Driver/Src/stm32f1xx_hal_tim.o
                0x0000000008003760                HAL_TIM_Base_Start
 .text.HAL_TIM_Base_Stop
                0x00000000080037ac       0x28 ./Drivers/STM32F1xx_HAL_Driver/Src/stm32f1xx_hal_tim.o
                0x00000000080037ac                HAL_TIM_Base_Stop
 .text.HAL_TIM_Encoder_Start_IT
                0x00000000080037d4       0xde ./Drivers/STM32F1xx_HAL_Driver/Src/stm32f1xx_hal_tim.o
                0x00000000080037d4                HAL_TIM_Encoder_Start_IT
 .text.HAL_TIM_Encoder_Stop_IT
                0x00000000080038b2       0x98 ./Drivers/STM32F1xx_HAL_Driver/Src/stm32f1xx_hal_tim.o
                0x00000000080038b2                HAL_TIM_Encoder_Stop_IT
 .text.HAL_TIM_PeriodElapsedCallback
                0x000000000800394a        0x2 ./Drivers/STM32F1xx_HAL_Driver/Src/stm32f1xx_hal_tim.o
                0x000000000800394a                HAL_TIM_PeriodElapsedCallback
 .text.HAL_TIM_OC_DelayElapsedCallback
                0x000000000800394c        0x2 ./Drivers/STM32F1xx_HAL_Driver/Src/stm32f1xx_hal_tim.o
                0x000000000800394c                HAL_TIM_OC_DelayElapsedCallback
 .text.HAL_TIM_PWM_PulseFinishedCallback
                0x000000000800394e        0x2 ./Drivers/STM32F1xx_HAL_Driver/Src/stm32f1xx_hal_tim.o
                0x000000000800394e                HAL_TIM_PWM_PulseFinishedCallback
 .text.HAL_TIM_TriggerCallback
                0x0000000008003950        0x2 ./Drivers/STM32F1xx_HAL_Driver/Src/stm32f1xx_hal_tim.o
                0x0000000008003950                HAL_TIM_TriggerCallback
 .text.HAL_TIM_IRQHandler
                0x0000000008003952      0x144 ./Drivers/STM32F1xx_HAL_Driver/Src/stm32f1xx_hal_tim.o
                0x0000000008003952                HAL_TIM_IRQHandler
 *fill*         0x0000000008003a96        0x2 
 .text.TIM_Base_SetConfig
                0x0000000008003a98       0x70 ./Drivers/STM32F1xx_HAL_Driver/Src/stm32f1xx_hal_tim.o
                0x0000000008003a98                TIM_Base_SetConfig
 .text.HAL_TIM_Base_Init
                0x0000000008003b08       0x58 ./Drivers/STM32F1xx_HAL_Driver/Src/stm32f1xx_hal_tim.o
                0x0000000008003b08                HAL_TIM_Base_Init
 .text.HAL_TIM_Encoder_Init
                0x0000000008003b60       0xaa ./Drivers/STM32F1xx_HAL_Driver/Src/stm32f1xx_hal_tim.o
                0x0000000008003b60                HAL_TIM_Encoder_Init
 .text.TIM_ETR_SetConfig
                0x0000000008003c0a       0x14 ./Drivers/STM32F1xx_HAL_Driver/Src/stm32f1xx_hal_tim.o
                0x0000000008003c0a                TIM_ETR_SetConfig
 .text.HAL_TIM_ConfigClockSource
                0x0000000008003c1e      0x128 ./Drivers/STM32F1xx_HAL_Driver/Src/stm32f1xx_hal_tim.o
                0x0000000008003c1e                HAL_TIM_ConfigClockSource
 *fill*         0x0000000008003d46        0x2 
 .text.HAL_TIMEx_MasterConfigSynchronization
                0x0000000008003d48       0x5c ./Drivers/STM32F1xx_HAL_Driver/Src/stm32f1xx_hal_tim_ex.o
                0x0000000008003d48                HAL_TIMEx_MasterConfigSynchronization
 .text.HAL_TIMEx_CommutCallback
                0x0000000008003da4        0x2 ./Drivers/STM32F1xx_HAL_Driver/Src/stm32f1xx_hal_tim_ex.o
                0x0000000008003da4                HAL_TIMEx_CommutCallback
 .text.HAL_TIMEx_BreakCallback
                0x0000000008003da6        0x2 ./Drivers/STM32F1xx_HAL_Driver/Src/stm32f1xx_hal_tim_ex.o
                0x0000000008003da6                HAL_TIMEx_BreakCallback
 .text.DHT_Set_Pin_Input
                0x0000000008003da8       0x1c ./Libraries/DHT.o
 .text.DHT_Init
                0x0000000008003dc4        0xe ./Libraries/DHT.o
                0x0000000008003dc4                DHT_Init
 .text.DHT_Read_Value
                0x0000000008003dd2      0x164 ./Libraries/DHT.o
                0x0000000008003dd2                DHT_Read_Value
 .text.DS3231_Init
                0x0000000008003f36        0x4 ./Libraries/DS3231.o
                0x0000000008003f36                DS3231_Init
 .text.DS3231_Set_Time
                0x0000000008003f3a       0x6c ./Libraries/DS3231.o
                0x0000000008003f3a                DS3231_Set_Time
 .text.DS3231_Get_Time
                0x0000000008003fa6       0x7c ./Libraries/DS3231.o
                0x0000000008003fa6                DS3231_Get_Time
 .text.DS3231_Set_Date
                0x0000000008004022       0x54 ./Libraries/DS3231.o
                0x0000000008004022                DS3231_Set_Date
 .text.DS3231_Get_Date
                0x0000000008004076       0x6a ./Libraries/DS3231.o
                0x0000000008004076                DS3231_Get_Date
 .text.DELAY_US_Init
                0x00000000080040e0        0xc ./Libraries/Delay_us.o
                0x00000000080040e0                DELAY_US_Init
 .text.DELAY_US_Run
                0x00000000080040ec       0x28 ./Libraries/Delay_us.o
                0x00000000080040ec                DELAY_US_Run
 .text.ENCODER_Init
                0x0000000008004114        0x8 ./Libraries/Encoder.o
                0x0000000008004114                ENCODER_Init
 .text.ENCODER_Set_Callback_Function
                0x000000000800411c       0x14 ./Libraries/Encoder.o
                0x000000000800411c                ENCODER_Set_Callback_Function
 .text.ENCODER_IT_Handle
                0x0000000008004130       0x14 ./Libraries/Encoder.o
                0x0000000008004130                ENCODER_IT_Handle
 .text.HAL_TIM_IC_CaptureCallback
                0x0000000008004144       0x18 ./Libraries/Encoder.o
                0x0000000008004144                HAL_TIM_IC_CaptureCallback
 .text.ENCODER_Handle
                0x000000000800415c       0x2c ./Libraries/Encoder.o
                0x000000000800415c                ENCODER_Handle
 .text.LCD_Send_Command
                0x0000000008004188       0x8c ./Libraries/LCD_I2C.o
                0x0000000008004188                LCD_Send_Command
 .text.LCD_Init
                0x0000000008004214       0x84 ./Libraries/LCD_I2C.o
                0x0000000008004214                LCD_Init
 .text.LCD_Set_Cursor
                0x0000000008004298       0x30 ./Libraries/LCD_I2C.o
                0x0000000008004298                LCD_Set_Cursor
 .text.LCD_Clear
                0x00000000080042c8       0x20 ./Libraries/LCD_I2C.o
                0x00000000080042c8                LCD_Clear
 .text.LCD_Cursor_Blink
                0x00000000080042e8       0x10 ./Libraries/LCD_I2C.o
                0x00000000080042e8                LCD_Cursor_Blink
 .text.LCD_Cursor_No_Blink
                0x00000000080042f8       0x10 ./Libraries/LCD_I2C.o
                0x00000000080042f8                LCD_Cursor_No_Blink
 .text.LCD_Send_Data
                0x0000000008004308       0x8c ./Libraries/LCD_I2C.o
                0x0000000008004308                LCD_Send_Data
 .text.LCD_Write
                0x0000000008004394       0x52 ./Libraries/LCD_I2C.o
                0x0000000008004394                LCD_Write
 .text.LCD_Create_Char
                0x00000000080043e6       0x28 ./Libraries/LCD_I2C.o
                0x00000000080043e6                LCD_Create_Char
 *fill*         0x000000000800440e        0x2 
 .text.BUTTON_Handle
                0x0000000008004410       0xb4 ./Libraries/button.o
                0x0000000008004410                BUTTON_Handle
 .text.BUTTON_Init
                0x00000000080044c4       0x14 ./Libraries/button.o
                0x00000000080044c4                BUTTON_Init
 .text.BUTTON_Set_Callback_Function
                0x00000000080044d8       0x24 ./Libraries/button.o
                0x00000000080044d8                BUTTON_Set_Callback_Function
 .text.FLASH_Erase
                0x00000000080044fc       0x2c ./Libraries/flash.o
                0x00000000080044fc                FLASH_Erase
 .text.FLASH_Write
                0x0000000008004528       0x4e ./Libraries/flash.o
                0x0000000008004528                FLASH_Write
 .text.FLASH_Read
                0x0000000008004576       0x1a ./Libraries/flash.o
                0x0000000008004576                FLASH_Read
 .text.__errno  0x0000000008004590        0xc c:/st/stm32cubeide_1.10.1/stm32cubeide/plugins/com.st.stm32cube.ide.mcu.externaltools.gnu-tools-for-stm32.10.3-2021.10.win32_1.0.0.202111181127/tools/bin/../lib/gcc/arm-none-eabi/10.3.1/../../../../arm-none-eabi/lib/thumb/v7-m/nofp\libc_nano.a(lib_a-errno.o)
                0x0000000008004590                __errno
 .text.__libc_init_array
                0x000000000800459c       0x48 c:/st/stm32cubeide_1.10.1/stm32cubeide/plugins/com.st.stm32cube.ide.mcu.externaltools.gnu-tools-for-stm32.10.3-2021.10.win32_1.0.0.202111181127/tools/bin/../lib/gcc/arm-none-eabi/10.3.1/../../../../arm-none-eabi/lib/thumb/v7-m/nofp\libc_nano.a(lib_a-init.o)
                0x000000000800459c                __libc_init_array
 .text.malloc   0x00000000080045e4       0x10 c:/st/stm32cubeide_1.10.1/stm32cubeide/plugins/com.st.stm32cube.ide.mcu.externaltools.gnu-tools-for-stm32.10.3-2021.10.win32_1.0.0.202111181127/tools/bin/../lib/gcc/arm-none-eabi/10.3.1/../../../../arm-none-eabi/lib/thumb/v7-m/nofp\libc_nano.a(lib_a-malloc.o)
                0x00000000080045e4                malloc
 .text.free     0x00000000080045f4       0x10 c:/st/stm32cubeide_1.10.1/stm32cubeide/plugins/com.st.stm32cube.ide.mcu.externaltools.gnu-tools-for-stm32.10.3-2021.10.win32_1.0.0.202111181127/tools/bin/../lib/gcc/arm-none-eabi/10.3.1/../../../../arm-none-eabi/lib/thumb/v7-m/nofp\libc_nano.a(lib_a-malloc.o)
                0x00000000080045f4                free
 .text.memcpy   0x0000000008004604       0x1c c:/st/stm32cubeide_1.10.1/stm32cubeide/plugins/com.st.stm32cube.ide.mcu.externaltools.gnu-tools-for-stm32.10.3-2021.10.win32_1.0.0.202111181127/tools/bin/../lib/gcc/arm-none-eabi/10.3.1/../../../../arm-none-eabi/lib/thumb/v7-m/nofp\libc_nano.a(lib_a-memcpy-stub.o)
                0x0000000008004604                memcpy
 .text.memset   0x0000000008004620       0x10 c:/st/stm32cubeide_1.10.1/stm32cubeide/plugins/com.st.stm32cube.ide.mcu.externaltools.gnu-tools-for-stm32.10.3-2021.10.win32_1.0.0.202111181127/tools/bin/../lib/gcc/arm-none-eabi/10.3.1/../../../../arm-none-eabi/lib/thumb/v7-m/nofp\libc_nano.a(lib_a-memset.o)
                0x0000000008004620                memset
 .text._free_r  0x0000000008004630       0x90 c:/st/stm32cubeide_1.10.1/stm32cubeide/plugins/com.st.stm32cube.ide.mcu.externaltools.gnu-tools-for-stm32.10.3-2021.10.win32_1.0.0.202111181127/tools/bin/../lib/gcc/arm-none-eabi/10.3.1/../../../../arm-none-eabi/lib/thumb/v7-m/nofp\libc_nano.a(lib_a-nano-freer.o)
                0x0000000008004630                _free_r
 .text.sbrk_aligned
                0x00000000080046c0       0x40 c:/st/stm32cubeide_1.10.1/stm32cubeide/plugins/com.st.stm32cube.ide.mcu.externaltools.gnu-tools-for-stm32.10.3-2021.10.win32_1.0.0.202111181127/tools/bin/../lib/gcc/arm-none-eabi/10.3.1/../../../../arm-none-eabi/lib/thumb/v7-m/nofp\libc_nano.a(lib_a-nano-mallocr.o)
 .text._malloc_r
                0x0000000008004700       0xe8 c:/st/stm32cubeide_1.10.1/stm32cubeide/plugins/com.st.stm32cube.ide.mcu.externaltools.gnu-tools-for-stm32.10.3-2021.10.win32_1.0.0.202111181127/tools/bin/../lib/gcc/arm-none-eabi/10.3.1/../../../../arm-none-eabi/lib/thumb/v7-m/nofp\libc_nano.a(lib_a-nano-mallocr.o)
                0x0000000008004700                _malloc_r
 .text._sbrk_r  0x00000000080047e8       0x20 c:/st/stm32cubeide_1.10.1/stm32cubeide/plugins/com.st.stm32cube.ide.mcu.externaltools.gnu-tools-for-stm32.10.3-2021.10.win32_1.0.0.202111181127/tools/bin/../lib/gcc/arm-none-eabi/10.3.1/../../../../arm-none-eabi/lib/thumb/v7-m/nofp\libc_nano.a(lib_a-sbrkr.o)
                0x00000000080047e8                _sbrk_r
 .text.strcpy   0x0000000008004808       0x10 c:/st/stm32cubeide_1.10.1/stm32cubeide/plugins/com.st.stm32cube.ide.mcu.externaltools.gnu-tools-for-stm32.10.3-2021.10.win32_1.0.0.202111181127/tools/bin/../lib/gcc/arm-none-eabi/10.3.1/../../../../arm-none-eabi/lib/thumb/v7-m/nofp\libc_nano.a(lib_a-strcpy.o)
                0x0000000008004808                strcpy
 .text._vsprintf_r
                0x0000000008004818       0x2c c:/st/stm32cubeide_1.10.1/stm32cubeide/plugins/com.st.stm32cube.ide.mcu.externaltools.gnu-tools-for-stm32.10.3-2021.10.win32_1.0.0.202111181127/tools/bin/../lib/gcc/arm-none-eabi/10.3.1/../../../../arm-none-eabi/lib/thumb/v7-m/nofp\libc_nano.a(lib_a-vsprintf.o)
                0x0000000008004818                _vsprintf_r
                0x0000000008004818                _vsiprintf_r
 .text.vsprintf
                0x0000000008004844       0x14 c:/st/stm32cubeide_1.10.1/stm32cubeide/plugins/com.st.stm32cube.ide.mcu.externaltools.gnu-tools-for-stm32.10.3-2021.10.win32_1.0.0.202111181127/tools/bin/../lib/gcc/arm-none-eabi/10.3.1/../../../../arm-none-eabi/lib/thumb/v7-m/nofp\libc_nano.a(lib_a-vsprintf.o)
                0x0000000008004844                vsiprintf
                0x0000000008004844                vsprintf
 .text.__malloc_lock
                0x0000000008004858        0xc c:/st/stm32cubeide_1.10.1/stm32cubeide/plugins/com.st.stm32cube.ide.mcu.externaltools.gnu-tools-for-stm32.10.3-2021.10.win32_1.0.0.202111181127/tools/bin/../lib/gcc/arm-none-eabi/10.3.1/../../../../arm-none-eabi/lib/thumb/v7-m/nofp\libc_nano.a(lib_a-mlock.o)
                0x0000000008004858                __malloc_lock
 .text.__malloc_unlock
                0x0000000008004864        0xc c:/st/stm32cubeide_1.10.1/stm32cubeide/plugins/com.st.stm32cube.ide.mcu.externaltools.gnu-tools-for-stm32.10.3-2021.10.win32_1.0.0.202111181127/tools/bin/../lib/gcc/arm-none-eabi/10.3.1/../../../../arm-none-eabi/lib/thumb/v7-m/nofp\libc_nano.a(lib_a-mlock.o)
                0x0000000008004864                __malloc_unlock
 .text.__ssputs_r
                0x0000000008004870       0xb6 c:/st/stm32cubeide_1.10.1/stm32cubeide/plugins/com.st.stm32cube.ide.mcu.externaltools.gnu-tools-for-stm32.10.3-2021.10.win32_1.0.0.202111181127/tools/bin/../lib/gcc/arm-none-eabi/10.3.1/../../../../arm-none-eabi/lib/thumb/v7-m/nofp\libc_nano.a(lib_a-nano-svfprintf.o)
                0x0000000008004870                __ssputs_r
 *fill*         0x0000000008004926        0x2 
 .text._svfprintf_r
                0x0000000008004928      0x200 c:/st/stm32cubeide_1.10.1/stm32cubeide/plugins/com.st.stm32cube.ide.mcu.externaltools.gnu-tools-for-stm32.10.3-2021.10.win32_1.0.0.202111181127/tools/bin/../lib/gcc/arm-none-eabi/10.3.1/../../../../arm-none-eabi/lib/thumb/v7-m/nofp\libc_nano.a(lib_a-nano-svfprintf.o)
                0x0000000008004928                _svfiprintf_r
                0x0000000008004928                _svfprintf_r
 .text._printf_common
                0x0000000008004b28       0xde c:/st/stm32cubeide_1.10.1/stm32cubeide/plugins/com.st.stm32cube.ide.mcu.externaltools.gnu-tools-for-stm32.10.3-2021.10.win32_1.0.0.202111181127/tools/bin/../lib/gcc/arm-none-eabi/10.3.1/../../../../arm-none-eabi/lib/thumb/v7-m/nofp\libc_nano.a(lib_a-nano-vfprintf_i.o)
                0x0000000008004b28                _printf_common
 *fill*         0x0000000008004c06        0x2 
 .text._printf_i
                0x0000000008004c08      0x24c c:/st/stm32cubeide_1.10.1/stm32cubeide/plugins/com.st.stm32cube.ide.mcu.externaltools.gnu-tools-for-stm32.10.3-2021.10.win32_1.0.0.202111181127/tools/bin/../lib/gcc/arm-none-eabi/10.3.1/../../../../arm-none-eabi/lib/thumb/v7-m/nofp\libc_nano.a(lib_a-nano-vfprintf_i.o)
                0x0000000008004c08                _printf_i
 .text.__retarget_lock_acquire_recursive
                0x0000000008004e54        0x2 c:/st/stm32cubeide_1.10.1/stm32cubeide/plugins/com.st.stm32cube.ide.mcu.externaltools.gnu-tools-for-stm32.10.3-2021.10.win32_1.0.0.202111181127/tools/bin/../lib/gcc/arm-none-eabi/10.3.1/../../../../arm-none-eabi/lib/thumb/v7-m/nofp\libc_nano.a(lib_a-lock.o)
                0x0000000008004e54                __retarget_lock_acquire_recursive
 .text.__retarget_lock_release_recursive
                0x0000000008004e56        0x2 c:/st/stm32cubeide_1.10.1/stm32cubeide/plugins/com.st.stm32cube.ide.mcu.externaltools.gnu-tools-for-stm32.10.3-2021.10.win32_1.0.0.202111181127/tools/bin/../lib/gcc/arm-none-eabi/10.3.1/../../../../arm-none-eabi/lib/thumb/v7-m/nofp\libc_nano.a(lib_a-lock.o)
                0x0000000008004e56                __retarget_lock_release_recursive
 .text.memchr   0x0000000008004e58       0x1c c:/st/stm32cubeide_1.10.1/stm32cubeide/plugins/com.st.stm32cube.ide.mcu.externaltools.gnu-tools-for-stm32.10.3-2021.10.win32_1.0.0.202111181127/tools/bin/../lib/gcc/arm-none-eabi/10.3.1/../../../../arm-none-eabi/lib/thumb/v7-m/nofp\libc_nano.a(lib_a-memchr-stub.o)
                0x0000000008004e58                memchr
 .text.memmove  0x0000000008004e74       0x34 c:/st/stm32cubeide_1.10.1/stm32cubeide/plugins/com.st.stm32cube.ide.mcu.externaltools.gnu-tools-for-stm32.10.3-2021.10.win32_1.0.0.202111181127/tools/bin/../lib/gcc/arm-none-eabi/10.3.1/../../../../arm-none-eabi/lib/thumb/v7-m/nofp\libc_nano.a(lib_a-memmove.o)
                0x0000000008004e74                memmove
 .text._realloc_r
                0x0000000008004ea8       0x5e c:/st/stm32cubeide_1.10.1/stm32cubeide/plugins/com.st.stm32cube.ide.mcu.externaltools.gnu-tools-for-stm32.10.3-2021.10.win32_1.0.0.202111181127/tools/bin/../lib/gcc/arm-none-eabi/10.3.1/../../../../arm-none-eabi/lib/thumb/v7-m/nofp\libc_nano.a(lib_a-nano-reallocr.o)
                0x0000000008004ea8                _realloc_r
 .text._malloc_usable_size_r
                0x0000000008004f06       0x10 c:/st/stm32cubeide_1.10.1/stm32cubeide/plugins/com.st.stm32cube.ide.mcu.externaltools.gnu-tools-for-stm32.10.3-2021.10.win32_1.0.0.202111181127/tools/bin/../lib/gcc/arm-none-eabi/10.3.1/../../../../arm-none-eabi/lib/thumb/v7-m/nofp\libc_nano.a(lib_a-nano-msizer.o)
                0x0000000008004f06                _malloc_usable_size_r
 *(.glue_7)
 .glue_7        0x0000000008004f16        0x0 linker stubs
 *(.glue_7t)
 .glue_7t       0x0000000008004f16        0x0 linker stubs
 *(.eh_frame)
 *fill*         0x0000000008004f16        0x2 
 .eh_frame      0x0000000008004f18        0x0 c:/st/stm32cubeide_1.10.1/stm32cubeide/plugins/com.st.stm32cube.ide.mcu.externaltools.gnu-tools-for-stm32.10.3-2021.10.win32_1.0.0.202111181127/tools/bin/../lib/gcc/arm-none-eabi/10.3.1/thumb/v7-m/nofp/crtbegin.o
 *(.init)
 .init          0x0000000008004f18        0x4 c:/st/stm32cubeide_1.10.1/stm32cubeide/plugins/com.st.stm32cube.ide.mcu.externaltools.gnu-tools-for-stm32.10.3-2021.10.win32_1.0.0.202111181127/tools/bin/../lib/gcc/arm-none-eabi/10.3.1/thumb/v7-m/nofp/crti.o
                0x0000000008004f18                _init
 .init          0x0000000008004f1c        0x8 c:/st/stm32cubeide_1.10.1/stm32cubeide/plugins/com.st.stm32cube.ide.mcu.externaltools.gnu-tools-for-stm32.10.3-2021.10.win32_1.0.0.202111181127/tools/bin/../lib/gcc/arm-none-eabi/10.3.1/thumb/v7-m/nofp/crtn.o
 *(.fini)
 .fini          0x0000000008004f24        0x4 c:/st/stm32cubeide_1.10.1/stm32cubeide/plugins/com.st.stm32cube.ide.mcu.externaltools.gnu-tools-for-stm32.10.3-2021.10.win32_1.0.0.202111181127/tools/bin/../lib/gcc/arm-none-eabi/10.3.1/thumb/v7-m/nofp/crti.o
                0x0000000008004f24                _fini
 .fini          0x0000000008004f28        0x8 c:/st/stm32cubeide_1.10.1/stm32cubeide/plugins/com.st.stm32cube.ide.mcu.externaltools.gnu-tools-for-stm32.10.3-2021.10.win32_1.0.0.202111181127/tools/bin/../lib/gcc/arm-none-eabi/10.3.1/thumb/v7-m/nofp/crtn.o
                0x0000000008004f30                . = ALIGN (0x4)
                0x0000000008004f30                _etext = .

.vfp11_veneer   0x0000000008004f30        0x0
 .vfp11_veneer  0x0000000008004f30        0x0 linker stubs

.v4_bx          0x0000000008004f30        0x0
 .v4_bx         0x0000000008004f30        0x0 linker stubs

.iplt           0x0000000008004f30        0x0
 .iplt          0x0000000008004f30        0x0 c:/st/stm32cubeide_1.10.1/stm32cubeide/plugins/com.st.stm32cube.ide.mcu.externaltools.gnu-tools-for-stm32.10.3-2021.10.win32_1.0.0.202111181127/tools/bin/../lib/gcc/arm-none-eabi/10.3.1/thumb/v7-m/nofp/crtbegin.o

.rodata         0x0000000008004f30      0x224
                0x0000000008004f30                . = ALIGN (0x4)
 *(.rodata)
 .rodata        0x0000000008004f30       0x18 ./App/Menu/Main_Menu.o
 *(.rodata*)
 .rodata.MAIN_MENU_Init.str1.1
                0x0000000008004f48       0x2d ./App/Menu/Main_Menu.o
 .rodata.MAIN_MENU_Display.str1.1
                0x0000000008004f75       0x2e ./App/Menu/Main_Menu.o
 .rodata.number_char
                0x0000000008004fa3       0x42 ./App/Menu/Main_Menu.o
 .rodata.SETTING_MENU_Display.str1.1
                0x0000000008004fe5       0x40 ./App/Menu/Setting_Menu.o
 .rodata.SR_MENU_Display.str1.1
                0x0000000008005025       0x27 ./App/Menu/Setting_Realtime_Menu.o
                                         0x3b (size before relaxing)
 .rodata.str1.1
                0x000000000800504c       0x20 ./App/Menu/Setting_Realtime_Menu.o
 .rodata.__max_value
                0x000000000800506c        0x6 ./App/Menu/Setting_Realtime_Menu.o
 .rodata.ST_MENU_Display.str1.1
                0x0000000008005072       0x30 ./App/Menu/Setting_Timeline_Menu.o
                                         0x57 (size before relaxing)
 .rodata.__max_value
                0x00000000080050a2        0x9 ./App/Menu/Setting_Timeline_Menu.o
 .rodata.TL_MENU_Display.str1.1
                0x00000000080050ab       0x4a ./App/Menu/Timeline_List_Menu.o
 .rodata.AHBPrescTable
                0x00000000080050f5       0x10 ./Core/Src/system_stm32f1xx.o
                0x00000000080050f5                AHBPrescTable
 .rodata.APBPrescTable
                0x0000000008005105        0x8 ./Core/Src/system_stm32f1xx.o
                0x0000000008005105                APBPrescTable
 .rodata.HAL_RCC_GetSysClockFreq.str1.1
                0x000000000800510d       0x11 ./Drivers/STM32F1xx_HAL_Driver/Src/stm32f1xx_hal_rcc.o
 .rodata.HAL_RCCEx_GetPeriphCLKFreq.str1.1
                0x000000000800511e       0x11 ./Drivers/STM32F1xx_HAL_Driver/Src/stm32f1xx_hal_rcc_ex.o
 .rodata._svfprintf_r.str1.1
                0x000000000800511e       0x11 c:/st/stm32cubeide_1.10.1/stm32cubeide/plugins/com.st.stm32cube.ide.mcu.externaltools.gnu-tools-for-stm32.10.3-2021.10.win32_1.0.0.202111181127/tools/bin/../lib/gcc/arm-none-eabi/10.3.1/../../../../arm-none-eabi/lib/thumb/v7-m/nofp\libc_nano.a(lib_a-nano-svfprintf.o)
 .rodata._printf_i.str1.1
                0x000000000800512f       0x22 c:/st/stm32cubeide_1.10.1/stm32cubeide/plugins/com.st.stm32cube.ide.mcu.externaltools.gnu-tools-for-stm32.10.3-2021.10.win32_1.0.0.202111181127/tools/bin/../lib/gcc/arm-none-eabi/10.3.1/../../../../arm-none-eabi/lib/thumb/v7-m/nofp\libc_nano.a(lib_a-nano-vfprintf_i.o)
                0x0000000008005154                . = ALIGN (0x4)
 *fill*         0x0000000008005151        0x3 

.rel.dyn        0x0000000008005154        0x0
 .rel.iplt      0x0000000008005154        0x0 c:/st/stm32cubeide_1.10.1/stm32cubeide/plugins/com.st.stm32cube.ide.mcu.externaltools.gnu-tools-for-stm32.10.3-2021.10.win32_1.0.0.202111181127/tools/bin/../lib/gcc/arm-none-eabi/10.3.1/thumb/v7-m/nofp/crtbegin.o

.ARM.extab      0x0000000008005154        0x0
                0x0000000008005154                . = ALIGN (0x4)
 *(.ARM.extab* .gnu.linkonce.armextab.*)
                0x0000000008005154                . = ALIGN (0x4)

.ARM            0x0000000008005154        0x0
                0x0000000008005154                . = ALIGN (0x4)
                0x0000000008005154                __exidx_start = .
 *(.ARM.exidx*)
                0x0000000008005154                __exidx_end = .
                0x0000000008005154                . = ALIGN (0x4)

.preinit_array  0x0000000008005154        0x0
                0x0000000008005154                . = ALIGN (0x4)
                0x0000000008005154                PROVIDE (__preinit_array_start = .)
 *(.preinit_array*)
                0x0000000008005154                PROVIDE (__preinit_array_end = .)
                0x0000000008005154                . = ALIGN (0x4)

.init_array     0x0000000008005154        0x4
                0x0000000008005154                . = ALIGN (0x4)
                0x0000000008005154                PROVIDE (__init_array_start = .)
 *(SORT_BY_NAME(.init_array.*))
 *(.init_array*)
 .init_array    0x0000000008005154        0x4 c:/st/stm32cubeide_1.10.1/stm32cubeide/plugins/com.st.stm32cube.ide.mcu.externaltools.gnu-tools-for-stm32.10.3-2021.10.win32_1.0.0.202111181127/tools/bin/../lib/gcc/arm-none-eabi/10.3.1/thumb/v7-m/nofp/crtbegin.o
                0x0000000008005158                PROVIDE (__init_array_end = .)
                0x0000000008005158                . = ALIGN (0x4)

.fini_array     0x0000000008005158        0x4
                0x0000000008005158                . = ALIGN (0x4)
                [!provide]                        PROVIDE (__fini_array_start = .)
 *(SORT_BY_NAME(.fini_array.*))
 *(.fini_array*)
 .fini_array    0x0000000008005158        0x4 c:/st/stm32cubeide_1.10.1/stm32cubeide/plugins/com.st.stm32cube.ide.mcu.externaltools.gnu-tools-for-stm32.10.3-2021.10.win32_1.0.0.202111181127/tools/bin/../lib/gcc/arm-none-eabi/10.3.1/thumb/v7-m/nofp/crtbegin.o
                [!provide]                        PROVIDE (__fini_array_end = .)
                0x000000000800515c                . = ALIGN (0x4)
                0x000000000800515c                _sidata = LOADADDR (.data)

.data           0x0000000020000000       0xa4 load address 0x000000000800515c
                0x0000000020000000                . = ALIGN (0x4)
                0x0000000020000000                _sdata = .
 *(.data)
 *(.data*)
 .data.DAY_Str  0x0000000020000000       0x1c ./App/Menu/Main_Menu.o
                0x0000000020000000                DAY_Str
 .data.__setting_type_str
                0x000000002000001c       0x18 ./App/Menu/Setting_Realtime_Menu.o
                0x000000002000001c                __setting_type_str
 .data.SystemCoreClock
                0x0000000020000034        0x4 ./Core/Src/system_stm32f1xx.o
                0x0000000020000034                SystemCoreClock
 .data.uwTickFreq
                0x0000000020000038        0x1 ./Drivers/STM32F1xx_HAL_Driver/Src/stm32f1xx_hal.o
                0x0000000020000038                uwTickFreq
 *fill*         0x0000000020000039        0x3 
 .data.uwTickPrio
                0x000000002000003c        0x4 ./Drivers/STM32F1xx_HAL_Driver/Src/stm32f1xx_hal.o
                0x000000002000003c                uwTickPrio
 .data._impure_ptr
                0x0000000020000040        0x4 c:/st/stm32cubeide_1.10.1/stm32cubeide/plugins/com.st.stm32cube.ide.mcu.externaltools.gnu-tools-for-stm32.10.3-2021.10.win32_1.0.0.202111181127/tools/bin/../lib/gcc/arm-none-eabi/10.3.1/../../../../arm-none-eabi/lib/thumb/v7-m/nofp\libc_nano.a(lib_a-impure.o)
                0x0000000020000040                _impure_ptr
 .data.impure_data
                0x0000000020000044       0x60 c:/st/stm32cubeide_1.10.1/stm32cubeide/plugins/com.st.stm32cube.ide.mcu.externaltools.gnu-tools-for-stm32.10.3-2021.10.win32_1.0.0.202111181127/tools/bin/../lib/gcc/arm-none-eabi/10.3.1/../../../../arm-none-eabi/lib/thumb/v7-m/nofp\libc_nano.a(lib_a-impure.o)
 *(.RamFunc)
 *(.RamFunc*)
                0x00000000200000a4                . = ALIGN (0x4)
                0x00000000200000a4                _edata = .

.igot.plt       0x00000000200000a4        0x0 load address 0x0000000008005200
 .igot.plt      0x00000000200000a4        0x0 c:/st/stm32cubeide_1.10.1/stm32cubeide/plugins/com.st.stm32cube.ide.mcu.externaltools.gnu-tools-for-stm32.10.3-2021.10.win32_1.0.0.202111181127/tools/bin/../lib/gcc/arm-none-eabi/10.3.1/thumb/v7-m/nofp/crtbegin.o
                0x00000000200000a4                . = ALIGN (0x4)

.bss            0x00000000200000a8      0x27c load address 0x0000000008005200
                0x00000000200000a8                _sbss = .
                0x00000000200000a8                __bss_start__ = _sbss
 *(.bss)
 .bss           0x00000000200000a8       0x1c c:/st/stm32cubeide_1.10.1/stm32cubeide/plugins/com.st.stm32cube.ide.mcu.externaltools.gnu-tools-for-stm32.10.3-2021.10.win32_1.0.0.202111181127/tools/bin/../lib/gcc/arm-none-eabi/10.3.1/thumb/v7-m/nofp/crtbegin.o
 *(.bss*)
 .bss.ALARM_Data
                0x00000000200000c4       0x14 ./App/Alarm.o
                0x00000000200000c4                ALARM_Data
 .bss.buzzer_counter.0
                0x00000000200000d8        0x1 ./App/Alarm.o
 *fill*         0x00000000200000d9        0x3 
 .bss.h_encoder
                0x00000000200000dc        0x8 ./App/Rotary_Encoder.o
                0x00000000200000dc                h_encoder
 .bss.h_encoder_button
                0x00000000200000e4       0x18 ./App/Rotary_Encoder.o
                0x00000000200000e4                h_encoder_button
 .bss.TIMELINE_Data
                0x00000000200000fc       0x40 ./App/Timeline_Manage.o
                0x00000000200000fc                TIMELINE_Data
 .bss.REALTIME_Data
                0x000000002000013c        0x6 ./App/real_time.o
                0x000000002000013c                REALTIME_Data
 *fill*         0x0000000020000142        0x2 
 .bss.hds3231   0x0000000020000144        0xc ./App/real_time.o
                0x0000000020000144                hds3231
 .bss.MAIN_MENU_Data
                0x0000000020000150        0x1 ./App/Menu/Main_Menu.o
                0x0000000020000150                MAIN_MENU_Data
 *fill*         0x0000000020000151        0x3 
 .bss.MENU_Data
                0x0000000020000154       0x14 ./App/Menu/Menu.o
                0x0000000020000154                MENU_Data
 .bss.SETTING_MENU_Data
                0x0000000020000168        0x2 ./App/Menu/Setting_Menu.o
                0x0000000020000168                SETTING_MENU_Data
 .bss.SR_MENU_Data
                0x000000002000016a        0x7 ./App/Menu/Setting_Realtime_Menu.o
                0x000000002000016a                SR_MENU_Data
 .bss.ST_MENU_Data
                0x0000000020000171        0x6 ./App/Menu/Setting_Timeline_Menu.o
                0x0000000020000171                ST_MENU_Data
 .bss.TL_MENU_Data
                0x0000000020000177        0x5 ./App/Menu/Timeline_List_Menu.o
                0x0000000020000177                TL_MENU_Data
 .bss.hadc1     0x000000002000017c       0x30 ./Core/Src/main.o
                0x000000002000017c                hadc1
 .bss.hdht      0x00000000200001ac       0x14 ./Core/Src/main.o
                0x00000000200001ac                hdht
 .bss.hi2c2     0x00000000200001c0       0x54 ./Core/Src/main.o
                0x00000000200001c0                hi2c2
 .bss.hlcd      0x0000000020000214        0xc ./Core/Src/main.o
                0x0000000020000214                hlcd
 .bss.hrtc      0x0000000020000220       0x14 ./Core/Src/main.o
                0x0000000020000220                hrtc
 .bss.htim1     0x0000000020000234       0x48 ./Core/Src/main.o
                0x0000000020000234                htim1
 .bss.htim2     0x000000002000027c       0x48 ./Core/Src/main.o
                0x000000002000027c                htim2
 .bss.system_huminity.1
                0x00000000200002c4        0x1 ./Core/Src/main.o
 .bss.system_temperature.0
                0x00000000200002c5        0x1 ./Core/Src/main.o
 *fill*         0x00000000200002c6        0x2 
 .bss.timer.2   0x00000000200002c8        0x4 ./Core/Src/main.o
 .bss.__sbrk_heap_end
                0x00000000200002cc        0x4 ./Core/Src/sysmem.o
 .bss.uwTick    0x00000000200002d0        0x4 ./Drivers/STM32F1xx_HAL_Driver/Src/stm32f1xx_hal.o
                0x00000000200002d0                uwTick
 *fill*         0x00000000200002d4        0x4 
 .bss.pFlash    0x00000000200002d8       0x20 ./Drivers/STM32F1xx_HAL_Driver/Src/stm32f1xx_hal_flash.o
                0x00000000200002d8                pFlash
 .bss.delay_timer
                0x00000000200002f8        0x4 ./Libraries/Delay_us.o
                0x00000000200002f8                delay_timer
 .bss.__ENCODER_Backward_Callback
                0x00000000200002fc        0x4 ./Libraries/Encoder.o
                0x00000000200002fc                __ENCODER_Backward_Callback
 .bss.__ENCODER_Forward_Callback
                0x0000000020000300        0x4 ./Libraries/Encoder.o
                0x0000000020000300                __ENCODER_Forward_Callback
 .bss.__BUTTON_Long_Pressing_Callback
                0x0000000020000304        0x4 ./Libraries/button.o
                0x0000000020000304                __BUTTON_Long_Pressing_Callback
 .bss.__BUTTON_Pressing_Callback
                0x0000000020000308        0x4 ./Libraries/button.o
                0x0000000020000308                __BUTTON_Pressing_Callback
 .bss.__BUTTON_Releasing_Callback
                0x000000002000030c        0x4 ./Libraries/button.o
                0x000000002000030c                __BUTTON_Releasing_Callback
 .bss.__BUTTON_Short_Pressing_Callback
                0x0000000020000310        0x4 ./Libraries/button.o
                0x0000000020000310                __BUTTON_Short_Pressing_Callback
 .bss.__malloc_free_list
                0x0000000020000314        0x4 c:/st/stm32cubeide_1.10.1/stm32cubeide/plugins/com.st.stm32cube.ide.mcu.externaltools.gnu-tools-for-stm32.10.3-2021.10.win32_1.0.0.202111181127/tools/bin/../lib/gcc/arm-none-eabi/10.3.1/../../../../arm-none-eabi/lib/thumb/v7-m/nofp\libc_nano.a(lib_a-nano-mallocr.o)
                0x0000000020000314                __malloc_free_list
 .bss.__malloc_sbrk_start
                0x0000000020000318        0x4 c:/st/stm32cubeide_1.10.1/stm32cubeide/plugins/com.st.stm32cube.ide.mcu.externaltools.gnu-tools-for-stm32.10.3-2021.10.win32_1.0.0.202111181127/tools/bin/../lib/gcc/arm-none-eabi/10.3.1/../../../../arm-none-eabi/lib/thumb/v7-m/nofp\libc_nano.a(lib_a-nano-mallocr.o)
                0x0000000020000318                __malloc_sbrk_start
 .bss.errno     0x000000002000031c        0x4 c:/st/stm32cubeide_1.10.1/stm32cubeide/plugins/com.st.stm32cube.ide.mcu.externaltools.gnu-tools-for-stm32.10.3-2021.10.win32_1.0.0.202111181127/tools/bin/../lib/gcc/arm-none-eabi/10.3.1/../../../../arm-none-eabi/lib/thumb/v7-m/nofp\libc_nano.a(lib_a-reent.o)
                0x000000002000031c                errno
 .bss.__lock___malloc_recursive_mutex
                0x0000000020000320        0x1 c:/st/stm32cubeide_1.10.1/stm32cubeide/plugins/com.st.stm32cube.ide.mcu.externaltools.gnu-tools-for-stm32.10.3-2021.10.win32_1.0.0.202111181127/tools/bin/../lib/gcc/arm-none-eabi/10.3.1/../../../../arm-none-eabi/lib/thumb/v7-m/nofp\libc_nano.a(lib_a-lock.o)
                0x0000000020000320                __lock___malloc_recursive_mutex
 *(COMMON)
                0x0000000020000324                . = ALIGN (0x4)
 *fill*         0x0000000020000321        0x3 
                0x0000000020000324                _ebss = .
                0x0000000020000324                __bss_end__ = _ebss

._user_heap_stack
                0x0000000020000324      0x604 load address 0x0000000008005200
                0x0000000020000328                . = ALIGN (0x8)
 *fill*         0x0000000020000324        0x4 
                [!provide]                        PROVIDE (end = .)
                0x0000000020000328                PROVIDE (_end = .)
                0x0000000020000528                . = (. + _Min_Heap_Size)
 *fill*         0x0000000020000328      0x200 
                0x0000000020000928                . = (. + _Min_Stack_Size)
 *fill*         0x0000000020000528      0x400 
                0x0000000020000928                . = ALIGN (0x8)

/DISCARD/
 libc.a(*)
 libm.a(*)
 libgcc.a(*)

.ARM.attributes
                0x0000000000000000       0x29
 *(.ARM.attributes)
 .ARM.attributes
                0x0000000000000000       0x1d c:/st/stm32cubeide_1.10.1/stm32cubeide/plugins/com.st.stm32cube.ide.mcu.externaltools.gnu-tools-for-stm32.10.3-2021.10.win32_1.0.0.202111181127/tools/bin/../lib/gcc/arm-none-eabi/10.3.1/thumb/v7-m/nofp/crti.o
 .ARM.attributes
                0x000000000000001d       0x2d c:/st/stm32cubeide_1.10.1/stm32cubeide/plugins/com.st.stm32cube.ide.mcu.externaltools.gnu-tools-for-stm32.10.3-2021.10.win32_1.0.0.202111181127/tools/bin/../lib/gcc/arm-none-eabi/10.3.1/thumb/v7-m/nofp/crtbegin.o
 .ARM.attributes
                0x000000000000004a       0x2d ./App/Alarm.o
 .ARM.attributes
                0x0000000000000077       0x2d ./App/Rotary_Encoder.o
 .ARM.attributes
                0x00000000000000a4       0x2d ./App/Timeline_Manage.o
 .ARM.attributes
                0x00000000000000d1       0x2d ./App/real_time.o
 .ARM.attributes
                0x00000000000000fe       0x2d ./App/Menu/Main_Menu.o
 .ARM.attributes
                0x000000000000012b       0x2d ./App/Menu/Menu.o
 .ARM.attributes
                0x0000000000000158       0x2d ./App/Menu/Setting_Menu.o
 .ARM.attributes
                0x0000000000000185       0x2d ./App/Menu/Setting_Realtime_Menu.o
 .ARM.attributes
                0x00000000000001b2       0x2d ./App/Menu/Setting_Timeline_Menu.o
 .ARM.attributes
                0x00000000000001df       0x2d ./App/Menu/Timeline_List_Menu.o
 .ARM.attributes
                0x000000000000020c       0x2d ./Core/Src/main.o
 .ARM.attributes
                0x0000000000000239       0x2d ./Core/Src/stm32f1xx_hal_msp.o
 .ARM.attributes
                0x0000000000000266       0x2d ./Core/Src/stm32f1xx_it.o
 .ARM.attributes
                0x0000000000000293       0x2d ./Core/Src/sysmem.o
 .ARM.attributes
                0x00000000000002c0       0x2d ./Core/Src/system_stm32f1xx.o
 .ARM.attributes
                0x00000000000002ed       0x21 ./Core/Startup/startup_stm32f103c8tx.o
 .ARM.attributes
                0x000000000000030e       0x2d ./Drivers/STM32F1xx_HAL_Driver/Src/stm32f1xx_hal.o
 .ARM.attributes
                0x000000000000033b       0x2d ./Drivers/STM32F1xx_HAL_Driver/Src/stm32f1xx_hal_adc.o
 .ARM.attributes
                0x0000000000000368       0x2d ./Drivers/STM32F1xx_HAL_Driver/Src/stm32f1xx_hal_adc_ex.o
 .ARM.attributes
                0x0000000000000395       0x2d ./Drivers/STM32F1xx_HAL_Driver/Src/stm32f1xx_hal_cortex.o
 .ARM.attributes
                0x00000000000003c2       0x2d ./Drivers/STM32F1xx_HAL_Driver/Src/stm32f1xx_hal_flash.o
 .ARM.attributes
                0x00000000000003ef       0x2d ./Drivers/STM32F1xx_HAL_Driver/Src/stm32f1xx_hal_flash_ex.o
 .ARM.attributes
                0x000000000000041c       0x2d ./Drivers/STM32F1xx_HAL_Driver/Src/stm32f1xx_hal_gpio.o
 .ARM.attributes
                0x0000000000000449       0x2d ./Drivers/STM32F1xx_HAL_Driver/Src/stm32f1xx_hal_i2c.o
 .ARM.attributes
                0x0000000000000476       0x2d ./Drivers/STM32F1xx_HAL_Driver/Src/stm32f1xx_hal_pwr.o
 .ARM.attributes
                0x00000000000004a3       0x2d ./Drivers/STM32F1xx_HAL_Driver/Src/stm32f1xx_hal_rcc.o
 .ARM.attributes
                0x00000000000004d0       0x2d ./Drivers/STM32F1xx_HAL_Driver/Src/stm32f1xx_hal_rcc_ex.o
 .ARM.attributes
                0x00000000000004fd       0x2d ./Drivers/STM32F1xx_HAL_Driver/Src/stm32f1xx_hal_rtc.o
 .ARM.attributes
                0x000000000000052a       0x2d ./Drivers/STM32F1xx_HAL_Driver/Src/stm32f1xx_hal_tim.o
 .ARM.attributes
                0x0000000000000557       0x2d ./Drivers/STM32F1xx_HAL_Driver/Src/stm32f1xx_hal_tim_ex.o
 .ARM.attributes
                0x0000000000000584       0x2d ./Libraries/DHT.o
 .ARM.attributes
                0x00000000000005b1       0x2d ./Libraries/DS3231.o
 .ARM.attributes
                0x00000000000005de       0x2d ./Libraries/Delay_us.o
 .ARM.attributes
                0x000000000000060b       0x2d ./Libraries/Encoder.o
 .ARM.attributes
                0x0000000000000638       0x2d ./Libraries/LCD_I2C.o
 .ARM.attributes
                0x0000000000000665       0x2d ./Libraries/button.o
 .ARM.attributes
                0x0000000000000692       0x2d ./Libraries/flash.o
 .ARM.attributes
                0x00000000000006bf       0x2d c:/st/stm32cubeide_1.10.1/stm32cubeide/plugins/com.st.stm32cube.ide.mcu.externaltools.gnu-tools-for-stm32.10.3-2021.10.win32_1.0.0.202111181127/tools/bin/../lib/gcc/arm-none-eabi/10.3.1/../../../../arm-none-eabi/lib/thumb/v7-m/nofp\libc_nano.a(lib_a-errno.o)
 .ARM.attributes
                0x00000000000006ec       0x2d c:/st/stm32cubeide_1.10.1/stm32cubeide/plugins/com.st.stm32cube.ide.mcu.externaltools.gnu-tools-for-stm32.10.3-2021.10.win32_1.0.0.202111181127/tools/bin/../lib/gcc/arm-none-eabi/10.3.1/../../../../arm-none-eabi/lib/thumb/v7-m/nofp\libc_nano.a(lib_a-impure.o)
 .ARM.attributes
                0x0000000000000719       0x2d c:/st/stm32cubeide_1.10.1/stm32cubeide/plugins/com.st.stm32cube.ide.mcu.externaltools.gnu-tools-for-stm32.10.3-2021.10.win32_1.0.0.202111181127/tools/bin/../lib/gcc/arm-none-eabi/10.3.1/../../../../arm-none-eabi/lib/thumb/v7-m/nofp\libc_nano.a(lib_a-init.o)
 .ARM.attributes
                0x0000000000000746       0x2d c:/st/stm32cubeide_1.10.1/stm32cubeide/plugins/com.st.stm32cube.ide.mcu.externaltools.gnu-tools-for-stm32.10.3-2021.10.win32_1.0.0.202111181127/tools/bin/../lib/gcc/arm-none-eabi/10.3.1/../../../../arm-none-eabi/lib/thumb/v7-m/nofp\libc_nano.a(lib_a-malloc.o)
 .ARM.attributes
                0x0000000000000773       0x2d c:/st/stm32cubeide_1.10.1/stm32cubeide/plugins/com.st.stm32cube.ide.mcu.externaltools.gnu-tools-for-stm32.10.3-2021.10.win32_1.0.0.202111181127/tools/bin/../lib/gcc/arm-none-eabi/10.3.1/../../../../arm-none-eabi/lib/thumb/v7-m/nofp\libc_nano.a(lib_a-memcpy-stub.o)
 .ARM.attributes
                0x00000000000007a0       0x2d c:/st/stm32cubeide_1.10.1/stm32cubeide/plugins/com.st.stm32cube.ide.mcu.externaltools.gnu-tools-for-stm32.10.3-2021.10.win32_1.0.0.202111181127/tools/bin/../lib/gcc/arm-none-eabi/10.3.1/../../../../arm-none-eabi/lib/thumb/v7-m/nofp\libc_nano.a(lib_a-memset.o)
 .ARM.attributes
                0x00000000000007cd       0x2d c:/st/stm32cubeide_1.10.1/stm32cubeide/plugins/com.st.stm32cube.ide.mcu.externaltools.gnu-tools-for-stm32.10.3-2021.10.win32_1.0.0.202111181127/tools/bin/../lib/gcc/arm-none-eabi/10.3.1/../../../../arm-none-eabi/lib/thumb/v7-m/nofp\libc_nano.a(lib_a-nano-freer.o)
 .ARM.attributes
                0x00000000000007fa       0x2d c:/st/stm32cubeide_1.10.1/stm32cubeide/plugins/com.st.stm32cube.ide.mcu.externaltools.gnu-tools-for-stm32.10.3-2021.10.win32_1.0.0.202111181127/tools/bin/../lib/gcc/arm-none-eabi/10.3.1/../../../../arm-none-eabi/lib/thumb/v7-m/nofp\libc_nano.a(lib_a-nano-mallocr.o)
 .ARM.attributes
                0x0000000000000827       0x2d c:/st/stm32cubeide_1.10.1/stm32cubeide/plugins/com.st.stm32cube.ide.mcu.externaltools.gnu-tools-for-stm32.10.3-2021.10.win32_1.0.0.202111181127/tools/bin/../lib/gcc/arm-none-eabi/10.3.1/../../../../arm-none-eabi/lib/thumb/v7-m/nofp\libc_nano.a(lib_a-sbrkr.o)
 .ARM.attributes
                0x0000000000000854       0x2d c:/st/stm32cubeide_1.10.1/stm32cubeide/plugins/com.st.stm32cube.ide.mcu.externaltools.gnu-tools-for-stm32.10.3-2021.10.win32_1.0.0.202111181127/tools/bin/../lib/gcc/arm-none-eabi/10.3.1/../../../../arm-none-eabi/lib/thumb/v7-m/nofp\libc_nano.a(lib_a-strcpy.o)
 .ARM.attributes
                0x0000000000000881       0x17 c:/st/stm32cubeide_1.10.1/stm32cubeide/plugins/com.st.stm32cube.ide.mcu.externaltools.gnu-tools-for-stm32.10.3-2021.10.win32_1.0.0.202111181127/tools/bin/../lib/gcc/arm-none-eabi/10.3.1/../../../../arm-none-eabi/lib/thumb/v7-m/nofp\libc_nano.a(lib_a-strlen.o)
 .ARM.attributes
                0x0000000000000898       0x2d c:/st/stm32cubeide_1.10.1/stm32cubeide/plugins/com.st.stm32cube.ide.mcu.externaltools.gnu-tools-for-stm32.10.3-2021.10.win32_1.0.0.202111181127/tools/bin/../lib/gcc/arm-none-eabi/10.3.1/../../../../arm-none-eabi/lib/thumb/v7-m/nofp\libc_nano.a(lib_a-vsprintf.o)
 .ARM.attributes
                0x00000000000008c5       0x2d c:/st/stm32cubeide_1.10.1/stm32cubeide/plugins/com.st.stm32cube.ide.mcu.externaltools.gnu-tools-for-stm32.10.3-2021.10.win32_1.0.0.202111181127/tools/bin/../lib/gcc/arm-none-eabi/10.3.1/../../../../arm-none-eabi/lib/thumb/v7-m/nofp\libc_nano.a(lib_a-mlock.o)
 .ARM.attributes
                0x00000000000008f2       0x2d c:/st/stm32cubeide_1.10.1/stm32cubeide/plugins/com.st.stm32cube.ide.mcu.externaltools.gnu-tools-for-stm32.10.3-2021.10.win32_1.0.0.202111181127/tools/bin/../lib/gcc/arm-none-eabi/10.3.1/../../../../arm-none-eabi/lib/thumb/v7-m/nofp\libc_nano.a(lib_a-nano-svfprintf.o)
 .ARM.attributes
                0x000000000000091f       0x2d c:/st/stm32cubeide_1.10.1/stm32cubeide/plugins/com.st.stm32cube.ide.mcu.externaltools.gnu-tools-for-stm32.10.3-2021.10.win32_1.0.0.202111181127/tools/bin/../lib/gcc/arm-none-eabi/10.3.1/../../../../arm-none-eabi/lib/thumb/v7-m/nofp\libc_nano.a(lib_a-nano-vfprintf_i.o)
 .ARM.attributes
                0x000000000000094c       0x2d c:/st/stm32cubeide_1.10.1/stm32cubeide/plugins/com.st.stm32cube.ide.mcu.externaltools.gnu-tools-for-stm32.10.3-2021.10.win32_1.0.0.202111181127/tools/bin/../lib/gcc/arm-none-eabi/10.3.1/../../../../arm-none-eabi/lib/thumb/v7-m/nofp\libc_nano.a(lib_a-reent.o)
 .ARM.attributes
                0x0000000000000979       0x2d c:/st/stm32cubeide_1.10.1/stm32cubeide/plugins/com.st.stm32cube.ide.mcu.externaltools.gnu-tools-for-stm32.10.3-2021.10.win32_1.0.0.202111181127/tools/bin/../lib/gcc/arm-none-eabi/10.3.1/../../../../arm-none-eabi/lib/thumb/v7-m/nofp\libc_nano.a(lib_a-lock.o)
 .ARM.attributes
                0x00000000000009a6       0x2d c:/st/stm32cubeide_1.10.1/stm32cubeide/plugins/com.st.stm32cube.ide.mcu.externaltools.gnu-tools-for-stm32.10.3-2021.10.win32_1.0.0.202111181127/tools/bin/../lib/gcc/arm-none-eabi/10.3.1/../../../../arm-none-eabi/lib/thumb/v7-m/nofp\libc_nano.a(lib_a-memchr-stub.o)
 .ARM.attributes
                0x00000000000009d3       0x2d c:/st/stm32cubeide_1.10.1/stm32cubeide/plugins/com.st.stm32cube.ide.mcu.externaltools.gnu-tools-for-stm32.10.3-2021.10.win32_1.0.0.202111181127/tools/bin/../lib/gcc/arm-none-eabi/10.3.1/../../../../arm-none-eabi/lib/thumb/v7-m/nofp\libc_nano.a(lib_a-memmove.o)
 .ARM.attributes
                0x0000000000000a00       0x2d c:/st/stm32cubeide_1.10.1/stm32cubeide/plugins/com.st.stm32cube.ide.mcu.externaltools.gnu-tools-for-stm32.10.3-2021.10.win32_1.0.0.202111181127/tools/bin/../lib/gcc/arm-none-eabi/10.3.1/../../../../arm-none-eabi/lib/thumb/v7-m/nofp\libc_nano.a(lib_a-nano-reallocr.o)
 .ARM.attributes
                0x0000000000000a2d       0x2d c:/st/stm32cubeide_1.10.1/stm32cubeide/plugins/com.st.stm32cube.ide.mcu.externaltools.gnu-tools-for-stm32.10.3-2021.10.win32_1.0.0.202111181127/tools/bin/../lib/gcc/arm-none-eabi/10.3.1/../../../../arm-none-eabi/lib/thumb/v7-m/nofp\libc_nano.a(lib_a-nano-msizer.o)
 .ARM.attributes
                0x0000000000000a5a       0x1d c:/st/stm32cubeide_1.10.1/stm32cubeide/plugins/com.st.stm32cube.ide.mcu.externaltools.gnu-tools-for-stm32.10.3-2021.10.win32_1.0.0.202111181127/tools/bin/../lib/gcc/arm-none-eabi/10.3.1/thumb/v7-m/nofp\libgcc.a(_arm_addsubdf3.o)
 .ARM.attributes
                0x0000000000000a77       0x1d c:/st/stm32cubeide_1.10.1/stm32cubeide/plugins/com.st.stm32cube.ide.mcu.externaltools.gnu-tools-for-stm32.10.3-2021.10.win32_1.0.0.202111181127/tools/bin/../lib/gcc/arm-none-eabi/10.3.1/thumb/v7-m/nofp\libgcc.a(_arm_truncdfsf2.o)
 .ARM.attributes
                0x0000000000000a94       0x1d c:/st/stm32cubeide_1.10.1/stm32cubeide/plugins/com.st.stm32cube.ide.mcu.externaltools.gnu-tools-for-stm32.10.3-2021.10.win32_1.0.0.202111181127/tools/bin/../lib/gcc/arm-none-eabi/10.3.1/thumb/v7-m/nofp\libgcc.a(_arm_fixunssfsi.o)
 .ARM.attributes
                0x0000000000000ab1       0x1d c:/st/stm32cubeide_1.10.1/stm32cubeide/plugins/com.st.stm32cube.ide.mcu.externaltools.gnu-tools-for-stm32.10.3-2021.10.win32_1.0.0.202111181127/tools/bin/../lib/gcc/arm-none-eabi/10.3.1/thumb/v7-m/nofp/crtn.o
OUTPUT(Digital_Clock_1.0.elf elf32-littlearm)
LOAD linker stubs
LOAD c:/st/stm32cubeide_1.10.1/stm32cubeide/plugins/com.st.stm32cube.ide.mcu.externaltools.gnu-tools-for-stm32.10.3-2021.10.win32_1.0.0.202111181127/tools/bin/../lib/gcc/arm-none-eabi/10.3.1/../../../../arm-none-eabi/lib/thumb/v7-m/nofp\libc.a
LOAD c:/st/stm32cubeide_1.10.1/stm32cubeide/plugins/com.st.stm32cube.ide.mcu.externaltools.gnu-tools-for-stm32.10.3-2021.10.win32_1.0.0.202111181127/tools/bin/../lib/gcc/arm-none-eabi/10.3.1/../../../../arm-none-eabi/lib/thumb/v7-m/nofp\libm.a
LOAD c:/st/stm32cubeide_1.10.1/stm32cubeide/plugins/com.st.stm32cube.ide.mcu.externaltools.gnu-tools-for-stm32.10.3-2021.10.win32_1.0.0.202111181127/tools/bin/../lib/gcc/arm-none-eabi/10.3.1/thumb/v7-m/nofp\libgcc.a

.debug_info     0x0000000000000000    0x1ed02
 .debug_info    0x0000000000000000      0x5bb ./App/Alarm.o
 .debug_info    0x00000000000005bb     0x1233 ./App/Rotary_Encoder.o
 .debug_info    0x00000000000017ee      0x4b4 ./App/Timeline_Manage.o
 .debug_info    0x0000000000001ca2      0x9a7 ./App/real_time.o
 .debug_info    0x0000000000002649      0xea9 ./App/Menu/Main_Menu.o
 .debug_info    0x00000000000034f2      0x7ff ./App/Menu/Menu.o
 .debug_info    0x0000000000003cf1      0x980 ./App/Menu/Setting_Menu.o
 .debug_info    0x0000000000004671      0xbc9 ./App/Menu/Setting_Realtime_Menu.o
 .debug_info    0x000000000000523a      0xb23 ./App/Menu/Setting_Timeline_Menu.o
 .debug_info    0x0000000000005d5d      0xb97 ./App/Menu/Timeline_List_Menu.o
 .debug_info    0x00000000000068f4     0x2088 ./Core/Src/main.o
 .debug_info    0x000000000000897c     0x15b0 ./Core/Src/stm32f1xx_hal_msp.o
 .debug_info    0x0000000000009f2c      0x95b ./Core/Src/stm32f1xx_it.o
 .debug_info    0x000000000000a887      0x17e ./Core/Src/sysmem.o
 .debug_info    0x000000000000aa05      0x24c ./Core/Src/system_stm32f1xx.o
 .debug_info    0x000000000000ac51       0x22 ./Core/Startup/startup_stm32f103c8tx.o
 .debug_info    0x000000000000ac73      0x808 ./Drivers/STM32F1xx_HAL_Driver/Src/stm32f1xx_hal.o
 .debug_info    0x000000000000b47b      0xf60 ./Drivers/STM32F1xx_HAL_Driver/Src/stm32f1xx_hal_adc.o
 .debug_info    0x000000000000c3db      0xca9 ./Drivers/STM32F1xx_HAL_Driver/Src/stm32f1xx_hal_adc_ex.o
 .debug_info    0x000000000000d084      0xd6a ./Drivers/STM32F1xx_HAL_Driver/Src/stm32f1xx_hal_cortex.o
 .debug_info    0x000000000000ddee      0x6b4 ./Drivers/STM32F1xx_HAL_Driver/Src/stm32f1xx_hal_flash.o
 .debug_info    0x000000000000e4a2      0xc22 ./Drivers/STM32F1xx_HAL_Driver/Src/stm32f1xx_hal_flash_ex.o
 .debug_info    0x000000000000f0c4      0x66f ./Drivers/STM32F1xx_HAL_Driver/Src/stm32f1xx_hal_gpio.o
 .debug_info    0x000000000000f733     0x3b04 ./Drivers/STM32F1xx_HAL_Driver/Src/stm32f1xx_hal_i2c.o
 .debug_info    0x0000000000013237      0x6a5 ./Drivers/STM32F1xx_HAL_Driver/Src/stm32f1xx_hal_pwr.o
 .debug_info    0x00000000000138dc      0xa89 ./Drivers/STM32F1xx_HAL_Driver/Src/stm32f1xx_hal_rcc.o
 .debug_info    0x0000000000014365      0x43f ./Drivers/STM32F1xx_HAL_Driver/Src/stm32f1xx_hal_rcc_ex.o
 .debug_info    0x00000000000147a4     0x148f ./Drivers/STM32F1xx_HAL_Driver/Src/stm32f1xx_hal_rtc.o
 .debug_info    0x0000000000015c33     0x40a9 ./Drivers/STM32F1xx_HAL_Driver/Src/stm32f1xx_hal_tim.o
 .debug_info    0x0000000000019cdc     0x18f6 ./Drivers/STM32F1xx_HAL_Driver/Src/stm32f1xx_hal_tim_ex.o
 .debug_info    0x000000000001b5d2      0x6a1 ./Libraries/DHT.o
 .debug_info    0x000000000001bc73      0xba7 ./Libraries/DS3231.o
 .debug_info    0x000000000001c81a      0x6df ./Libraries/Delay_us.o
 .debug_info    0x000000000001cef9      0x7b7 ./Libraries/Encoder.o
 .debug_info    0x000000000001d6b0      0xf18 ./Libraries/LCD_I2C.o
 .debug_info    0x000000000001e5c8      0x3d8 ./Libraries/button.o
 .debug_info    0x000000000001e9a0      0x362 ./Libraries/flash.o

.debug_abbrev   0x0000000000000000     0x5717
 .debug_abbrev  0x0000000000000000      0x2d4 ./App/Alarm.o
 .debug_abbrev  0x00000000000002d4      0x265 ./App/Rotary_Encoder.o
 .debug_abbrev  0x0000000000000539      0x1f1 ./App/Timeline_Manage.o
 .debug_abbrev  0x000000000000072a      0x21e ./App/real_time.o
 .debug_abbrev  0x0000000000000948      0x286 ./App/Menu/Main_Menu.o
 .debug_abbrev  0x0000000000000bce      0x1a0 ./App/Menu/Menu.o
 .debug_abbrev  0x0000000000000d6e      0x1cf ./App/Menu/Setting_Menu.o
 .debug_abbrev  0x0000000000000f3d      0x24d ./App/Menu/Setting_Realtime_Menu.o
 .debug_abbrev  0x000000000000118a      0x263 ./App/Menu/Setting_Timeline_Menu.o
 .debug_abbrev  0x00000000000013ed      0x2eb ./App/Menu/Timeline_List_Menu.o
 .debug_abbrev  0x00000000000016d8      0x38f ./Core/Src/main.o
 .debug_abbrev  0x0000000000001a67      0x2aa ./Core/Src/stm32f1xx_hal_msp.o
 .debug_abbrev  0x0000000000001d11      0x1d9 ./Core/Src/stm32f1xx_it.o
 .debug_abbrev  0x0000000000001eea       0xec ./Core/Src/sysmem.o
 .debug_abbrev  0x0000000000001fd6      0x141 ./Core/Src/system_stm32f1xx.o
 .debug_abbrev  0x0000000000002117       0x12 ./Core/Startup/startup_stm32f103c8tx.o
 .debug_abbrev  0x0000000000002129      0x277 ./Drivers/STM32F1xx_HAL_Driver/Src/stm32f1xx_hal.o
 .debug_abbrev  0x00000000000023a0      0x2f9 ./Drivers/STM32F1xx_HAL_Driver/Src/stm32f1xx_hal_adc.o
 .debug_abbrev  0x0000000000002699      0x288 ./Drivers/STM32F1xx_HAL_Driver/Src/stm32f1xx_hal_adc_ex.o
 .debug_abbrev  0x0000000000002921      0x352 ./Drivers/STM32F1xx_HAL_Driver/Src/stm32f1xx_hal_cortex.o
 .debug_abbrev  0x0000000000002c73      0x30b ./Drivers/STM32F1xx_HAL_Driver/Src/stm32f1xx_hal_flash.o
 .debug_abbrev  0x0000000000002f7e      0x2f6 ./Drivers/STM32F1xx_HAL_Driver/Src/stm32f1xx_hal_flash_ex.o
 .debug_abbrev  0x0000000000003274      0x1e7 ./Drivers/STM32F1xx_HAL_Driver/Src/stm32f1xx_hal_gpio.o
 .debug_abbrev  0x000000000000345b      0x43b ./Drivers/STM32F1xx_HAL_Driver/Src/stm32f1xx_hal_i2c.o
 .debug_abbrev  0x0000000000003896      0x1e1 ./Drivers/STM32F1xx_HAL_Driver/Src/stm32f1xx_hal_pwr.o
 .debug_abbrev  0x0000000000003a77      0x2f5 ./Drivers/STM32F1xx_HAL_Driver/Src/stm32f1xx_hal_rcc.o
 .debug_abbrev  0x0000000000003d6c      0x1d3 ./Drivers/STM32F1xx_HAL_Driver/Src/stm32f1xx_hal_rcc_ex.o
 .debug_abbrev  0x0000000000003f3f      0x33e ./Drivers/STM32F1xx_HAL_Driver/Src/stm32f1xx_hal_rtc.o
 .debug_abbrev  0x000000000000427d      0x375 ./Drivers/STM32F1xx_HAL_Driver/Src/stm32f1xx_hal_tim.o
 .debug_abbrev  0x00000000000045f2      0x2d1 ./Drivers/STM32F1xx_HAL_Driver/Src/stm32f1xx_hal_tim_ex.o
 .debug_abbrev  0x00000000000048c3      0x2ac ./Libraries/DHT.o
 .debug_abbrev  0x0000000000004b6f      0x218 ./Libraries/DS3231.o
 .debug_abbrev  0x0000000000004d87      0x1b3 ./Libraries/Delay_us.o
 .debug_abbrev  0x0000000000004f3a      0x1e0 ./Libraries/Encoder.o
 .debug_abbrev  0x000000000000511a      0x2a6 ./Libraries/LCD_I2C.o
 .debug_abbrev  0x00000000000053c0      0x1b1 ./Libraries/button.o
 .debug_abbrev  0x0000000000005571      0x1a6 ./Libraries/flash.o

.debug_loc      0x0000000000000000     0xeb50
 .debug_loc     0x0000000000000000       0x8d ./App/Alarm.o
 .debug_loc     0x000000000000008d      0x222 ./App/Rotary_Encoder.o
 .debug_loc     0x00000000000002af      0x263 ./App/Timeline_Manage.o
 .debug_loc     0x0000000000000512       0x32 ./App/real_time.o
 .debug_loc     0x0000000000000544      0x146 ./App/Menu/Main_Menu.o
 .debug_loc     0x000000000000068a       0x25 ./App/Menu/Menu.o
 .debug_loc     0x00000000000006af      0x1a5 ./App/Menu/Setting_Realtime_Menu.o
 .debug_loc     0x0000000000000854       0xfd ./App/Menu/Setting_Timeline_Menu.o
 .debug_loc     0x0000000000000951      0x134 ./App/Menu/Timeline_List_Menu.o
 .debug_loc     0x0000000000000a85      0x19b ./Core/Src/stm32f1xx_hal_msp.o
 .debug_loc     0x0000000000000c20       0x47 ./Core/Src/sysmem.o
 .debug_loc     0x0000000000000c67       0xe7 ./Core/Src/system_stm32f1xx.o
 .debug_loc     0x0000000000000d4e      0x139 ./Drivers/STM32F1xx_HAL_Driver/Src/stm32f1xx_hal.o
 .debug_loc     0x0000000000000e87      0x9d8 ./Drivers/STM32F1xx_HAL_Driver/Src/stm32f1xx_hal_adc.o
 .debug_loc     0x000000000000185f      0x825 ./Drivers/STM32F1xx_HAL_Driver/Src/stm32f1xx_hal_adc_ex.o
 .debug_loc     0x0000000000002084      0x4c5 ./Drivers/STM32F1xx_HAL_Driver/Src/stm32f1xx_hal_cortex.o
 .debug_loc     0x0000000000002549      0x39f ./Drivers/STM32F1xx_HAL_Driver/Src/stm32f1xx_hal_flash.o
 .debug_loc     0x00000000000028e8      0x81f ./Drivers/STM32F1xx_HAL_Driver/Src/stm32f1xx_hal_flash_ex.o
 .debug_loc     0x0000000000003107      0x41b ./Drivers/STM32F1xx_HAL_Driver/Src/stm32f1xx_hal_gpio.o
 .debug_loc     0x0000000000003522     0x385b ./Drivers/STM32F1xx_HAL_Driver/Src/stm32f1xx_hal_i2c.o
 .debug_loc     0x0000000000006d7d       0xe3 ./Drivers/STM32F1xx_HAL_Driver/Src/stm32f1xx_hal_pwr.o
 .debug_loc     0x0000000000006e60      0x5f1 ./Drivers/STM32F1xx_HAL_Driver/Src/stm32f1xx_hal_rcc.o
 .debug_loc     0x0000000000007451      0x38c ./Drivers/STM32F1xx_HAL_Driver/Src/stm32f1xx_hal_rcc_ex.o
 .debug_loc     0x00000000000077dd     0x135b ./Drivers/STM32F1xx_HAL_Driver/Src/stm32f1xx_hal_rtc.o
 .debug_loc     0x0000000000008b38     0x420f ./Drivers/STM32F1xx_HAL_Driver/Src/stm32f1xx_hal_tim.o
 .debug_loc     0x000000000000cd47     0x1198 ./Drivers/STM32F1xx_HAL_Driver/Src/stm32f1xx_hal_tim_ex.o
 .debug_loc     0x000000000000dedf      0x1d2 ./Libraries/DHT.o
 .debug_loc     0x000000000000e0b1      0x268 ./Libraries/DS3231.o
 .debug_loc     0x000000000000e319       0x32 ./Libraries/Delay_us.o
 .debug_loc     0x000000000000e34b       0x76 ./Libraries/Encoder.o
 .debug_loc     0x000000000000e3c1      0x569 ./Libraries/LCD_I2C.o
 .debug_loc     0x000000000000e92a       0xa9 ./Libraries/button.o
 .debug_loc     0x000000000000e9d3      0x17d ./Libraries/flash.o

.debug_aranges  0x0000000000000000     0x1140
 .debug_aranges
                0x0000000000000000       0x48 ./App/Alarm.o
 .debug_aranges
                0x0000000000000048       0x48 ./App/Rotary_Encoder.o
 .debug_aranges
                0x0000000000000090       0x50 ./App/Timeline_Manage.o
 .debug_aranges
                0x00000000000000e0       0x30 ./App/real_time.o
 .debug_aranges
                0x0000000000000110       0x40 ./App/Menu/Main_Menu.o
 .debug_aranges
                0x0000000000000150       0x28 ./App/Menu/Menu.o
 .debug_aranges
                0x0000000000000178       0x48 ./App/Menu/Setting_Menu.o
 .debug_aranges
                0x00000000000001c0       0x40 ./App/Menu/Setting_Realtime_Menu.o
 .debug_aranges
                0x0000000000000200       0x40 ./App/Menu/Setting_Timeline_Menu.o
 .debug_aranges
                0x0000000000000240       0x48 ./App/Menu/Timeline_List_Menu.o
 .debug_aranges
                0x0000000000000288       0x38 ./Core/Src/main.o
 .debug_aranges
                0x00000000000002c0       0x70 ./Core/Src/stm32f1xx_hal_msp.o
 .debug_aranges
                0x0000000000000330       0x60 ./Core/Src/stm32f1xx_it.o
 .debug_aranges
                0x0000000000000390       0x20 ./Core/Src/sysmem.o
 .debug_aranges
                0x00000000000003b0       0x28 ./Core/Src/system_stm32f1xx.o
 .debug_aranges
                0x00000000000003d8       0x28 ./Core/Startup/startup_stm32f103c8tx.o
 .debug_aranges
                0x0000000000000400       0xd8 ./Drivers/STM32F1xx_HAL_Driver/Src/stm32f1xx_hal.o
 .debug_aranges
                0x00000000000004d8       0xc8 ./Drivers/STM32F1xx_HAL_Driver/Src/stm32f1xx_hal_adc.o
 .debug_aranges
                0x00000000000005a0       0x80 ./Drivers/STM32F1xx_HAL_Driver/Src/stm32f1xx_hal_adc_ex.o
 .debug_aranges
                0x0000000000000620       0x90 ./Drivers/STM32F1xx_HAL_Driver/Src/stm32f1xx_hal_cortex.o
 .debug_aranges
                0x00000000000006b0       0x78 ./Drivers/STM32F1xx_HAL_Driver/Src/stm32f1xx_hal_flash.o
 .debug_aranges
                0x0000000000000728       0x58 ./Drivers/STM32F1xx_HAL_Driver/Src/stm32f1xx_hal_flash_ex.o
 .debug_aranges
                0x0000000000000780       0x58 ./Drivers/STM32F1xx_HAL_Driver/Src/stm32f1xx_hal_gpio.o
 .debug_aranges
                0x00000000000007d8      0x1b8 ./Drivers/STM32F1xx_HAL_Driver/Src/stm32f1xx_hal_i2c.o
 .debug_aranges
                0x0000000000000990       0xa8 ./Drivers/STM32F1xx_HAL_Driver/Src/stm32f1xx_hal_pwr.o
 .debug_aranges
                0x0000000000000a38       0x88 ./Drivers/STM32F1xx_HAL_Driver/Src/stm32f1xx_hal_rcc.o
 .debug_aranges
                0x0000000000000ac0       0x30 ./Drivers/STM32F1xx_HAL_Driver/Src/stm32f1xx_hal_rcc_ex.o
 .debug_aranges
                0x0000000000000af0       0xd8 ./Drivers/STM32F1xx_HAL_Driver/Src/stm32f1xx_hal_rtc.o
 .debug_aranges
                0x0000000000000bc8      0x298 ./Drivers/STM32F1xx_HAL_Driver/Src/stm32f1xx_hal_tim.o
 .debug_aranges
                0x0000000000000e60      0x118 ./Drivers/STM32F1xx_HAL_Driver/Src/stm32f1xx_hal_tim_ex.o
 .debug_aranges
                0x0000000000000f78       0x30 ./Libraries/DHT.o
 .debug_aranges
                0x0000000000000fa8       0x40 ./Libraries/DS3231.o
 .debug_aranges
                0x0000000000000fe8       0x28 ./Libraries/Delay_us.o
 .debug_aranges
                0x0000000000001010       0x40 ./Libraries/Encoder.o
 .debug_aranges
                0x0000000000001050       0x90 ./Libraries/LCD_I2C.o
 .debug_aranges
                0x00000000000010e0       0x30 ./Libraries/button.o
 .debug_aranges
                0x0000000000001110       0x30 ./Libraries/flash.o

.debug_ranges   0x0000000000000000     0x1e70
 .debug_ranges  0x0000000000000000       0xa0 ./App/Alarm.o
 .debug_ranges  0x00000000000000a0       0xd8 ./App/Rotary_Encoder.o
 .debug_ranges  0x0000000000000178       0xb0 ./App/Timeline_Manage.o
 .debug_ranges  0x0000000000000228       0x20 ./App/real_time.o
 .debug_ranges  0x0000000000000248       0x80 ./App/Menu/Main_Menu.o