Archive member included to satisfy reference by file (symbol)

c:/st/stm32cubeide_1.10.1/stm32cubeide/plugins/com.st.stm32cube.ide.mcu.externaltools.gnu-tools-for-stm32.10.3-2021.10.win32_1.0.0.202111181127/tools/bin/../lib/gcc/arm-none-eabi/10.3.1/../../../../arm-none-eabi/lib/thumb/v7-m/nofp\libc_nano.a(lib_a-errno.o)
                              ./Core/Src/syscalls.o (__errno)
c:/st/stm32cubeide_1.10.1/stm32cubeide/plugins/com.st.stm32cube.ide.mcu.externaltools.gnu-tools-for-stm32.10.3-2021.10.win32_1.0.0.202111181127/tools/bin/../lib/gcc/arm-none-eabi/10.3.1/../../../../arm-none-eabi/lib/thumb/v7-m/nofp\libc_nano.a(lib_a-exit.o)
                              c:/st/stm32cubeide_1.10.1/stm32cubeide/plugins/com.st.stm32cube.ide.mcu.externaltools.gnu-tools-for-stm32.10.3-2021.10.win32_1.0.0.202111181127/tools/bin/../lib/gcc/arm-none-eabi/10.3.1/../../../../arm-none-eabi/lib/thumb/v7-m/nofp/crt0.o (exit)
c:/st/stm32cubeide_1.10.1/stm32cubeide/plugins/com.st.stm32cube.ide.mcu.externaltools.gnu-tools-for-stm32.10.3-2021.10.win32_1.0.0.202111181127/tools/bin/../lib/gcc/arm-none-eabi/10.3.1/../../../../arm-none-eabi/lib/thumb/v7-m/nofp\libc_nano.a(lib_a-impure.o)
                              c:/st/stm32cubeide_1.10.1/stm32cubeide/plugins/com.st.stm32cube.ide.mcu.externaltools.gnu-tools-for-stm32.10.3-2021.10.win32_1.0.0.202111181127/tools/bin/../lib/gcc/arm-none-eabi/10.3.1/../../../../arm-none-eabi/lib/thumb/v7-m/nofp\libc_nano.a(lib_a-exit.o) (_global_impure_ptr)
c:/st/stm32cubeide_1.10.1/stm32cubeide/plugins/com.st.stm32cube.ide.mcu.externaltools.gnu-tools-for-stm32.10.3-2021.10.win32_1.0.0.202111181127/tools/bin/../lib/gcc/arm-none-eabi/10.3.1/../../../../arm-none-eabi/lib/thumb/v7-m/nofp\libc_nano.a(lib_a-init.o)
                              c:/st/stm32cubeide_1.10.1/stm32cubeide/plugins/com.st.stm32cube.ide.mcu.externaltools.gnu-tools-for-stm32.10.3-2021.10.win32_1.0.0.202111181127/tools/bin/../lib/gcc/arm-none-eabi/10.3.1/../../../../arm-none-eabi/lib/thumb/v7-m/nofp/crt0.o (__libc_init_array)
c:/st/stm32cubeide_1.10.1/stm32cubeide/plugins/com.st.stm32cube.ide.mcu.externaltools.gnu-tools-for-stm32.10.3-2021.10.win32_1.0.0.202111181127/tools/bin/../lib/gcc/arm-none-eabi/10.3.1/../../../../arm-none-eabi/lib/thumb/v7-m/nofp\libc_nano.a(lib_a-malloc.o)
                              ./App/Timeline_Manage.o (malloc)
c:/st/stm32cubeide_1.10.1/stm32cubeide/plugins/com.st.stm32cube.ide.mcu.externaltools.gnu-tools-for-stm32.10.3-2021.10.win32_1.0.0.202111181127/tools/bin/../lib/gcc/arm-none-eabi/10.3.1/../../../../arm-none-eabi/lib/thumb/v7-m/nofp\libc_nano.a(lib_a-memset.o)
                              c:/st/stm32cubeide_1.10.1/stm32cubeide/plugins/com.st.stm32cube.ide.mcu.externaltools.gnu-tools-for-stm32.10.3-2021.10.win32_1.0.0.202111181127/tools/bin/../lib/gcc/arm-none-eabi/10.3.1/../../../../arm-none-eabi/lib/thumb/v7-m/nofp/crt0.o (memset)
c:/st/stm32cubeide_1.10.1/stm32cubeide/plugins/com.st.stm32cube.ide.mcu.externaltools.gnu-tools-for-stm32.10.3-2021.10.win32_1.0.0.202111181127/tools/bin/../lib/gcc/arm-none-eabi/10.3.1/../../../../arm-none-eabi/lib/thumb/v7-m/nofp\libc_nano.a(lib_a-nano-freer.o)
                              c:/st/stm32cubeide_1.10.1/stm32cubeide/plugins/com.st.stm32cube.ide.mcu.externaltools.gnu-tools-for-stm32.10.3-2021.10.win32_1.0.0.202111181127/tools/bin/../lib/gcc/arm-none-eabi/10.3.1/../../../../arm-none-eabi/lib/thumb/v7-m/nofp\libc_nano.a(lib_a-malloc.o) (_free_r)
c:/st/stm32cubeide_1.10.1/stm32cubeide/plugins/com.st.stm32cube.ide.mcu.externaltools.gnu-tools-for-stm32.10.3-2021.10.win32_1.0.0.202111181127/tools/bin/../lib/gcc/arm-none-eabi/10.3.1/../../../../arm-none-eabi/lib/thumb/v7-m/nofp\libc_nano.a(lib_a-nano-mallocr.o)
                              c:/st/stm32cubeide_1.10.1/stm32cubeide/plugins/com.st.stm32cube.ide.mcu.externaltools.gnu-tools-for-stm32.10.3-2021.10.win32_1.0.0.202111181127/tools/bin/../lib/gcc/arm-none-eabi/10.3.1/../../../../arm-none-eabi/lib/thumb/v7-m/nofp\libc_nano.a(lib_a-malloc.o) (_malloc_r)
c:/st/stm32cubeide_1.10.1/stm32cubeide/plugins/com.st.stm32cube.ide.mcu.externaltools.gnu-tools-for-stm32.10.3-2021.10.win32_1.0.0.202111181127/tools/bin/../lib/gcc/arm-none-eabi/10.3.1/../../../../arm-none-eabi/lib/thumb/v7-m/nofp\libc_nano.a(lib_a-sbrkr.o)
                              c:/st/stm32cubeide_1.10.1/stm32cubeide/plugins/com.st.stm32cube.ide.mcu.externaltools.gnu-tools-for-stm32.10.3-2021.10.win32_1.0.0.202111181127/tools/bin/../lib/gcc/arm-none-eabi/10.3.1/../../../../arm-none-eabi/lib/thumb/v7-m/nofp\libc_nano.a(lib_a-nano-mallocr.o) (_sbrk_r)
c:/st/stm32cubeide_1.10.1/stm32cubeide/plugins/com.st.stm32cube.ide.mcu.externaltools.gnu-tools-for-stm32.10.3-2021.10.win32_1.0.0.202111181127/tools/bin/../lib/gcc/arm-none-eabi/10.3.1/../../../../arm-none-eabi/lib/thumb/v7-m/nofp\libc_nano.a(lib_a-strcpy.o)
                              ./App/Menu/Main_Menu.o (strcpy)
[...]
Memory Configuration

Name             Origin             Length             Attributes
RAM              0x0000000020000000 0x0000000000005000 xrw
FLASH            0x0000000008000000 0x0000000000010000 xr
*default*        0x0000000000000000 0xffffffffffffffff

Linker script and memory map

LOAD c:/st/stm32cubeide_1.10.1/stm32cubeide/plugins/com.st.stm32cube.ide.mcu.externaltools.gnu-tools-for-stm32.10.3-2021.10.win32_1.0.0.202111181127/tools/bin/../lib/gcc/arm-none-eabi/10.3.1/thumb/v7-m/nofp/crti.o
LOAD c:/st/stm32cubeide_1.10.1/stm32cubeide/plugins/com.st.stm32cube.ide.mcu.externaltools.gnu-tools-for-stm32.10.3-2021.10.win32_1.0.0.202111181127/tools/bin/../lib/gcc/arm-none-eabi/10.3.1/thumb/v7-m/nofp/crtbegin.o
LOAD c:/st/stm32cubeide_1.10.1/stm32cubeide/plugins/com.st.stm32cube.ide.mcu.externaltools.gnu-tools-for-stm32.10.3-2021.10.win32_1.0.0.202111181127/tools/bin/../lib/gcc/arm-none-eabi/10.3.1/../../../../arm-none-eabi/lib/thumb/v7-m/nofp/crt0.o
LOAD ./App/Alarm.o
LOAD ./App/Battery_Value.o
LOAD ./App/Rotary_Encoder.o
LOAD ./App/Timeline_Manage.o
LOAD ./App/real_time.o
LOAD ./App/Menu/Main_Menu.o
LOAD ./App/Menu/Menu.o
LOAD ./App/Menu/Setting_Menu.o
LOAD ./App/Menu/Setting_Realtime_Menu.o
LOAD ./App/Menu/Setting_Timeline_Menu.o
LOAD ./App/Menu/Timeline_List_Menu.o
LOAD ./Core/Src/main.o
LOAD ./Core/Src/stm32f1xx_hal_msp.o
LOAD ./Core/Src/stm32f1xx_it.o
LOAD ./Core/Src/syscalls.o
LOAD ./Core/Src/sysmem.o
LOAD ./Core/Src/system_stm32f1xx.o
LOAD ./Core/Startup/startup_stm32f103c8tx.o
LOAD ./Drivers/STM32F1xx_HAL_Driver/Src/stm32f1xx_hal.o
LOAD ./Drivers/STM32F1xx_HAL_Driver/Src/stm32f1xx_hal_adc.o
LOAD ./Drivers/STM32F1xx_HAL_Driver/Src/stm32f1xx_hal_adc_ex.o
LOAD ./Drivers/STM32F1xx_HAL_Driver/Src/stm32f1xx_hal_cortex.o
LOAD ./Drivers/STM32F1xx_HAL_Driver/Src/stm32f1xx_hal_dma.o
LOAD ./Drivers/STM32F1xx_HAL_Driver/Src/stm32f1xx_hal_exti.o
LOAD ./Drivers/STM32F1xx_HAL_Driver/Src/stm32f1xx_hal_flash.o
LOAD ./Drivers/STM32F1xx_HAL_Driver/Src/stm32f1xx_hal_flash_ex.o
LOAD ./Drivers/STM32F1xx_HAL_Driver/Src/stm32f1xx_hal_gpio.o
LOAD ./Drivers/STM32F1xx_HAL_Driver/Src/stm32f1xx_hal_gpio_ex.o
LOAD ./Drivers/STM32F1xx_HAL_Driver/Src/stm32f1xx_hal_i2c.o
LOAD ./Drivers/STM32F1xx_HAL_Driver/Src/stm32f1xx_hal_pwr.o
LOAD ./Drivers/STM32F1xx_HAL_Driver/Src/stm32f1xx_hal_rcc.o
LOAD ./Drivers/STM32F1xx_HAL_Driver/Src/stm32f1xx_hal_rcc_ex.o
LOAD ./Drivers/STM32F1xx_HAL_Driver/Src/stm32f1xx_hal_rtc.o
LOAD ./Drivers/STM32F1xx_HAL_Driver/Src/stm32f1xx_hal_rtc_ex.o
LOAD ./Drivers/STM32F1xx_HAL_Driver/Src/stm32f1xx_hal_tim.o
LOAD ./Drivers/STM32F1xx_HAL_Driver/Src/stm32f1xx_hal_tim_ex.o
LOAD ./Drivers/STM32F1xx_HAL_Driver/Src/stm32f1xx_hal_uart.o
LOAD ./Libraries/DHT.o
LOAD ./Libraries/DS3231.o
LOAD ./Libraries/Delay_us.o
LOAD ./Libraries/Encoder.o
LOAD ./Libraries/LCD_I2C.o
LOAD ./Libraries/button.o
LOAD ./Libraries/flash.o
START GROUP
LOAD c:/st/stm32cubeide_1.10.1/stm32cubeide/plugins/com.st.stm32cube.ide.mcu.externaltools.gnu-tools-for-stm32.10.3-2021.10.win32_1.0.0.202111181127/tools/bin/../lib/gcc/arm-none-eabi/10.3.1/../../../../arm-none-eabi/lib/thumb/v7-m/nofp\libc_nano.a
LOAD c:/st/stm32cubeide_1.10.1/stm32cubeide/plugins/com.st.stm32cube.ide.mcu.externaltools.gnu-tools-for-stm32.10.3-2021.10.win32_1.0.0.202111181127/tools/bin/../lib/gcc/arm-none-eabi/10.3.1/../../../../arm-none-eabi/lib/thumb/v7-m/nofp\libm.a
END GROUP
START GROUP
LOAD c:/st/stm32cubeide_1.10.1/stm32cubeide/plugins/com.st.stm32cube.ide.mcu.externaltools.gnu-tools-for-stm32.10.3-2021.10.win32_1.0.0.202111181127/tools/bin/../lib/gcc/arm-none-eabi/10.3.1/thumb/v7-m/nofp\libgcc.a
LOAD c:/st/stm32cubeide_1.10.1/stm32cubeide/plugins/com.st.stm32cube.ide.mcu.externaltools.gnu-tools-for-stm32.10.3-2021.10.win32_1.0.0.202111181127/tools/bin/../lib/gcc/arm-none-eabi/10.3.1/../../../../arm-none-eabi/lib/thumb/v7-m/nofp\libc_nano.a
END GROUP
START GROUP
LOAD c:/st/stm32cubeide_1.10.1/stm32cubeide/plugins/com.st.stm32cube.ide.mcu.externaltools.gnu-tools-for-stm32.10.3-2021.10.win32_1.0.0.202111181127/tools/bin/../lib/gcc/arm-none-eabi/10.3.1/thumb/v7-m/nofp\libgcc.a
LOAD c:/st/stm32cubeide_1.10.1/stm32cubeide/plugins/com.st.stm32cube.ide.mcu.externaltools.gnu-tools-for-stm32.10.3-2021.10.win32_1.0.0.202111181127/tools/bin/../lib/gcc/arm-none-eabi/10.3.1/../../../../arm-none-eabi/lib/thumb/v7-m/nofp\libc_nano.a
LOAD c:/st/stm32cubeide_1.10.1/stm32cubeide/plugins/com.st.stm32cube.ide.mcu.externaltools.gnu-tools-for-stm32.10.3-2021.10.win32_1.0.0.202111181127/tools/bin/../lib/gcc/arm-none-eabi/10.3.1/../../../../arm-none-eabi/lib/thumb/v7-m/nofp\libnosys.a
END GROUP
START GROUP
LOAD c:/st/stm32cubeide_1.10.1/stm32cubeide/plugins/com.st.stm32cube.ide.mcu.externaltools.gnu-tools-for-stm32.10.3-2021.10.win32_1.0.0.202111181127/tools/bin/../lib/gcc/arm-none-eabi/10.3.1/thumb/v7-m/nofp\libgcc.a
LOAD c:/st/stm32cubeide_1.10.1/stm32cubeide/plugins/com.st.stm32cube.ide.mcu.externaltools.gnu-tools-for-stm32.10.3-2021.10.win32_1.0.0.202111181127/tools/bin/../lib/gcc/arm-none-eabi/10.3.1/../../../../arm-none-eabi/lib/thumb/v7-m/nofp\libc_nano.a
LOAD c:/st/stm32cubeide_1.10.1/stm32cubeide/plugins/com.st.stm32cube.ide.mcu.externaltools.gnu-tools-for-stm32.10.3-2021.10.win32_1.0.0.202111181127/tools/bin/../lib/gcc/arm-none-eabi/10.3.1/../../../../arm-none-eabi/lib/thumb/v7-m/nofp\libnosys.a
END GROUP
LOAD c:/st/stm32cubeide_1.10.1/stm32cubeide/plugins/com.st.stm32cube.ide.mcu.externaltools.gnu-tools-for-stm32.10.3-2021.10.win32_1.0.0.202111181127/tools/bin/../lib/gcc/arm-none-eabi/10.3.1/thumb/v7-m/nofp/crtend.o
LOAD c:/st/stm32cubeide_1.10.1/stm32cubeide/plugins/com.st.stm32cube.ide.mcu.externaltools.gnu-tools-for-stm32.10.3-2021.10.win32_1.0.0.202111181127/tools/bin/../lib/gcc/arm-none-eabi/10.3.1/thumb/v7-m/nofp/crtn.o
                0x0000000020005000                _estack = (ORIGIN (RAM) + LENGTH (RAM))
                0x0000000000000200                _Min_Heap_Size = 0x200
                0x0000000000000400                _Min_Stack_Size = 0x400

.isr_vector     0x0000000008000000      0x10c
                0x0000000008000000                . = ALIGN (0x4)
 *(.isr_vector)
 .isr_vector    0x0000000008000000      0x10c ./Core/Startup/startup_stm32f103c8tx.o
                0x0000000008000000                g_pfnVectors
                0x000000000800010c                . = ALIGN (0x4)

.text           0x0000000008000110     0x9258
                0x0000000008000110                . = ALIGN (0x4)
 *(.text)
 .text          0x0000000008000110       0x40 c:/st/stm32cubeide_1.10.1/stm32cubeide/plugins/com.st.stm32cube.ide.mcu.externaltools.gnu-tools-for-stm32.10.3-2021.10.win32_1.0.0.202111181127/tools/bin/../lib/gcc/arm-none-eabi/10.3.1/thumb/v7-m/nofp/crtbegin.o
 .text          0x0000000008000150       0x10 c:/st/stm32cubeide_1.10.1/stm32cubeide/plugins/com.st.stm32cube.ide.mcu.externaltools.gnu-tools-for-stm32.10.3-2021.10.win32_1.0.0.202111181127/tools/bin/../lib/gcc/arm-none-eabi/10.3.1/../../../../arm-none-eabi/lib/thumb/v7-m/nofp\libc_nano.a(lib_a-strlen.o)
                0x0000000008000150                strlen
 .text          0x0000000008000160      0x378 c:/st/stm32cubeide_1.10.1/stm32cubeide/plugins/com.st.stm32cube.ide.mcu.externaltools.gnu-tools-for-stm32.10.3-2021.10.win32_1.0.0.202111181127/tools/bin/../lib/gcc/arm-none-eabi/10.3.1/thumb/v7-m/nofp\libgcc.a(_arm_addsubdf3.o)
                0x0000000008000160                __aeabi_drsub
                0x0000000008000168                __aeabi_dsub
                0x0000000008000168                __subdf3
                0x000000000800016c                __aeabi_dadd
                0x000000000800016c                __adddf3
                0x00000000080003e4                __floatunsidf
                0x00000000080003e4                __aeabi_ui2d
                0x0000000008000404                __floatsidf
                0x0000000008000404                __aeabi_i2d
                0x0000000008000428                __aeabi_f2d
                0x0000000008000428                __extendsfdf2
                0x000000000800046c                __floatundidf
                0x000000000800046c                __aeabi_ul2d
                0x000000000800047c                __floatdidf
                0x000000000800047c                __aeabi_l2d
 .text          0x00000000080004d8      0x424 c:/st/stm32cubeide_1.10.1/stm32cubeide/plugins/com.st.stm32cube.ide.mcu.externaltools.gnu-tools-for-stm32.10.3-2021.10.win32_1.0.0.202111181127/tools/bin/../lib/gcc/arm-none-eabi/10.3.1/thumb/v7-m/nofp\libgcc.a(_arm_muldivdf3.o)
                0x00000000080004d8                __aeabi_dmul
                0x00000000080004d8                __muldf3
                0x000000000800072c                __divdf3
                0x000000000800072c                __aeabi_ddiv
 .text          0x00000000080008fc       0x40 c:/st/stm32cubeide_1.10.1/stm32cubeide/plugins/com.st.stm32cube.ide.mcu.externaltools.gnu-tools-for-stm32.10.3-2021.10.win32_1.0.0.202111181127/tools/bin/../lib/gcc/arm-none-eabi/10.3.1/thumb/v7-m/nofp\libgcc.a(_arm_fixunsdfsi.o)
                0x00000000080008fc                __aeabi_d2uiz
                0x00000000080008fc                __fixunsdfsi
 .text          0x000000000800093c       0xa0 c:/st/stm32cubeide_1.10.1/stm32cubeide/plugins/com.st.stm32cube.ide.mcu.externaltools.gnu-tools-for-stm32.10.3-2021.10.win32_1.0.0.202111181127/tools/bin/../lib/gcc/arm-none-eabi/10.3.1/thumb/v7-m/nofp\libgcc.a(_arm_truncdfsf2.o)
                0x000000000800093c                __truncdfsf2
                0x000000000800093c                __aeabi_d2f
 .text          0x00000000080009dc       0x40 c:/st/stm32cubeide_1.10.1/stm32cubeide/plugins/com.st.stm32cube.ide.mcu.externaltools.gnu-tools-for-stm32.10.3-2021.10.win32_1.0.0.202111181127/tools/bin/../lib/gcc/arm-none-eabi/10.3.1/thumb/v7-m/nofp\libgcc.a(_arm_fixunssfsi.o)
                0x00000000080009dc                __fixunssfsi
                0x00000000080009dc                __aeabi_f2uiz
 *(.text*)
 .text.__buzzer_on
                0x0000000008000a1c       0x1c ./App/Alarm.o
 .text.__buzzer_off
                0x0000000008000a38       0x1c ./App/Alarm.o
 .text.__finding_next_timeline
                0x0000000008000a54       0xc0 ./App/Alarm.o
 .text.__waiting_for_timeline
                0x0000000008000b14       0x90 ./App/Alarm.o
 .text.__alarm_running
                0x0000000008000ba4       0xa4 ./App/Alarm.o
 .text.ALARM_Init
                0x0000000008000c48       0x30 ./App/Alarm.o
                0x0000000008000c48                ALARM_Init
 .text.ALARM_Handle
                0x0000000008000c78       0x38 ./App/Alarm.o
                0x0000000008000c78                ALARM_Handle
 .text.ALARM_Stop_Buzzer
                0x0000000008000cb0       0x20 ./App/Alarm.o
                0x0000000008000cb0                ALARM_Stop_Buzzer
 .text.ALARM_Is_Buzzer_Running
                0x0000000008000cd0       0x20 ./App/Alarm.o
                0x0000000008000cd0                ALARM_Is_Buzzer_Running
 .text.HAL_ADC_ConvCpltCallback
                0x0000000008000cf0       0xf8 ./App/Battery_Value.o
                0x0000000008000cf0                HAL_ADC_ConvCpltCallback
 .text.BATTERY_LEVEL_Init
                0x0000000008000de8       0x2c ./App/Battery_Value.o
                0x0000000008000de8                BATTERY_LEVEL_Init
 .text.BATTERY_LEVEL_Handle
                0x0000000008000e14       0x34 ./App/Battery_Value.o
                0x0000000008000e14                BATTERY_LEVEL_Handle
 .text.BTN_Short_Pressing_Callback
                0x0000000008000e48       0xc4 ./App/Rotary_Encoder.o
                0x0000000008000e48                BTN_Short_Pressing_Callback
 .text.BTN_Long_Pressing_Callback
                0x0000000008000f0c       0x9c ./App/Rotary_Encoder.o
                0x0000000008000f0c                BTN_Long_Pressing_Callback
 .text.ENCODER_Forward_Callback
                0x0000000008000fa8       0x90 ./App/Rotary_Encoder.o
                0x0000000008000fa8                ENCODER_Forward_Callback
 .text.ENCODER_Backward_Callback
                0x0000000008001038       0x90 ./App/Rotary_Encoder.o
                0x0000000008001038                ENCODER_Backward_Callback
 .text.ROTARY_ENCODER_Init
                0x00000000080010c8       0x50 ./App/Rotary_Encoder.o
                0x00000000080010c8                ROTARY_ENCODER_Init
 .text.ROTARY_ENCODER_Handle
                0x0000000008001118       0x1c ./App/Rotary_Encoder.o
                0x0000000008001118                ROTARY_ENCODER_Handle
 .text.TIMELINE_Init
                0x0000000008001134       0x8c ./App/Timeline_Manage.o
                0x0000000008001134                TIMELINE_Init
 .text.TIMELINE_Add
                0x00000000080011c0       0x4c ./App/Timeline_Manage.o
                0x00000000080011c0                TIMELINE_Add
 .text.TIMELINE_Delete
                0x000000000800120c       0x90 ./App/Timeline_Manage.o
                0x000000000800120c                TIMELINE_Delete
 .text.TIMELINE_Sort
                0x000000000800129c       0xcc ./App/Timeline_Manage.o
                0x000000000800129c                TIMELINE_Sort
 .text.TIMELINE_Store_To_Flash
                0x0000000008001368       0x78 ./App/Timeline_Manage.o
                0x0000000008001368                TIMELINE_Store_To_Flash
 .text.REALTIME_Init
                0x00000000080013e0       0x8c ./App/real_time.o
                0x00000000080013e0                REALTIME_Init
 .text.REALTIME_Handle
                0x000000000800146c       0x90 ./App/real_time.o
                0x000000000800146c                REALTIME_Handle
 .text.REALTIME_Set_New_Realtime
                0x00000000080014fc       0x70 ./App/real_time.o
                0x00000000080014fc                REALTIME_Set_New_Realtime
 .text.MAIN_MENU_Init
                0x000000000800156c      0x128 ./App/Menu/Main_Menu.o
                0x000000000800156c                MAIN_MENU_Init
 .text.MAIN_MENU_Display_Num
                0x0000000008001694       0xac ./App/Menu/Main_Menu.o
                0x0000000008001694                MAIN_MENU_Display_Num
 .text.MAIN_MENU_Display
                0x0000000008001740      0x2bc ./App/Menu/Main_Menu.o
                0x0000000008001740                MAIN_MENU_Display
 .text.MAIN_MENU_Set_State
                0x00000000080019fc       0x24 ./App/Menu/Main_Menu.o
                0x00000000080019fc                MAIN_MENU_Set_State
 .text.MAIN_MENU_Update_Value
                0x0000000008001a20       0x1c ./App/Menu/Main_Menu.o
                0x0000000008001a20                MAIN_MENU_Update_Value
 .text.MENU_Init
                0x0000000008001a3c       0x48 ./App/Menu/Menu.o
                0x0000000008001a3c                MENU_Init
 .text.MENU_Handle
                0x0000000008001a84       0x9c ./App/Menu/Menu.o
                0x0000000008001a84                MENU_Handle
 .text.SETTING_MENU_Set_State
                0x0000000008001b20       0x34 ./App/Menu/Setting_Menu.o
                0x0000000008001b20                SETTING_MENU_Set_State
 .text.SETTING_MENU_Config_Time_Format
                0x0000000008001b54       0x38 ./App/Menu/Setting_Menu.o
                0x0000000008001b54                SETTING_MENU_Config_Time_Format
 .text.SETTING_MENU_Change_Pointer
                0x0000000008001b8c       0x68 ./App/Menu/Setting_Menu.o
                0x0000000008001b8c                SETTING_MENU_Change_Pointer
 .text.SETTING_MENU_Change_Working_State
                0x0000000008001bf4       0x40 ./App/Menu/Setting_Menu.o
                0x0000000008001bf4                SETTING_MENU_Change_Working_State
 .text.SETTING_MENU_Display
                0x0000000008001c34      0x11c ./App/Menu/Setting_Menu.o
                0x0000000008001c34                SETTING_MENU_Display
 .text.SR_MENU_Init
                0x0000000008001d50       0x30 ./App/Menu/Setting_Realtime_Menu.o
                0x0000000008001d50                SR_MENU_Init
 .text.SR_MENU_Set_State
                0x0000000008001d80       0x48 ./App/Menu/Setting_Realtime_Menu.o
                0x0000000008001d80                SR_MENU_Set_State
 .text.SR_MENU_Change_Setting_State
                0x0000000008001dc8       0x6c ./App/Menu/Setting_Realtime_Menu.o
                0x0000000008001dc8                SR_MENU_Change_Setting_State
 .text.SR_MENU_Set_Value
                0x0000000008001e34      0x144 ./App/Menu/Setting_Realtime_Menu.o
                0x0000000008001e34                SR_MENU_Set_Value
 .text.SR_MENU_Display
                0x0000000008001f78      0x180 ./App/Menu/Setting_Realtime_Menu.o
                0x0000000008001f78                SR_MENU_Display
 .text.ST_MENU_Init
                0x00000000080020f8        0xc ./App/Menu/Setting_Timeline_Menu.o
                0x00000000080020f8                ST_MENU_Init
 .text.ST_MENU_Set_State
                0x0000000008002104       0x50 ./App/Menu/Setting_Timeline_Menu.o
                0x0000000008002104                ST_MENU_Set_State
 .text.ST_MENU_Change_Setting_State
                0x0000000008002154       0x84 ./App/Menu/Setting_Timeline_Menu.o
                0x0000000008002154                ST_MENU_Change_Setting_State
 .text.ST_MENU_Set_Value
                0x00000000080021d8      0x100 ./App/Menu/Setting_Timeline_Menu.o
                0x00000000080021d8                ST_MENU_Set_Value
 .text.ST_MENU_Display
                0x00000000080022d8      0x15c ./App/Menu/Setting_Timeline_Menu.o
                0x00000000080022d8                ST_MENU_Display
 .text.__create_day_string
                0x0000000008002434       0x76 ./App/Menu/Timeline_List_Menu.o
 *fill*         0x00000000080024aa        0x2 
 .text.TL_MENU_Init
                0x00000000080024ac       0x28 ./App/Menu/Timeline_List_Menu.o
                0x00000000080024ac                TL_MENU_Init
 .text.TL_MENU_Set_State
                0x00000000080024d4       0x4c ./App/Menu/Timeline_List_Menu.o
                0x00000000080024d4                TL_MENU_Set_State
 .text.TL_MENU_Change_Working_State
                0x0000000008002520       0xc0 ./App/Menu/Timeline_List_Menu.o
                0x0000000008002520                TL_MENU_Change_Working_State
 .text.TL_MENU_Change_Pointer
                0x00000000080025e0       0xb4 ./App/Menu/Timeline_List_Menu.o
                0x00000000080025e0                TL_MENU_Change_Pointer
 .text.TL_MENU_Config_Timeline
                0x0000000008002694       0x60 ./App/Menu/Timeline_List_Menu.o
                0x0000000008002694                TL_MENU_Config_Timeline
 .text.TL_MENU_Display
                0x00000000080026f4      0x1ac ./App/Menu/Timeline_List_Menu.o
                0x00000000080026f4                TL_MENU_Display
 .text.TEMP_AND_HUM_Handle
                0x00000000080028a0       0xb0 ./Core/Src/main.o
                0x00000000080028a0                TEMP_AND_HUM_Handle
 .text.main     0x0000000008002950       0xc4 ./Core/Src/main.o
                0x0000000008002950                main
 .text.SystemClock_Config
                0x0000000008002a14       0xc0 ./Core/Src/main.o
                0x0000000008002a14                SystemClock_Config
 .text.MX_ADC1_Init
                0x0000000008002ad4       0x7c ./Core/Src/main.o
 .text.MX_I2C2_Init
                0x0000000008002b50       0x5c ./Core/Src/main.o
 .text.MX_RTC_Init
                0x0000000008002bac       0x4c ./Core/Src/main.o
 .text.MX_TIM1_Init
                0x0000000008002bf8       0xa0 ./Core/Src/main.o
 .text.MX_TIM2_Init
                0x0000000008002c98       0xa8 ./Core/Src/main.o
 .text.MX_USART1_UART_Init
                0x0000000008002d40       0x54 ./Core/Src/main.o
 .text.MX_GPIO_Init
                0x0000000008002d94      0x140 ./Core/Src/main.o
 .text.Error_Handler
                0x0000000008002ed4        0xa ./Core/Src/main.o
                0x0000000008002ed4                Error_Handler
 *fill*         0x0000000008002ede        0x2 
 .text.HAL_MspInit
                0x0000000008002ee0       0x64 ./Core/Src/stm32f1xx_hal_msp.o
                0x0000000008002ee0                HAL_MspInit
 .text.HAL_ADC_MspInit
                0x0000000008002f44       0x88 ./Core/Src/stm32f1xx_hal_msp.o
                0x0000000008002f44                HAL_ADC_MspInit
 .text.HAL_I2C_MspInit
                0x0000000008002fcc       0x80 ./Core/Src/stm32f1xx_hal_msp.o
                0x0000000008002fcc                HAL_I2C_MspInit
 .text.HAL_RTC_MspInit
                0x000000000800304c       0x48 ./Core/Src/stm32f1xx_hal_msp.o
                0x000000000800304c                HAL_RTC_MspInit
 .text.HAL_TIM_Base_MspInit
                0x0000000008003094       0x3c ./Core/Src/stm32f1xx_hal_msp.o
                0x0000000008003094                HAL_TIM_Base_MspInit
 .text.HAL_TIM_Encoder_MspInit
                0x00000000080030d0       0xe8 ./Core/Src/stm32f1xx_hal_msp.o
                0x00000000080030d0                HAL_TIM_Encoder_MspInit
 .text.HAL_UART_MspInit
                0x00000000080031b8       0xc4 ./Core/Src/stm32f1xx_hal_msp.o
                0x00000000080031b8                HAL_UART_MspInit
 .text.NMI_Handler
                0x000000000800327c        0x6 ./Core/Src/stm32f1xx_it.o
                0x000000000800327c                NMI_Handler
 .text.HardFault_Handler
                0x0000000008003282        0x6 ./Core/Src/stm32f1xx_it.o
                0x0000000008003282                HardFault_Handler
 .text.MemManage_Handler
                0x0000000008003288        0x6 ./Core/Src/stm32f1xx_it.o
                0x0000000008003288                MemManage_Handler
 .text.BusFault_Handler
                0x000000000800328e        0x6 ./Core/Src/stm32f1xx_it.o
                0x000000000800328e                BusFault_Handler
 .text.UsageFault_Handler
                0x0000000008003294        0x6 ./Core/Src/stm32f1xx_it.o
                0x0000000008003294                UsageFault_Handler
 .text.SVC_Handler
                0x000000000800329a        0xc ./Core/Src/stm32f1xx_it.o
                0x000000000800329a                SVC_Handler
 .text.DebugMon_Handler
                0x00000000080032a6        0xc ./Core/Src/stm32f1xx_it.o
                0x00000000080032a6                DebugMon_Handler
 .text.PendSV_Handler
                0x00000000080032b2        0xc ./Core/Src/stm32f1xx_it.o
                0x00000000080032b2                PendSV_Handler
 .text.SysTick_Handler
                0x00000000080032be        0xc ./Core/Src/stm32f1xx_it.o
                0x00000000080032be                SysTick_Handler
 *fill*         0x00000000080032ca        0x2 
 .text.ADC1_2_IRQHandler
                0x00000000080032cc       0x14 ./Core/Src/stm32f1xx_it.o
                0x00000000080032cc                ADC1_2_IRQHandler
 .text.TIM2_IRQHandler
                0x00000000080032e0       0x14 ./Core/Src/stm32f1xx_it.o
                0x00000000080032e0                TIM2_IRQHandler
 .text.USART1_IRQHandler
                0x00000000080032f4       0x14 ./Core/Src/stm32f1xx_it.o
                0x00000000080032f4                USART1_IRQHandler
 .text._sbrk    0x0000000008003308       0x6c ./Core/Src/sysmem.o
                0x0000000008003308                _sbrk
 .text.SystemInit
                0x0000000008003374        0xc ./Core/Src/system_stm32f1xx.o
                0x0000000008003374                SystemInit
 .text.Reset_Handler
                0x0000000008003380       0x48 ./Core/Startup/startup_stm32f103c8tx.o
                0x0000000008003380                Reset_Handler
 .text.Default_Handler
                0x00000000080033c8        0x2 ./Core/Startup/startup_stm32f103c8tx.o
                0x00000000080033c8                RTC_Alarm_IRQHandler
                0x00000000080033c8                EXTI2_IRQHandler
                0x00000000080033c8                TIM1_CC_IRQHandler
                0x00000000080033c8                PVD_IRQHandler
                0x00000000080033c8                EXTI3_IRQHandler
                0x00000000080033c8                EXTI0_IRQHandler
                0x00000000080033c8                I2C2_EV_IRQHandler
                0x00000000080033c8                SPI1_IRQHandler
                0x00000000080033c8                TAMPER_IRQHandler
                0x00000000080033c8                DMA1_Channel4_IRQHandler
                0x00000000080033c8                USART3_IRQHandler
                0x00000000080033c8                RTC_IRQHandler
                0x00000000080033c8                DMA1_Channel7_IRQHandler
                0x00000000080033c8                CAN1_RX1_IRQHandler
                0x00000000080033c8                TIM4_IRQHandler
                0x00000000080033c8                I2C1_EV_IRQHandler
                0x00000000080033c8                DMA1_Channel6_IRQHandler
                0x00000000080033c8                TIM3_IRQHandler
                0x00000000080033c8                RCC_IRQHandler
                0x00000000080033c8                TIM1_TRG_COM_IRQHandler
                0x00000000080033c8                DMA1_Channel1_IRQHandler
                0x00000000080033c8                Default_Handler
                0x00000000080033c8                EXTI15_10_IRQHandler
                0x00000000080033c8                EXTI9_5_IRQHandler
                0x00000000080033c8                SPI2_IRQHandler
                0x00000000080033c8                DMA1_Channel5_IRQHandler
                0x00000000080033c8                EXTI4_IRQHandler
                0x00000000080033c8                USB_LP_CAN1_RX0_IRQHandler
                0x00000000080033c8                USB_HP_CAN1_TX_IRQHandler
                0x00000000080033c8                DMA1_Channel3_IRQHandler
                0x00000000080033c8                TIM1_UP_IRQHandler
                0x00000000080033c8                WWDG_IRQHandler
                0x00000000080033c8                TIM1_BRK_IRQHandler
                0x00000000080033c8                EXTI1_IRQHandler
                0x00000000080033c8                USART2_IRQHandler
                0x00000000080033c8                I2C2_ER_IRQHandler
                0x00000000080033c8                DMA1_Channel2_IRQHandler
                0x00000000080033c8                CAN1_SCE_IRQHandler
                0x00000000080033c8                FLASH_IRQHandler
                0x00000000080033c8                I2C1_ER_IRQHandler
                0x00000000080033c8                USBWakeUp_IRQHandler
 *fill*         0x00000000080033ca        0x2 
 .text.HAL_Init
                0x00000000080033cc       0x2c ./Drivers/STM32F1xx_HAL_Driver/Src/stm32f1xx_hal.o
                0x00000000080033cc                HAL_Init
 .text.HAL_InitTick
                0x00000000080033f8       0x60 ./Drivers/STM32F1xx_HAL_Driver/Src/stm32f1xx_hal.o
                0x00000000080033f8                HAL_InitTick
 .text.HAL_IncTick
                0x0000000008003458       0x24 ./Drivers/STM32F1xx_HAL_Driver/Src/stm32f1xx_hal.o
                0x0000000008003458                HAL_IncTick
 .text.HAL_GetTick
                0x000000000800347c       0x14 ./Drivers/STM32F1xx_HAL_Driver/Src/stm32f1xx_hal.o
                0x000000000800347c                HAL_GetTick
 .text.HAL_Delay
                0x0000000008003490       0x48 ./Drivers/STM32F1xx_HAL_Driver/Src/stm32f1xx_hal.o
                0x0000000008003490                HAL_Delay
 .text.HAL_ADC_Init
                0x00000000080034d8      0x1b0 ./Drivers/STM32F1xx_HAL_Driver/Src/stm32f1xx_hal_adc.o
                0x00000000080034d8                HAL_ADC_Init
 .text.HAL_ADC_Start_IT
                0x0000000008003688      0x16c ./Drivers/STM32F1xx_HAL_Driver/Src/stm32f1xx_hal_adc.o
                0x0000000008003688                HAL_ADC_Start_IT
 .text.HAL_ADC_GetValue
                0x00000000080037f4       0x18 ./Drivers/STM32F1xx_HAL_Driver/Src/stm32f1xx_hal_adc.o
                0x00000000080037f4                HAL_ADC_GetValue
 .text.HAL_ADC_IRQHandler
                0x000000000800380c      0x186 ./Drivers/STM32F1xx_HAL_Driver/Src/stm32f1xx_hal_adc.o
                0x000000000800380c                HAL_ADC_IRQHandler
 .text.HAL_ADC_LevelOutOfWindowCallback
                0x0000000008003992       0x12 ./Drivers/STM32F1xx_HAL_Driver/Src/stm32f1xx_hal_adc.o
                0x0000000008003992                HAL_ADC_LevelOutOfWindowCallback
 .text.HAL_ADC_ConfigChannel
                0x00000000080039a4      0x1f0 ./Drivers/STM32F1xx_HAL_Driver/Src/stm32f1xx_hal_adc.o
                0x00000000080039a4                HAL_ADC_ConfigChannel
 .text.ADC_Enable
                0x0000000008003b94       0xb4 ./Drivers/STM32F1xx_HAL_Driver/Src/stm32f1xx_hal_adc.o
                0x0000000008003b94                ADC_Enable
 .text.ADC_ConversionStop_Disable
                0x0000000008003c48       0x82 ./Drivers/STM32F1xx_HAL_Driver/Src/stm32f1xx_hal_adc.o
                0x0000000008003c48                ADC_ConversionStop_Disable
 .text.HAL_ADCEx_InjectedConvCpltCallback
                0x0000000008003cca       0x12 ./Drivers/STM32F1xx_HAL_Driver/Src/stm32f1xx_hal_adc_ex.o
                0x0000000008003cca                HAL_ADCEx_InjectedConvCpltCallback
 .text.__NVIC_SetPriorityGrouping
                0x0000000008003cdc       0x48 ./Drivers/STM32F1xx_HAL_Driver/Src/stm32f1xx_hal_cortex.o
 .text.__NVIC_GetPriorityGrouping
                0x0000000008003d24       0x1c ./Drivers/STM32F1xx_HAL_Driver/Src/stm32f1xx_hal_cortex.o
 .text.__NVIC_EnableIRQ
                0x0000000008003d40       0x38 ./Drivers/STM32F1xx_HAL_Driver/Src/stm32f1xx_hal_cortex.o
 .text.__NVIC_SetPriority
                0x0000000008003d78       0x54 ./Drivers/STM32F1xx_HAL_Driver/Src/stm32f1xx_hal_cortex.o
 .text.NVIC_EncodePriority
                0x0000000008003dcc       0x64 ./Drivers/STM32F1xx_HAL_Driver/Src/stm32f1xx_hal_cortex.o
 .text.SysTick_Config
                0x0000000008003e30       0x44 ./Drivers/STM32F1xx_HAL_Driver/Src/stm32f1xx_hal_cortex.o
 .text.HAL_NVIC_SetPriorityGrouping
                0x0000000008003e74       0x16 ./Drivers/STM32F1xx_HAL_Driver/Src/stm32f1xx_hal_cortex.o
                0x0000000008003e74                HAL_NVIC_SetPriorityGrouping
 .text.HAL_NVIC_SetPriority
                0x0000000008003e8a       0x38 ./Drivers/STM32F1xx_HAL_Driver/Src/stm32f1xx_hal_cortex.o
                0x0000000008003e8a                HAL_NVIC_SetPriority
 .text.HAL_NVIC_EnableIRQ
                0x0000000008003ec2       0x1c ./Drivers/STM32F1xx_HAL_Driver/Src/stm32f1xx_hal_cortex.o
                0x0000000008003ec2                HAL_NVIC_EnableIRQ
 .text.HAL_SYSTICK_Config
                0x0000000008003ede       0x18 ./Drivers/STM32F1xx_HAL_Driver/Src/stm32f1xx_hal_cortex.o
                0x0000000008003ede                HAL_SYSTICK_Config
 .text.HAL_DMA_Abort
                0x0000000008003ef6       0x74 ./Drivers/STM32F1xx_HAL_Driver/Src/stm32f1xx_hal_dma.o
                0x0000000008003ef6                HAL_DMA_Abort
 *fill*         0x0000000008003f6a        0x2 
 .text.HAL_DMA_Abort_IT
                0x0000000008003f6c       0xec ./Drivers/STM32F1xx_HAL_Driver/Src/stm32f1xx_hal_dma.o
                0x0000000008003f6c                HAL_DMA_Abort_IT
 .text.HAL_FLASH_Program
                0x0000000008004058       0xe0 ./Drivers/STM32F1xx_HAL_Driver/Src/stm32f1xx_hal_flash.o
                0x0000000008004058                HAL_FLASH_Program
 .text.HAL_FLASH_Unlock
                0x0000000008004138       0x4c ./Drivers/STM32F1xx_HAL_Driver/Src/stm32f1xx_hal_flash.o
                0x0000000008004138                HAL_FLASH_Unlock
 .text.HAL_FLASH_Lock
                0x0000000008004184       0x20 ./Drivers/STM32F1xx_HAL_Driver/Src/stm32f1xx_hal_flash.o
                0x0000000008004184                HAL_FLASH_Lock
 .text.FLASH_Program_HalfWord
                0x00000000080041a4       0x38 ./Drivers/STM32F1xx_HAL_Driver/Src/stm32f1xx_hal_flash.o
 .text.FLASH_WaitForLastOperation
                0x00000000080041dc       0x8c ./Drivers/STM32F1xx_HAL_Driver/Src/stm32f1xx_hal_flash.o
                0x00000000080041dc                FLASH_WaitForLastOperation
 .text.FLASH_SetErrorCode
                0x0000000008004268       0xa0 ./Drivers/STM32F1xx_HAL_Driver/Src/stm32f1xx_hal_flash.o
 .text.HAL_FLASHEx_Erase
                0x0000000008004308       0xd8 ./Drivers/STM32F1xx_HAL_Driver/Src/stm32f1xx_hal_flash_ex.o
                0x0000000008004308                HAL_FLASHEx_Erase
 .text.FLASH_MassErase
                0x00000000080043e0       0x38 ./Drivers/STM32F1xx_HAL_Driver/Src/stm32f1xx_hal_flash_ex.o
 .text.FLASH_PageErase
                0x0000000008004418       0x40 ./Drivers/STM32F1xx_HAL_Driver/Src/stm32f1xx_hal_flash_ex.o
                0x0000000008004418                FLASH_PageErase
 .text.HAL_GPIO_Init
                0x0000000008004458      0x308 ./Drivers/STM32F1xx_HAL_Driver/Src/stm32f1xx_hal_gpio.o
                0x0000000008004458                HAL_GPIO_Init
 .text.HAL_GPIO_ReadPin
                0x0000000008004760       0x2e ./Drivers/STM32F1xx_HAL_Driver/Src/stm32f1xx_hal_gpio.o
                0x0000000008004760                HAL_GPIO_ReadPin
 .text.HAL_GPIO_WritePin
                0x000000000800478e       0x30 ./Drivers/STM32F1xx_HAL_Driver/Src/stm32f1xx_hal_gpio.o
                0x000000000800478e                HAL_GPIO_WritePin
 *fill*         0x00000000080047be        0x2 
 .text.HAL_I2C_Init
                0x00000000080047c0      0x288 ./Drivers/STM32F1xx_HAL_Driver/Src/stm32f1xx_hal_i2c.o
                0x00000000080047c0                HAL_I2C_Init
 .text.HAL_I2C_Mem_Write
                0x0000000008004a48      0x1f4 ./Drivers/STM32F1xx_HAL_Driver/Src/stm32f1xx_hal_i2c.o
                0x0000000008004a48                HAL_I2C_Mem_Write
 .text.HAL_I2C_Mem_Read
                0x0000000008004c3c      0x4d0 ./Drivers/STM32F1xx_HAL_Driver/Src/stm32f1xx_hal_i2c.o
                0x0000000008004c3c                HAL_I2C_Mem_Read
 .text.HAL_I2C_IsDeviceReady
                0x000000000800510c      0x25c ./Drivers/STM32F1xx_HAL_Driver/Src/stm32f1xx_hal_i2c.o
                0x000000000800510c                HAL_I2C_IsDeviceReady
 .text.I2C_RequestMemoryWrite
                0x0000000008005368      0x12c ./Drivers/STM32F1xx_HAL_Driver/Src/stm32f1xx_hal_i2c.o
 .text.I2C_RequestMemoryRead
                0x0000000008005494      0x1d0 ./Drivers/STM32F1xx_HAL_Driver/Src/stm32f1xx_hal_i2c.o
 .text.I2C_WaitOnFlagUntilTimeout
                0x0000000008005664       0xae ./Drivers/STM32F1xx_HAL_Driver/Src/stm32f1xx_hal_i2c.o
 .text.I2C_WaitOnMasterAddressFlagUntilTimeout
                0x0000000008005712       0xfe ./Drivers/STM32F1xx_HAL_Driver/Src/stm32f1xx_hal_i2c.o
 .text.I2C_WaitOnTXEFlagUntilTimeout
                0x0000000008005810       0x82 ./Drivers/STM32F1xx_HAL_Driver/Src/stm32f1xx_hal_i2c.o
 .text.I2C_WaitOnBTFFlagUntilTimeout
                0x0000000008005892       0x82 ./Drivers/STM32F1xx_HAL_Driver/Src/stm32f1xx_hal_i2c.o
 .text.I2C_WaitOnRXNEFlagUntilTimeout
                0x0000000008005914       0xac ./Drivers/STM32F1xx_HAL_Driver/Src/stm32f1xx_hal_i2c.o
 .text.I2C_IsAcknowledgeFailed
                0x00000000080059c0       0x5c ./Drivers/STM32F1xx_HAL_Driver/Src/stm32f1xx_hal_i2c.o
 .text.HAL_PWR_EnableBkUpAccess
                0x0000000008005a1c       0x18 ./Drivers/STM32F1xx_HAL_Driver/Src/stm32f1xx_hal_pwr.o
                0x0000000008005a1c                HAL_PWR_EnableBkUpAccess
 .text.HAL_RCC_OscConfig
                0x0000000008005a34      0x504 ./Drivers/STM32F1xx_HAL_Driver/Src/stm32f1xx_hal_rcc.o
                0x0000000008005a34                HAL_RCC_OscConfig
 .text.HAL_RCC_ClockConfig
                0x0000000008005f38      0x1d4 ./Drivers/STM32F1xx_HAL_Driver/Src/stm32f1xx_hal_rcc.o
                0x0000000008005f38                HAL_RCC_ClockConfig
 .text.HAL_RCC_GetSysClockFreq
                0x000000000800610c       0xbc ./Drivers/STM32F1xx_HAL_Driver/Src/stm32f1xx_hal_rcc.o
                0x000000000800610c                HAL_RCC_GetSysClockFreq
 .text.HAL_RCC_GetHCLKFreq
                0x00000000080061c8       0x14 ./Drivers/STM32F1xx_HAL_Driver/Src/stm32f1xx_hal_rcc.o
                0x00000000080061c8                HAL_RCC_GetHCLKFreq
 .text.HAL_RCC_GetPCLK1Freq
                0x00000000080061dc       0x28 ./Drivers/STM32F1xx_HAL_Driver/Src/stm32f1xx_hal_rcc.o
                0x00000000080061dc                HAL_RCC_GetPCLK1Freq
 .text.HAL_RCC_GetPCLK2Freq
                0x0000000008006204       0x28 ./Drivers/STM32F1xx_HAL_Driver/Src/stm32f1xx_hal_rcc.o
                0x0000000008006204                HAL_RCC_GetPCLK2Freq
 .text.RCC_Delay
                0x000000000800622c       0x3c ./Drivers/STM32F1xx_HAL_Driver/Src/stm32f1xx_hal_rcc.o
 .text.HAL_RCCEx_PeriphCLKConfig
                0x0000000008006268      0x16c ./Drivers/STM32F1xx_HAL_Driver/Src/stm32f1xx_hal_rcc_ex.o
                0x0000000008006268                HAL_RCCEx_PeriphCLKConfig
 .text.HAL_RCCEx_GetPeriphCLKFreq
                0x00000000080063d4      0x180 ./Drivers/STM32F1xx_HAL_Driver/Src/stm32f1xx_hal_rcc_ex.o
                0x00000000080063d4                HAL_RCCEx_GetPeriphCLKFreq
 .text.HAL_RTC_Init
                0x0000000008006554      0x12c ./Drivers/STM32F1xx_HAL_Driver/Src/stm32f1xx_hal_rtc.o
                0x0000000008006554                HAL_RTC_Init
 .text.HAL_RTC_WaitForSynchro
                0x0000000008006680       0x5a ./Drivers/STM32F1xx_HAL_Driver/Src/stm32f1xx_hal_rtc.o
                0x0000000008006680                HAL_RTC_WaitForSynchro
 .text.RTC_EnterInitMode
                0x00000000080066da       0x50 ./Drivers/STM32F1xx_HAL_Driver/Src/stm32f1xx_hal_rtc.o
 .text.RTC_ExitInitMode
                0x000000000800672a       0x50 ./Drivers/STM32F1xx_HAL_Driver/Src/stm32f1xx_hal_rtc.o
 .text.HAL_TIM_Base_Init
                0x000000000800677a       0x9e ./Drivers/STM32F1xx_HAL_Driver/Src/stm32f1xx_hal_tim.o
                0x000000000800677a                HAL_TIM_Base_Init
 .text.HAL_TIM_Base_Start
                0x0000000008006818       0x94 ./Drivers/STM32F1xx_HAL_Driver/Src/stm32f1xx_hal_tim.o
                0x0000000008006818                HAL_TIM_Base_Start
 .text.HAL_TIM_Base_Stop
                0x00000000080068ac       0x4c ./Drivers/STM32F1xx_HAL_Driver/Src/stm32f1xx_hal_tim.o
                0x00000000080068ac                HAL_TIM_Base_Stop
 .text.HAL_TIM_Encoder_Init
                0x00000000080068f8      0x144 ./Drivers/STM32F1xx_HAL_Driver/Src/stm32f1xx_hal_tim.o
                0x00000000080068f8                HAL_TIM_Encoder_Init
 .text.HAL_TIM_Encoder_Start_IT
                0x0000000008006a3c      0x15c ./Drivers/STM32F1xx_HAL_Driver/Src/stm32f1xx_hal_tim.o
                0x0000000008006a3c                HAL_TIM_Encoder_Start_IT
 .text.HAL_TIM_Encoder_Stop_IT
                0x0000000008006b98      0x16a ./Drivers/STM32F1xx_HAL_Driver/Src/stm32f1xx_hal_tim.o
                0x0000000008006b98                HAL_TIM_Encoder_Stop_IT
 .text.HAL_TIM_IRQHandler
                0x0000000008006d02      0x210 ./Drivers/STM32F1xx_HAL_Driver/Src/stm32f1xx_hal_tim.o
                0x0000000008006d02                HAL_TIM_IRQHandler
 .text.HAL_TIM_ConfigClockSource
                0x0000000008006f12      0x188 ./Drivers/STM32F1xx_HAL_Driver/Src/stm32f1xx_hal_tim.o
                0x0000000008006f12                HAL_TIM_ConfigClockSource
 .text.HAL_TIM_PeriodElapsedCallback
                0x000000000800709a       0x12 ./Drivers/STM32F1xx_HAL_Driver/Src/stm32f1xx_hal_tim.o
                0x000000000800709a                HAL_TIM_PeriodElapsedCallback
 .text.HAL_TIM_OC_DelayElapsedCallback
                0x00000000080070ac       0x12 ./Drivers/STM32F1xx_HAL_Driver/Src/stm32f1xx_hal_tim.o
                0x00000000080070ac                HAL_TIM_OC_DelayElapsedCallback
 .text.HAL_TIM_PWM_PulseFinishedCallback
                0x00000000080070be       0x12 ./Drivers/STM32F1xx_HAL_Driver/Src/stm32f1xx_hal_tim.o
                0x00000000080070be                HAL_TIM_PWM_PulseFinishedCallback
 .text.HAL_TIM_TriggerCallback
                0x00000000080070d0       0x12 ./Drivers/STM32F1xx_HAL_Driver/Src/stm32f1xx_hal_tim.o
                0x00000000080070d0                HAL_TIM_TriggerCallback
 *fill*         0x00000000080070e2        0x2 
 .text.TIM_Base_SetConfig
                0x00000000080070e4       0xc4 ./Drivers/STM32F1xx_HAL_Driver/Src/stm32f1xx_hal_tim.o
                0x00000000080070e4                TIM_Base_SetConfig
 .text.TIM_TI1_ConfigInputStage
                0x00000000080071a8       0x5c ./Drivers/STM32F1xx_HAL_Driver/Src/stm32f1xx_hal_tim.o
 .text.TIM_TI2_ConfigInputStage
                0x0000000008007204       0x5e ./Drivers/STM32F1xx_HAL_Driver/Src/stm32f1xx_hal_tim.o
 .text.TIM_ITRx_SetConfig
                0x0000000008007262       0x34 ./Drivers/STM32F1xx_HAL_Driver/Src/stm32f1xx_hal_tim.o
 .text.TIM_ETR_SetConfig
                0x0000000008007296       0x3e ./Drivers/STM32F1xx_HAL_Driver/Src/stm32f1xx_hal_tim.o
                0x0000000008007296                TIM_ETR_SetConfig
 .text.TIM_CCxChannelCmd
                0x00000000080072d4       0x48 ./Drivers/STM32F1xx_HAL_Driver/Src/stm32f1xx_hal_tim.o
                0x00000000080072d4                TIM_CCxChannelCmd
 .text.HAL_TIMEx_MasterConfigSynchronization
                0x000000000800731c       0xbc ./Drivers/STM32F1xx_HAL_Driver/Src/stm32f1xx_hal_tim_ex.o
                0x000000000800731c                HAL_TIMEx_MasterConfigSynchronization
 .text.HAL_TIMEx_CommutCallback
                0x00000000080073d8       0x12 ./Drivers/STM32F1xx_HAL_Driver/Src/stm32f1xx_hal_tim_ex.o
                0x00000000080073d8                HAL_TIMEx_CommutCallback
 .text.HAL_TIMEx_BreakCallback
                0x00000000080073ea       0x12 ./Drivers/STM32F1xx_HAL_Driver/Src/stm32f1xx_hal_tim_ex.o
                0x00000000080073ea                HAL_TIMEx_BreakCallback
 .text.HAL_UART_Init
                0x00000000080073fc       0x9a ./Drivers/STM32F1xx_HAL_Driver/Src/stm32f1xx_hal_uart.o
                0x00000000080073fc                HAL_UART_Init
 *fill*         0x0000000008007496        0x2 
 .text.HAL_UART_IRQHandler
                0x0000000008007498      0x354 ./Drivers/STM32F1xx_HAL_Driver/Src/stm32f1xx_hal_uart.o
                0x0000000008007498                HAL_UART_IRQHandler
 .text.HAL_UART_TxCpltCallback
                0x00000000080077ec       0x12 ./Drivers/STM32F1xx_HAL_Driver/Src/stm32f1xx_hal_uart.o
                0x00000000080077ec                HAL_UART_TxCpltCallback
 .text.HAL_UART_RxCpltCallback
                0x00000000080077fe       0x12 ./Drivers/STM32F1xx_HAL_Driver/Src/stm32f1xx_hal_uart.o
                0x00000000080077fe                HAL_UART_RxCpltCallback
 .text.HAL_UART_ErrorCallback
                0x0000000008007810       0x12 ./Drivers/STM32F1xx_HAL_Driver/Src/stm32f1xx_hal_uart.o
                0x0000000008007810                HAL_UART_ErrorCallback
 .text.HAL_UARTEx_RxEventCallback
                0x0000000008007822       0x16 ./Drivers/STM32F1xx_HAL_Driver/Src/stm32f1xx_hal_uart.o
                0x0000000008007822                HAL_UARTEx_RxEventCallback
 .text.UART_EndRxTransfer
                0x0000000008007838       0x58 ./Drivers/STM32F1xx_HAL_Driver/Src/stm32f1xx_hal_uart.o
 .text.UART_DMAAbortOnError
                0x0000000008007890       0x28 ./Drivers/STM32F1xx_HAL_Driver/Src/stm32f1xx_hal_uart.o
 .text.UART_Transmit_IT
                0x00000000080078b8       0x9e ./Drivers/STM32F1xx_HAL_Driver/Src/stm32f1xx_hal_uart.o
 .text.UART_EndTransmit_IT
                0x0000000008007956       0x30 ./Drivers/STM32F1xx_HAL_Driver/Src/stm32f1xx_hal_uart.o
 .text.UART_Receive_IT
                0x0000000008007986      0x152 ./Drivers/STM32F1xx_HAL_Driver/Src/stm32f1xx_hal_uart.o
 .text.UART_SetConfig
                0x0000000008007ad8      0x11c ./Drivers/STM32F1xx_HAL_Driver/Src/stm32f1xx_hal_uart.o
 .text.DHT_Set_Pin_Output
                0x0000000008007bf4       0x3c ./Libraries/DHT.o
 .text.DHT_Set_Pin_Input
                0x0000000008007c30       0x3c ./Libraries/DHT.o
 .text.DHT_Start
                0x0000000008007c6c       0x4e ./Libraries/DHT.o
 .text.DHT_Check_Response
                0x0000000008007cba       0x88 ./Libraries/DHT.o
 .text.DHT_Read
                0x0000000008007d42      0x10c ./Libraries/DHT.o
 .text.DHT_Init
                0x0000000008007e4e       0x40 ./Libraries/DHT.o
                0x0000000008007e4e                DHT_Init
 .text.DHT_Read_Value
                0x0000000008007e8e       0xb8 ./Libraries/DHT.o
                0x0000000008007e8e                DHT_Read_Value
 .text.BCD_To_DEC
                0x0000000008007f46       0x30 ./Libraries/DS3231.o
 *fill*         0x0000000008007f76        0x2 
 .text.DEC_To_BCD
                0x0000000008007f78       0x48 ./Libraries/DS3231.o
 .text.DS3231_Init
                0x0000000008007fc0       0x2a ./Libraries/DS3231.o
                0x0000000008007fc0                DS3231_Init
 .text.DS3231_Set_Time
                0x0000000008007fea       0x76 ./Libraries/DS3231.o
                0x0000000008007fea                DS3231_Set_Time
 .text.DS3231_Get_Time
                0x0000000008008060       0x7a ./Libraries/DS3231.o
                0x0000000008008060                DS3231_Get_Time
 .text.DS3231_Set_Date
                0x00000000080080da       0x64 ./Libraries/DS3231.o
                0x00000000080080da                DS3231_Set_Date
 .text.DS3231_Get_Date
                0x000000000800813e       0x6a ./Libraries/DS3231.o
                0x000000000800813e                DS3231_Get_Date
 .text.DELAY_US_Init
                0x00000000080081a8       0x1c ./Libraries/Delay_us.o
                0x00000000080081a8                DELAY_US_Init
 .text.DELAY_US_Run
                0x00000000080081c4       0x44 ./Libraries/Delay_us.o
                0x00000000080081c4                DELAY_US_Run
 .text.HAL_TIM_IC_CaptureCallback
                0x0000000008008208       0x28 ./Libraries/Encoder.o
                0x0000000008008208                HAL_TIM_IC_CaptureCallback
 .text.ENCODER_Init
                0x0000000008008230       0x26 ./Libraries/Encoder.o
                0x0000000008008230                ENCODER_Init
 *fill*         0x0000000008008256        0x2 
 .text.ENCODER_Set_Callback_Function
                0x0000000008008258       0x28 ./Libraries/Encoder.o
                0x0000000008008258                ENCODER_Set_Callback_Function
 .text.ENCODER_IT_Handle
                0x0000000008008280       0x2e ./Libraries/Encoder.o
                0x0000000008008280                ENCODER_IT_Handle
 *fill*         0x00000000080082ae        0x2 
 .text.ENCODER_Handle
                0x00000000080082b0       0x6c ./Libraries/Encoder.o
                0x00000000080082b0                ENCODER_Handle
 .text.LCD_Init
                0x000000000800831c       0xaa ./Libraries/LCD_I2C.o
                0x000000000800831c                LCD_Init
 .text.LCD_Write
                0x00000000080083c6       0x7c ./Libraries/LCD_I2C.o
                0x00000000080083c6                LCD_Write
 .text.LCD_Clear
                0x0000000008008442       0x2a ./Libraries/LCD_I2C.o
                0x0000000008008442                LCD_Clear
 .text.LCD_Set_Cursor
                0x000000000800846c       0x54 ./Libraries/LCD_I2C.o
                0x000000000800846c                LCD_Set_Cursor
 .text.LCD_Create_Char
                0x00000000080084c0       0x58 ./Libraries/LCD_I2C.o
                0x00000000080084c0                LCD_Create_Char
 .text.LCD_Cursor_Blink
                0x0000000008008518       0x30 ./Libraries/LCD_I2C.o
                0x0000000008008518                LCD_Cursor_Blink
 .text.LCD_Cursor_No_Blink
                0x0000000008008548       0x30 ./Libraries/LCD_I2C.o
                0x0000000008008548                LCD_Cursor_No_Blink
 .text.LCD_Send_Command
                0x0000000008008578       0xcc ./Libraries/LCD_I2C.o
                0x0000000008008578                LCD_Send_Command
 .text.LCD_Send_Data
                0x0000000008008644       0xcc ./Libraries/LCD_I2C.o
                0x0000000008008644                LCD_Send_Data
 .text.BUTTON_Handle
                0x0000000008008710      0x120 ./Libraries/button.o
                0x0000000008008710                BUTTON_Handle
 .text.BUTTON_Init
                0x0000000008008830       0x42 ./Libraries/button.o
                0x0000000008008830                BUTTON_Init
 *fill*         0x0000000008008872        0x2 
 .text.BUTTON_Set_Callback_Function
                0x0000000008008874       0x40 ./Libraries/button.o
                0x0000000008008874                BUTTON_Set_Callback_Function
 .text.FLASH_Erase
                0x00000000080088b4       0x3e ./Libraries/flash.o
                0x00000000080088b4                FLASH_Erase
 .text.FLASH_Write
                0x00000000080088f2       0x80 ./Libraries/flash.o
                0x00000000080088f2                FLASH_Write
 .text.FLASH_Read
                0x0000000008008972       0x56 ./Libraries/flash.o
                0x0000000008008972                FLASH_Read
 .text.__errno  0x00000000080089c8        0xc c:/st/stm32cubeide_1.10.1/stm32cubeide/plugins/com.st.stm32cube.ide.mcu.externaltools.gnu-tools-for-stm32.10.3-2021.10.win32_1.0.0.202111181127/tools/bin/../lib/gcc/arm-none-eabi/10.3.1/../../../../arm-none-eabi/lib/thumb/v7-m/nofp\libc_nano.a(lib_a-errno.o)
                0x00000000080089c8                __errno
 .text.__libc_init_array
                0x00000000080089d4       0x48 c:/st/stm32cubeide_1.10.1/stm32cubeide/plugins/com.st.stm32cube.ide.mcu.externaltools.gnu-tools-for-stm32.10.3-2021.10.win32_1.0.0.202111181127/tools/bin/../lib/gcc/arm-none-eabi/10.3.1/../../../../arm-none-eabi/lib/thumb/v7-m/nofp\libc_nano.a(lib_a-init.o)
                0x00000000080089d4                __libc_init_array
 .text.malloc   0x0000000008008a1c       0x10 c:/st/stm32cubeide_1.10.1/stm32cubeide/plugins/com.st.stm32cube.ide.mcu.externaltools.gnu-tools-for-stm32.10.3-2021.10.win32_1.0.0.202111181127/tools/bin/../lib/gcc/arm-none-eabi/10.3.1/../../../../arm-none-eabi/lib/thumb/v7-m/nofp\libc_nano.a(lib_a-malloc.o)
                0x0000000008008a1c                malloc
 .text.free     0x0000000008008a2c       0x10 c:/st/stm32cubeide_1.10.1/stm32cubeide/plugins/com.st.stm32cube.ide.mcu.externaltools.gnu-tools-for-stm32.10.3-2021.10.win32_1.0.0.202111181127/tools/bin/../lib/gcc/arm-none-eabi/10.3.1/../../../../arm-none-eabi/lib/thumb/v7-m/nofp\libc_nano.a(lib_a-malloc.o)
                0x0000000008008a2c                free
 .text.memset   0x0000000008008a3c       0x10 c:/st/stm32cubeide_1.10.1/stm32cubeide/plugins/com.st.stm32cube.ide.mcu.externaltools.gnu-tools-for-stm32.10.3-2021.10.win32_1.0.0.202111181127/tools/bin/../lib/gcc/arm-none-eabi/10.3.1/../../../../arm-none-eabi/lib/thumb/v7-m/nofp\libc_nano.a(lib_a-memset.o)
                0x0000000008008a3c                memset
 .text._free_r  0x0000000008008a4c       0x90 c:/st/stm32cubeide_1.10.1/stm32cubeide/plugins/com.st.stm32cube.ide.mcu.externaltools.gnu-tools-for-stm32.10.3-2021.10.win32_1.0.0.202111181127/tools/bin/../lib/gcc/arm-none-eabi/10.3.1/../../../../arm-none-eabi/lib/thumb/v7-m/nofp\libc_nano.a(lib_a-nano-freer.o)
                0x0000000008008a4c                _free_r
 .text.sbrk_aligned
                0x0000000008008adc       0x40 c:/st/stm32cubeide_1.10.1/stm32cubeide/plugins/com.st.stm32cube.ide.mcu.externaltools.gnu-tools-for-stm32.10.3-2021.10.win32_1.0.0.202111181127/tools/bin/../lib/gcc/arm-none-eabi/10.3.1/../../../../arm-none-eabi/lib/thumb/v7-m/nofp\libc_nano.a(lib_a-nano-mallocr.o)
 .text._malloc_r
                0x0000000008008b1c       0xe8 c:/st/stm32cubeide_1.10.1/stm32cubeide/plugins/com.st.stm32cube.ide.mcu.externaltools.gnu-tools-for-stm32.10.3-2021.10.win32_1.0.0.202111181127/tools/bin/../lib/gcc/arm-none-eabi/10.3.1/../../../../arm-none-eabi/lib/thumb/v7-m/nofp\libc_nano.a(lib_a-nano-mallocr.o)
                0x0000000008008b1c                _malloc_r
 .text._sbrk_r  0x0000000008008c04       0x20 c:/st/stm32cubeide_1.10.1/stm32cubeide/plugins/com.st.stm32cube.ide.mcu.externaltools.gnu-tools-for-stm32.10.3-2021.10.win32_1.0.0.202111181127/tools/bin/../lib/gcc/arm-none-eabi/10.3.1/../../../../arm-none-eabi/lib/thumb/v7-m/nofp\libc_nano.a(lib_a-sbrkr.o)
                0x0000000008008c04                _sbrk_r
 .text.strcpy   0x0000000008008c24       0x10 c:/st/stm32cubeide_1.10.1/stm32cubeide/plugins/com.st.stm32cube.ide.mcu.externaltools.gnu-tools-for-stm32.10.3-2021.10.win32_1.0.0.202111181127/tools/bin/../lib/gcc/arm-none-eabi/10.3.1/../../../../arm-none-eabi/lib/thumb/v7-m/nofp\libc_nano.a(lib_a-strcpy.o)
                0x0000000008008c24                strcpy
 .text._vsprintf_r
                0x0000000008008c34       0x2c c:/st/stm32cubeide_1.10.1/stm32cubeide/plugins/com.st.stm32cube.ide.mcu.externaltools.gnu-tools-for-stm32.10.3-2021.10.win32_1.0.0.202111181127/tools/bin/../lib/gcc/arm-none-eabi/10.3.1/../../../../arm-none-eabi/lib/thumb/v7-m/nofp\libc_nano.a(lib_a-vsprintf.o)
                0x0000000008008c34                _vsprintf_r
                0x0000000008008c34                _vsiprintf_r
 .text.vsprintf
                0x0000000008008c60       0x14 c:/st/stm32cubeide_1.10.1/stm32cubeide/plugins/com.st.stm32cube.ide.mcu.externaltools.gnu-tools-for-stm32.10.3-2021.10.win32_1.0.0.202111181127/tools/bin/../lib/gcc/arm-none-eabi/10.3.1/../../../../arm-none-eabi/lib/thumb/v7-m/nofp\libc_nano.a(lib_a-vsprintf.o)
                0x0000000008008c60                vsiprintf
                0x0000000008008c60                vsprintf
 .text.__malloc_lock
                0x0000000008008c74        0xc c:/st/stm32cubeide_1.10.1/stm32cubeide/plugins/com.st.stm32cube.ide.mcu.externaltools.gnu-tools-for-stm32.10.3-2021.10.win32_1.0.0.202111181127/tools/bin/../lib/gcc/arm-none-eabi/10.3.1/../../../../arm-none-eabi/lib/thumb/v7-m/nofp\libc_nano.a(lib_a-mlock.o)
                0x0000000008008c74                __malloc_lock
 .text.__malloc_unlock
                0x0000000008008c80        0xc c:/st/stm32cubeide_1.10.1/stm32cubeide/plugins/com.st.stm32cube.ide.mcu.externaltools.gnu-tools-for-stm32.10.3-2021.10.win32_1.0.0.202111181127/tools/bin/../lib/gcc/arm-none-eabi/10.3.1/../../../../arm-none-eabi/lib/thumb/v7-m/nofp\libc_nano.a(lib_a-mlock.o)
                0x0000000008008c80                __malloc_unlock
 .text.__ssputs_r
                0x0000000008008c8c       0xb6 c:/st/stm32cubeide_1.10.1/stm32cubeide/plugins/com.st.stm32cube.ide.mcu.externaltools.gnu-tools-for-stm32.10.3-2021.10.win32_1.0.0.202111181127/tools/bin/../lib/gcc/arm-none-eabi/10.3.1/../../../../arm-none-eabi/lib/thumb/v7-m/nofp\libc_nano.a(lib_a-nano-svfprintf.o)
                0x0000000008008c8c                __ssputs_r
 *fill*         0x0000000008008d42        0x2 
 .text._svfprintf_r
                0x0000000008008d44      0x200 c:/st/stm32cubeide_1.10.1/stm32cubeide/plugins/com.st.stm32cube.ide.mcu.externaltools.gnu-tools-for-stm32.10.3-2021.10.win32_1.0.0.202111181127/tools/bin/../lib/gcc/arm-none-eabi/10.3.1/../../../../arm-none-eabi/lib/thumb/v7-m/nofp\libc_nano.a(lib_a-nano-svfprintf.o)
                0x0000000008008d44                _svfiprintf_r
                0x0000000008008d44                _svfprintf_r
 .text._printf_common
                0x0000000008008f44       0xde c:/st/stm32cubeide_1.10.1/stm32cubeide/plugins/com.st.stm32cube.ide.mcu.externaltools.gnu-tools-for-stm32.10.3-2021.10.win32_1.0.0.202111181127/tools/bin/../lib/gcc/arm-none-eabi/10.3.1/../../../../arm-none-eabi/lib/thumb/v7-m/nofp\libc_nano.a(lib_a-nano-vfprintf_i.o)
                0x0000000008008f44                _printf_common
 *fill*         0x0000000008009022        0x2 
 .text._printf_i
                0x0000000008009024      0x24c c:/st/stm32cubeide_1.10.1/stm32cubeide/plugins/com.st.stm32cube.ide.mcu.externaltools.gnu-tools-for-stm32.10.3-2021.10.win32_1.0.0.202111181127/tools/bin/../lib/gcc/arm-none-eabi/10.3.1/../../../../arm-none-eabi/lib/thumb/v7-m/nofp\libc_nano.a(lib_a-nano-vfprintf_i.o)
                0x0000000008009024                _printf_i
 .text.__retarget_lock_acquire_recursive
                0x0000000008009270        0x2 c:/st/stm32cubeide_1.10.1/stm32cubeide/plugins/com.st.stm32cube.ide.mcu.externaltools.gnu-tools-for-stm32.10.3-2021.10.win32_1.0.0.202111181127/tools/bin/../lib/gcc/arm-none-eabi/10.3.1/../../../../arm-none-eabi/lib/thumb/v7-m/nofp\libc_nano.a(lib_a-lock.o)
                0x0000000008009270                __retarget_lock_acquire_recursive
 .text.__retarget_lock_release_recursive
                0x0000000008009272        0x2 c:/st/stm32cubeide_1.10.1/stm32cubeide/plugins/com.st.stm32cube.ide.mcu.externaltools.gnu-tools-for-stm32.10.3-2021.10.win32_1.0.0.202111181127/tools/bin/../lib/gcc/arm-none-eabi/10.3.1/../../../../arm-none-eabi/lib/thumb/v7-m/nofp\libc_nano.a(lib_a-lock.o)
                0x0000000008009272                __retarget_lock_release_recursive
 .text.memchr   0x0000000008009274       0x1c c:/st/stm32cubeide_1.10.1/stm32cubeide/plugins/com.st.stm32cube.ide.mcu.externaltools.gnu-tools-for-stm32.10.3-2021.10.win32_1.0.0.202111181127/tools/bin/../lib/gcc/arm-none-eabi/10.3.1/../../../../arm-none-eabi/lib/thumb/v7-m/nofp\libc_nano.a(lib_a-memchr-stub.o)
                0x0000000008009274                memchr
 .text.memcpy   0x0000000008009290       0x1c c:/st/stm32cubeide_1.10.1/stm32cubeide/plugins/com.st.stm32cube.ide.mcu.externaltools.gnu-tools-for-stm32.10.3-2021.10.win32_1.0.0.202111181127/tools/bin/../lib/gcc/arm-none-eabi/10.3.1/../../../../arm-none-eabi/lib/thumb/v7-m/nofp\libc_nano.a(lib_a-memcpy-stub.o)
                0x0000000008009290                memcpy
 .text.memmove  0x00000000080092ac       0x34 c:/st/stm32cubeide_1.10.1/stm32cubeide/plugins/com.st.stm32cube.ide.mcu.externaltools.gnu-tools-for-stm32.10.3-2021.10.win32_1.0.0.202111181127/tools/bin/../lib/gcc/arm-none-eabi/10.3.1/../../../../arm-none-eabi/lib/thumb/v7-m/nofp\libc_nano.a(lib_a-memmove.o)
                0x00000000080092ac                memmove
 .text._realloc_r
                0x00000000080092e0       0x5e c:/st/stm32cubeide_1.10.1/stm32cubeide/plugins/com.st.stm32cube.ide.mcu.externaltools.gnu-tools-for-stm32.10.3-2021.10.win32_1.0.0.202111181127/tools/bin/../lib/gcc/arm-none-eabi/10.3.1/../../../../arm-none-eabi/lib/thumb/v7-m/nofp\libc_nano.a(lib_a-nano-reallocr.o)
                0x00000000080092e0                _realloc_r
 .text._malloc_usable_size_r
                0x000000000800933e       0x10 c:/st/stm32cubeide_1.10.1/stm32cubeide/plugins/com.st.stm32cube.ide.mcu.externaltools.gnu-tools-for-stm32.10.3-2021.10.win32_1.0.0.202111181127/tools/bin/../lib/gcc/arm-none-eabi/10.3.1/../../../../arm-none-eabi/lib/thumb/v7-m/nofp\libc_nano.a(lib_a-nano-msizer.o)
                0x000000000800933e                _malloc_usable_size_r
 *(.glue_7)
 .glue_7        0x000000000800934e        0x0 linker stubs
 *(.glue_7t)
 .glue_7t       0x000000000800934e        0x0 linker stubs
 *(.eh_frame)
 *fill*         0x000000000800934e        0x2 
 .eh_frame      0x0000000008009350        0x0 c:/st/stm32cubeide_1.10.1/stm32cubeide/plugins/com.st.stm32cube.ide.mcu.externaltools.gnu-tools-for-stm32.10.3-2021.10.win32_1.0.0.202111181127/tools/bin/../lib/gcc/arm-none-eabi/10.3.1/thumb/v7-m/nofp/crtbegin.o
 *(.init)
 .init          0x0000000008009350        0x4 c:/st/stm32cubeide_1.10.1/stm32cubeide/plugins/com.st.stm32cube.ide.mcu.externaltools.gnu-tools-for-stm32.10.3-2021.10.win32_1.0.0.202111181127/tools/bin/../lib/gcc/arm-none-eabi/10.3.1/thumb/v7-m/nofp/crti.o
                0x0000000008009350                _init
 .init          0x0000000008009354        0x8 c:/st/stm32cubeide_1.10.1/stm32cubeide/plugins/com.st.stm32cube.ide.mcu.externaltools.gnu-tools-for-stm32.10.3-2021.10.win32_1.0.0.202111181127/tools/bin/../lib/gcc/arm-none-eabi/10.3.1/thumb/v7-m/nofp/crtn.o
 *(.fini)
 .fini          0x000000000800935c        0x4 c:/st/stm32cubeide_1.10.1/stm32cubeide/plugins/com.st.stm32cube.ide.mcu.externaltools.gnu-tools-for-stm32.10.3-2021.10.win32_1.0.0.202111181127/tools/bin/../lib/gcc/arm-none-eabi/10.3.1/thumb/v7-m/nofp/crti.o
                0x000000000800935c                _fini
 .fini          0x0000000008009360        0x8 c:/st/stm32cubeide_1.10.1/stm32cubeide/plugins/com.st.stm32cube.ide.mcu.externaltools.gnu-tools-for-stm32.10.3-2021.10.win32_1.0.0.202111181127/tools/bin/../lib/gcc/arm-none-eabi/10.3.1/thumb/v7-m/nofp/crtn.o
                0x0000000008009368                . = ALIGN (0x4)
                0x0000000008009368                _etext = .

.vfp11_veneer   0x0000000008009368        0x0
 .vfp11_veneer  0x0000000008009368        0x0 linker stubs

.v4_bx          0x0000000008009368        0x0
 .v4_bx         0x0000000008009368        0x0 linker stubs

.iplt           0x0000000008009368        0x0
 .iplt          0x0000000008009368        0x0 c:/st/stm32cubeide_1.10.1/stm32cubeide/plugins/com.st.stm32cube.ide.mcu.externaltools.gnu-tools-for-stm32.10.3-2021.10.win32_1.0.0.202111181127/tools/bin/../lib/gcc/arm-none-eabi/10.3.1/thumb/v7-m/nofp/crtbegin.o

.rodata         0x0000000008009368      0x244
                0x0000000008009368                . = ALIGN (0x4)
 *(.rodata)
 .rodata        0x0000000008009368       0x73 ./App/Menu/Main_Menu.o
 *fill*         0x00000000080093db        0x1 
 .rodata        0x00000000080093dc       0x47 ./App/Menu/Setting_Menu.o
 *fill*         0x0000000008009423        0x1 
 .rodata        0x0000000008009424       0x6c ./App/Menu/Setting_Realtime_Menu.o
 .rodata        0x0000000008009490       0x5d ./App/Menu/Setting_Timeline_Menu.o
 *fill*         0x00000000080094ed        0x3 
 .rodata        0x00000000080094f0       0x50 ./App/Menu/Timeline_List_Menu.o
 .rodata        0x0000000008009540       0x10 ./Drivers/STM32F1xx_HAL_Driver/Src/stm32f1xx_hal_rcc.o
 .rodata        0x0000000008009550       0x10 ./Drivers/STM32F1xx_HAL_Driver/Src/stm32f1xx_hal_rcc_ex.o
 *(.rodata*)
 .rodata.AHBPrescTable
                0x0000000008009560       0x10 ./Core/Src/system_stm32f1xx.o
                0x0000000008009560                AHBPrescTable
 .rodata.APBPrescTable
                0x0000000008009570        0x8 ./Core/Src/system_stm32f1xx.o
                0x0000000008009570                APBPrescTable
 .rodata._svfprintf_r.str1.1
                0x0000000008009578       0x11 c:/st/stm32cubeide_1.10.1/stm32cubeide/plugins/com.st.stm32cube.ide.mcu.externaltools.gnu-tools-for-stm32.10.3-2021.10.win32_1.0.0.202111181127/tools/bin/../lib/gcc/arm-none-eabi/10.3.1/../../../../arm-none-eabi/lib/thumb/v7-m/nofp\libc_nano.a(lib_a-nano-svfprintf.o)
 .rodata._printf_i.str1.1
                0x0000000008009589       0x22 c:/st/stm32cubeide_1.10.1/stm32cubeide/plugins/com.st.stm32cube.ide.mcu.externaltools.gnu-tools-for-stm32.10.3-2021.10.win32_1.0.0.202111181127/tools/bin/../lib/gcc/arm-none-eabi/10.3.1/../../../../arm-none-eabi/lib/thumb/v7-m/nofp\libc_nano.a(lib_a-nano-vfprintf_i.o)
                0x00000000080095ac                . = ALIGN (0x4)
 *fill*         0x00000000080095ab        0x1 

.rel.dyn        0x00000000080095ac        0x0
 .rel.iplt      0x00000000080095ac        0x0 c:/st/stm32cubeide_1.10.1/stm32cubeide/plugins/com.st.stm32cube.ide.mcu.externaltools.gnu-tools-for-stm32.10.3-2021.10.win32_1.0.0.202111181127/tools/bin/../lib/gcc/arm-none-eabi/10.3.1/thumb/v7-m/nofp/crtbegin.o

.ARM.extab      0x00000000080095ac        0x0
                0x00000000080095ac                . = ALIGN (0x4)
 *(.ARM.extab* .gnu.linkonce.armextab.*)
                0x00000000080095ac                . = ALIGN (0x4)

.ARM            0x00000000080095ac        0x0
                0x00000000080095ac                . = ALIGN (0x4)
                0x00000000080095ac                __exidx_start = .
 *(.ARM.exidx*)
                0x00000000080095ac                __exidx_end = .
                0x00000000080095ac                . = ALIGN (0x4)

.preinit_array  0x00000000080095ac        0x0
                0x00000000080095ac                . = ALIGN (0x4)
                0x00000000080095ac                PROVIDE (__preinit_array_start = .)
 *(.preinit_array*)
                0x00000000080095ac                PROVIDE (__preinit_array_end = .)
                0x00000000080095ac                . = ALIGN (0x4)

.init_array     0x00000000080095ac        0x4
                0x00000000080095ac                . = ALIGN (0x4)
                0x00000000080095ac                PROVIDE (__init_array_start = .)
 *(SORT_BY_NAME(.init_array.*))
 *(.init_array*)
 .init_array    0x00000000080095ac        0x4 c:/st/stm32cubeide_1.10.1/stm32cubeide/plugins/com.st.stm32cube.ide.mcu.externaltools.gnu-tools-for-stm32.10.3-2021.10.win32_1.0.0.202111181127/tools/bin/../lib/gcc/arm-none-eabi/10.3.1/thumb/v7-m/nofp/crtbegin.o
                0x00000000080095b0                PROVIDE (__init_array_end = .)
                0x00000000080095b0                . = ALIGN (0x4)

.fini_array     0x00000000080095b0        0x4
                0x00000000080095b0                . = ALIGN (0x4)
                [!provide]                        PROVIDE (__fini_array_start = .)
 *(SORT_BY_NAME(.fini_array.*))
 *(.fini_array*)
 .fini_array    0x00000000080095b0        0x4 c:/st/stm32cubeide_1.10.1/stm32cubeide/plugins/com.st.stm32cube.ide.mcu.externaltools.gnu-tools-for-stm32.10.3-2021.10.win32_1.0.0.202111181127/tools/bin/../lib/gcc/arm-none-eabi/10.3.1/thumb/v7-m/nofp/crtbegin.o
                [!provide]                        PROVIDE (__fini_array_end = .)
                0x00000000080095b4                . = ALIGN (0x4)
                0x00000000080095b4                _sidata = LOADADDR (.data)

.data           0x0000000020000000       0xfc load address 0x00000000080095b4
                0x0000000020000000                . = ALIGN (0x4)
                0x0000000020000000                _sdata = .
 *(.data)
 *(.data*)
 .data.DAY_Str  0x0000000020000000       0x1c ./App/Menu/Main_Menu.o
                0x0000000020000000                DAY_Str
 .data.number_char
                0x000000002000001c       0x42 ./App/Menu/Main_Menu.o
 *fill*         0x000000002000005e        0x2 
 .data.__max_value
                0x0000000020000060        0x6 ./App/Menu/Setting_Realtime_Menu.o
 *fill*         0x0000000020000066        0x2 
 .data.__setting_type_str
                0x0000000020000068       0x18 ./App/Menu/Setting_Realtime_Menu.o
                0x0000000020000068                __setting_type_str
 .data.__max_value
                0x0000000020000080        0x9 ./App/Menu/Setting_Timeline_Menu.o
 *fill*         0x0000000020000089        0x3 
 .data.SystemCoreClock
                0x000000002000008c        0x4 ./Core/Src/system_stm32f1xx.o
                0x000000002000008c                SystemCoreClock
 .data.uwTickPrio
                0x0000000020000090        0x4 ./Drivers/STM32F1xx_HAL_Driver/Src/stm32f1xx_hal.o
                0x0000000020000090                uwTickPrio
 .data.uwTickFreq
                0x0000000020000094        0x1 ./Drivers/STM32F1xx_HAL_Driver/Src/stm32f1xx_hal.o
                0x0000000020000094                uwTickFreq
 *fill*         0x0000000020000095        0x3 
 .data._impure_ptr
                0x0000000020000098        0x4 c:/st/stm32cubeide_1.10.1/stm32cubeide/plugins/com.st.stm32cube.ide.mcu.externaltools.gnu-tools-for-stm32.10.3-2021.10.win32_1.0.0.202111181127/tools/bin/../lib/gcc/arm-none-eabi/10.3.1/../../../../arm-none-eabi/lib/thumb/v7-m/nofp\libc_nano.a(lib_a-impure.o)
                0x0000000020000098                _impure_ptr
 .data.impure_data
                0x000000002000009c       0x60 c:/st/stm32cubeide_1.10.1/stm32cubeide/plugins/com.st.stm32cube.ide.mcu.externaltools.gnu-tools-for-stm32.10.3-2021.10.win32_1.0.0.202111181127/tools/bin/../lib/gcc/arm-none-eabi/10.3.1/../../../../arm-none-eabi/lib/thumb/v7-m/nofp\libc_nano.a(lib_a-impure.o)
 *(.RamFunc)
 *(.RamFunc*)
                0x00000000200000fc                . = ALIGN (0x4)
                0x00000000200000fc                _edata = .

.igot.plt       0x00000000200000fc        0x0 load address 0x00000000080096b0
 .igot.plt      0x00000000200000fc        0x0 c:/st/stm32cubeide_1.10.1/stm32cubeide/plugins/com.st.stm32cube.ide.mcu.externaltools.gnu-tools-for-stm32.10.3-2021.10.win32_1.0.0.202111181127/tools/bin/../lib/gcc/arm-none-eabi/10.3.1/thumb/v7-m/nofp/crtbegin.o
                0x00000000200000fc                . = ALIGN (0x4)

.bss            0x0000000020000100      0x2dc load address 0x00000000080096b0
                0x0000000020000100                _sbss = .
                0x0000000020000100                __bss_start__ = _sbss
 *(.bss)
 .bss           0x0000000020000100       0x1c c:/st/stm32cubeide_1.10.1/stm32cubeide/plugins/com.st.stm32cube.ide.mcu.externaltools.gnu-tools-for-stm32.10.3-2021.10.win32_1.0.0.202111181127/tools/bin/../lib/gcc/arm-none-eabi/10.3.1/thumb/v7-m/nofp/crtbegin.o
 *(.bss*)
 .bss.ALARM_Data
                0x000000002000011c       0x14 ./App/Alarm.o
                0x000000002000011c                ALARM_Data
 .bss.buzzer_counter.0
                0x0000000020000130        0x1 ./App/Alarm.o
 *fill*         0x0000000020000131        0x3 
 .bss.BATTERY_LEVEL_Data
                0x0000000020000134        0xc ./App/Battery_Value.o
                0x0000000020000134                BATTERY_LEVEL_Data
 .bss.adc_conversion_timer.0
                0x0000000020000140        0x4 ./App/Battery_Value.o
 .bss.h_encoder_button
                0x0000000020000144       0x18 ./App/Rotary_Encoder.o
                0x0000000020000144                h_encoder_button
 .bss.h_encoder
                0x000000002000015c        0x8 ./App/Rotary_Encoder.o
                0x000000002000015c                h_encoder
 .bss.TIMELINE_Data
                0x0000000020000164       0x40 ./App/Timeline_Manage.o
                0x0000000020000164                TIMELINE_Data
 .bss.hds3231   0x00000000200001a4        0xc ./App/real_time.o
                0x00000000200001a4                hds3231
 .bss.REALTIME_Data
                0x00000000200001b0        0x6 ./App/real_time.o
                0x00000000200001b0                REALTIME_Data
 *fill*         0x00000000200001b6        0x2 
 .bss.timer     0x00000000200001b8        0x4 ./App/real_time.o
 .bss.MAIN_MENU_Data
                0x00000000200001bc        0x1 ./App/Menu/Main_Menu.o
                0x00000000200001bc                MAIN_MENU_Data
 *fill*         0x00000000200001bd        0x3 
 .bss.MENU_Data
                0x00000000200001c0       0x14 ./App/Menu/Menu.o
                0x00000000200001c0                MENU_Data
 .bss.SETTING_MENU_Data
                0x00000000200001d4        0x2 ./App/Menu/Setting_Menu.o
                0x00000000200001d4                SETTING_MENU_Data
 *fill*         0x00000000200001d6        0x2 
 .bss.SR_MENU_Data
                0x00000000200001d8        0x7 ./App/Menu/Setting_Realtime_Menu.o
                0x00000000200001d8                SR_MENU_Data
 *fill*         0x00000000200001df        0x1 
 .bss.ST_MENU_Data
                0x00000000200001e0        0x6 ./App/Menu/Setting_Timeline_Menu.o
                0x00000000200001e0                ST_MENU_Data
 *fill*         0x00000000200001e6        0x2 
 .bss.TL_MENU_Data
                0x00000000200001e8        0x5 ./App/Menu/Timeline_List_Menu.o
                0x00000000200001e8                TL_MENU_Data
 *fill*         0x00000000200001ed        0x3 
 .bss.hadc1     0x00000000200001f0       0x30 ./Core/Src/main.o
                0x00000000200001f0                hadc1
 .bss.hi2c2     0x0000000020000220       0x54 ./Core/Src/main.o
                0x0000000020000220                hi2c2
 .bss.hrtc      0x0000000020000274       0x14 ./Core/Src/main.o
                0x0000000020000274                hrtc
 .bss.htim1     0x0000000020000288       0x48 ./Core/Src/main.o
                0x0000000020000288                htim1
 .bss.htim2     0x00000000200002d0       0x48 ./Core/Src/main.o
                0x00000000200002d0                htim2
 .bss.huart1    0x0000000020000318       0x44 ./Core/Src/main.o
                0x0000000020000318                huart1
 .bss.hlcd      0x000000002000035c        0xc ./Core/Src/main.o
                0x000000002000035c                hlcd
 .bss.hdht      0x0000000020000368       0x14 ./Core/Src/main.o
                0x0000000020000368                hdht
 .bss.timer.2   0x000000002000037c        0x4 ./Core/Src/main.o
 .bss.system_huminity.1
                0x0000000020000380        0x1 ./Core/Src/main.o
 .bss.system_temperature.0
                0x0000000020000381        0x1 ./Core/Src/main.o
 *fill*         0x0000000020000382        0x2 
 .bss.__sbrk_heap_end
                0x0000000020000384        0x4 ./Core/Src/sysmem.o
 .bss.uwTick    0x0000000020000388        0x4 ./Drivers/STM32F1xx_HAL_Driver/Src/stm32f1xx_hal.o
                0x0000000020000388                uwTick
 *fill*         0x000000002000038c        0x4 
 .bss.pFlash    0x0000000020000390       0x20 ./Drivers/STM32F1xx_HAL_Driver/Src/stm32f1xx_hal_flash.o
                0x0000000020000390                pFlash
 .bss.delay_timer
                0x00000000200003b0        0x4 ./Libraries/Delay_us.o
                0x00000000200003b0                delay_timer
 .bss.__ENCODER_Forward_Callback
                0x00000000200003b4        0x4 ./Libraries/Encoder.o
                0x00000000200003b4                __ENCODER_Forward_Callback
 .bss.__ENCODER_Backward_Callback
                0x00000000200003b8        0x4 ./Libraries/Encoder.o
                0x00000000200003b8                __ENCODER_Backward_Callback
 .bss.__BUTTON_Pressing_Callback
                0x00000000200003bc        0x4 ./Libraries/button.o
                0x00000000200003bc                __BUTTON_Pressing_Callback
 .bss.__BUTTON_Releasing_Callback
                0x00000000200003c0        0x4 ./Libraries/button.o
                0x00000000200003c0                __BUTTON_Releasing_Callback
 .bss.__BUTTON_Short_Pressing_Callback
                0x00000000200003c4        0x4 ./Libraries/button.o
                0x00000000200003c4                __BUTTON_Short_Pressing_Callback
 .bss.__BUTTON_Long_Pressing_Callback
                0x00000000200003c8        0x4 ./Libraries/button.o
                0x00000000200003c8                __BUTTON_Long_Pressing_Callback
 .bss.__malloc_free_list
                0x00000000200003cc        0x4 c:/st/stm32cubeide_1.10.1/stm32cubeide/plugins/com.st.stm32cube.ide.mcu.externaltools.gnu-tools-for-stm32.10.3-2021.10.win32_1.0.0.202111181127/tools/bin/../lib/gcc/arm-none-eabi/10.3.1/../../../../arm-none-eabi/lib/thumb/v7-m/nofp\libc_nano.a(lib_a-nano-mallocr.o)
                0x00000000200003cc                __malloc_free_list
 .bss.__malloc_sbrk_start
                0x00000000200003d0        0x4 c:/st/stm32cubeide_1.10.1/stm32cubeide/plugins/com.st.stm32cube.ide.mcu.externaltools.gnu-tools-for-stm32.10.3-2021.10.win32_1.0.0.202111181127/tools/bin/../lib/gcc/arm-none-eabi/10.3.1/../../../../arm-none-eabi/lib/thumb/v7-m/nofp\libc_nano.a(lib_a-nano-mallocr.o)
                0x00000000200003d0                __malloc_sbrk_start
 .bss.errno     0x00000000200003d4        0x4 c:/st/stm32cubeide_1.10.1/stm32cubeide/plugins/com.st.stm32cube.ide.mcu.externaltools.gnu-tools-for-stm32.10.3-2021.10.win32_1.0.0.202111181127/tools/bin/../lib/gcc/arm-none-eabi/10.3.1/../../../../arm-none-eabi/lib/thumb/v7-m/nofp\libc_nano.a(lib_a-reent.o)
                0x00000000200003d4                errno
 .bss.__lock___malloc_recursive_mutex
                0x00000000200003d8        0x1 c:/st/stm32cubeide_1.10.1/stm32cubeide/plugins/com.st.stm32cube.ide.mcu.externaltools.gnu-tools-for-stm32.10.3-2021.10.win32_1.0.0.202111181127/tools/bin/../lib/gcc/arm-none-eabi/10.3.1/../../../../arm-none-eabi/lib/thumb/v7-m/nofp\libc_nano.a(lib_a-lock.o)
                0x00000000200003d8                __lock___malloc_recursive_mutex
 *(COMMON)
                0x00000000200003dc                . = ALIGN (0x4)
 *fill*         0x00000000200003d9        0x3 
                0x00000000200003dc                _ebss = .
                0x00000000200003dc                __bss_end__ = _ebss

._user_heap_stack
                0x00000000200003dc      0x604 load address 0x00000000080096b0
                0x00000000200003e0                . = ALIGN (0x8)
 *fill*         0x00000000200003dc        0x4 
                [!provide]                        PROVIDE (end = .)
                0x00000000200003e0                PROVIDE (_end = .)
                0x00000000200005e0                . = (. + _Min_Heap_Size)
 *fill*         0x00000000200003e0      0x200 
                0x00000000200009e0                . = (. + _Min_Stack_Size)
 *fill*         0x00000000200005e0      0x400 
                0x00000000200009e0                . = ALIGN (0x8)

/DISCARD/
 libc.a(*)
 libm.a(*)
 libgcc.a(*)

.ARM.attributes
                0x0000000000000000       0x29
 *(.ARM.attributes)
 .ARM.attributes
                0x0000000000000000       0x1d c:/st/stm32cubeide_1.10.1/stm32cubeide/plugins/com.st.stm32cube.ide.mcu.externaltools.gnu-tools-for-stm32.10.3-2021.10.win32_1.0.0.202111181127/tools/bin/../lib/gcc/arm-none-eabi/10.3.1/thumb/v7-m/nofp/crti.o
 .ARM.attributes
                0x000000000000001d       0x2d c:/st/stm32cubeide_1.10.1/stm32cubeide/plugins/com.st.stm32cube.ide.mcu.externaltools.gnu-tools-for-stm32.10.3-2021.10.win32_1.0.0.202111181127/tools/bin/../lib/gcc/arm-none-eabi/10.3.1/thumb/v7-m/nofp/crtbegin.o
 .ARM.attributes
                0x000000000000004a       0x2d ./App/Alarm.o
 .ARM.attributes
                0x0000000000000077       0x2d ./App/Battery_Value.o
 .ARM.attributes
                0x00000000000000a4       0x2d ./App/Rotary_Encoder.o
 .ARM.attributes
                0x00000000000000d1       0x2d ./App/Timeline_Manage.o
 .ARM.attributes
                0x00000000000000fe       0x2d ./App/real_time.o
 .ARM.attributes
                0x000000000000012b       0x2d ./App/Menu/Main_Menu.o
 .ARM.attributes
                0x0000000000000158       0x2d ./App/Menu/Menu.o
 .ARM.attributes
                0x0000000000000185       0x2d ./App/Menu/Setting_Menu.o
 .ARM.attributes
                0x00000000000001b2       0x2d ./App/Menu/Setting_Realtime_Menu.o
 .ARM.attributes
                0x00000000000001df       0x2d ./App/Menu/Setting_Timeline_Menu.o
 .ARM.attributes
                0x000000000000020c       0x2d ./App/Menu/Timeline_List_Menu.o
 .ARM.attributes
                0x0000000000000239       0x2d ./Core/Src/main.o
 .ARM.attributes
                0x0000000000000266       0x2d ./Core/Src/stm32f1xx_hal_msp.o
 .ARM.attributes
                0x0000000000000293       0x2d ./Core/Src/stm32f1xx_it.o
 .ARM.attributes
                0x00000000000002c0       0x2d ./Core/Src/sysmem.o
 .ARM.attributes
                0x00000000000002ed       0x2d ./Core/Src/system_stm32f1xx.o
 .ARM.attributes
                0x000000000000031a       0x21 ./Core/Startup/startup_stm32f103c8tx.o
 .ARM.attributes
                0x000000000000033b       0x2d ./Drivers/STM32F1xx_HAL_Driver/Src/stm32f1xx_hal.o
 .ARM.attributes
                0x0000000000000368       0x2d ./Drivers/STM32F1xx_HAL_Driver/Src/stm32f1xx_hal_adc.o
 .ARM.attributes
                0x0000000000000395       0x2d ./Drivers/STM32F1xx_HAL_Driver/Src/stm32f1xx_hal_adc_ex.o
 .ARM.attributes
                0x00000000000003c2       0x2d ./Drivers/STM32F1xx_HAL_Driver/Src/stm32f1xx_hal_cortex.o
 .ARM.attributes
                0x00000000000003ef       0x2d ./Drivers/STM32F1xx_HAL_Driver/Src/stm32f1xx_hal_dma.o
 .ARM.attributes
                0x000000000000041c       0x2d ./Drivers/STM32F1xx_HAL_Driver/Src/stm32f1xx_hal_flash.o
 .ARM.attributes
                0x0000000000000449       0x2d ./Drivers/STM32F1xx_HAL_Driver/Src/stm32f1xx_hal_flash_ex.o
 .ARM.attributes
                0x0000000000000476       0x2d ./Drivers/STM32F1xx_HAL_Driver/Src/stm32f1xx_hal_gpio.o
 .ARM.attributes
                0x00000000000004a3       0x2d ./Drivers/STM32F1xx_HAL_Driver/Src/stm32f1xx_hal_i2c.o
 .ARM.attributes
                0x00000000000004d0       0x2d ./Drivers/STM32F1xx_HAL_Driver/Src/stm32f1xx_hal_pwr.o
 .ARM.attributes
                0x00000000000004fd       0x2d ./Drivers/STM32F1xx_HAL_Driver/Src/stm32f1xx_hal_rcc.o
 .ARM.attributes
                0x000000000000052a       0x2d ./Drivers/STM32F1xx_HAL_Driver/Src/stm32f1xx_hal_rcc_ex.o
 .ARM.attributes
                0x0000000000000557       0x2d ./Drivers/STM32F1xx_HAL_Driver/Src/stm32f1xx_hal_rtc.o
 .ARM.attributes
                0x0000000000000584       0x2d ./Drivers/STM32F1xx_HAL_Driver/Src/stm32f1xx_hal_tim.o
 .ARM.attributes
                0x00000000000005b1       0x2d ./Drivers/STM32F1xx_HAL_Driver/Src/stm32f1xx_hal_tim_ex.o
 .ARM.attributes
                0x00000000000005de       0x2d ./Drivers/STM32F1xx_HAL_Driver/Src/stm32f1xx_hal_uart.o
 .ARM.attributes
                0x000000000000060b       0x2d ./Libraries/DHT.o
 .ARM.attributes
                0x0000000000000638       0x2d ./Libraries/DS3231.o
 .ARM.attributes
                0x0000000000000665       0x2d ./Libraries/Delay_us.o
 .ARM.attributes
                0x0000000000000692       0x2d ./Libraries/Encoder.o
 .ARM.attributes
                0x00000000000006bf       0x2d ./Libraries/LCD_I2C.o
 .ARM.attributes
                0x00000000000006ec       0x2d ./Libraries/button.o
 .ARM.attributes
                0x0000000000000719       0x2d ./Libraries/flash.o
 .ARM.attributes
                0x0000000000000746       0x2d c:/st/stm32cubeide_1.10.1/stm32cubeide/plugins/com.st.stm32cube.ide.mcu.externaltools.gnu-tools-for-stm32.10.3-2021.10.win32_1.0.0.202111181127/tools/bin/../lib/gcc/arm-none-eabi/10.3.1/../../../../arm-none-eabi/lib/thumb/v7-m/nofp\libc_nano.a(lib_a-errno.o)
 .ARM.attributes
                0x0000000000000773       0x2d c:/st/stm32cubeide_1.10.1/stm32cubeide/plugins/com.st.stm32cube.ide.mcu.externaltools.gnu-tools-for-stm32.10.3-2021.10.win32_1.0.0.202111181127/tools/bin/../lib/gcc/arm-none-eabi/10.3.1/../../../../arm-none-eabi/lib/thumb/v7-m/nofp\libc_nano.a(lib_a-impure.o)
 .ARM.attributes
                0x00000000000007a0       0x2d c:/st/stm32cubeide_1.10.1/stm32cubeide/plugins/com.st.stm32cube.ide.mcu.externaltools.gnu-tools-for-stm32.10.3-2021.10.win32_1.0.0.202111181127/tools/bin/../lib/gcc/arm-none-eabi/10.3.1/../../../../arm-none-eabi/lib/thumb/v7-m/nofp\libc_nano.a(lib_a-init.o)
 .ARM.attributes
                0x00000000000007cd       0x2d c:/st/stm32cubeide_1.10.1/stm32cubeide/plugins/com.st.stm32cube.ide.mcu.externaltools.gnu-tools-for-stm32.10.3-2021.10.win32_1.0.0.202111181127/tools/bin/../lib/gcc/arm-none-eabi/10.3.1/../../../../arm-none-eabi/lib/thumb/v7-m/nofp\libc_nano.a(lib_a-malloc.o)
 .ARM.attributes
                0x00000000000007fa       0x2d c:/st/stm32cubeide_1.10.1/stm32cubeide/plugins/com.st.stm32cube.ide.mcu.externaltools.gnu-tools-for-stm32.10.3-2021.10.win32_1.0.0.202111181127/tools/bin/../lib/gcc/arm-none-eabi/10.3.1/../../../../arm-none-eabi/lib/thumb/v7-m/nofp\libc_nano.a(lib_a-memset.o)
 .ARM.attributes
                0x0000000000000827       0x2d c:/st/stm32cubeide_1.10.1/stm32cubeide/plugins/com.st.stm32cube.ide.mcu.externaltools.gnu-tools-for-stm32.10.3-2021.10.win32_1.0.0.202111181127/tools/bin/../lib/gcc/arm-none-eabi/10.3.1/../../../../arm-none-eabi/lib/thumb/v7-m/nofp\libc_nano.a(lib_a-nano-freer.o)
 .ARM.attributes
                0x0000000000000854       0x2d c:/st/stm32cubeide_1.10.1/stm32cubeide/plugins/com.st.stm32cube.ide.mcu.externaltools.gnu-tools-for-stm32.10.3-2021.10.win32_1.0.0.202111181127/tools/bin/../lib/gcc/arm-none-eabi/10.3.1/../../../../arm-none-eabi/lib/thumb/v7-m/nofp\libc_nano.a(lib_a-nano-mallocr.o)
 .ARM.attributes
                0x0000000000000881       0x2d c:/st/stm32cubeide_1.10.1/stm32cubeide/plugins/com.st.stm32cube.ide.mcu.externaltools.gnu-tools-for-stm32.10.3-2021.10.win32_1.0.0.202111181127/tools/bin/../lib/gcc/arm-none-eabi/10.3.1/../../../../arm-none-eabi/lib/thumb/v7-m/nofp\libc_nano.a(lib_a-sbrkr.o)
 .ARM.attributes
                0x00000000000008ae       0x2d c:/st/stm32cubeide_1.10.1/stm32cubeide/plugins/com.st.stm32cube.ide.mcu.externaltools.gnu-tools-for-stm32.10.3-2021.10.win32_1.0.0.202111181127/tools/bin/../lib/gcc/arm-none-eabi/10.3.1/../../../../arm-none-eabi/lib/thumb/v7-m/nofp\libc_nano.a(lib_a-strcpy.o)
 .ARM.attributes
                0x00000000000008db       0x17 c:/st/stm32cubeide_1.10.1/stm32cubeide/plugins/com.st.stm32cube.ide.mcu.externaltools.gnu-tools-for-stm32.10.3-2021.10.win32_1.0.0.202111181127/tools/bin/../lib/gcc/arm-none-eabi/10.3.1/../../../../arm-none-eabi/lib/thumb/v7-m/nofp\libc_nano.a(lib_a-strlen.o)
 .ARM.attributes
                0x00000000000008f2       0x2d c:/st/stm32cubeide_1.10.1/stm32cubeide/plugins/com.st.stm32cube.ide.mcu.externaltools.gnu-tools-for-stm32.10.3-2021.10.win32_1.0.0.202111181127/tools/bin/../lib/gcc/arm-none-eabi/10.3.1/../../../../arm-none-eabi/lib/thumb/v7-m/nofp\libc_nano.a(lib_a-vsprintf.o)
 .ARM.attributes
                0x000000000000091f       0x2d c:/st/stm32cubeide_1.10.1/stm32cubeide/plugins/com.st.stm32cube.ide.mcu.externaltools.gnu-tools-for-stm32.10.3-2021.10.win32_1.0.0.202111181127/tools/bin/../lib/gcc/arm-none-eabi/10.3.1/../../../../arm-none-eabi/lib/thumb/v7-m/nofp\libc_nano.a(lib_a-mlock.o)
 .ARM.attributes
                0x000000000000094c       0x2d c:/st/stm32cubeide_1.10.1/stm32cubeide/plugins/com.st.stm32cube.ide.mcu.externaltools.gnu-tools-for-stm32.10.3-2021.10.win32_1.0.0.202111181127/tools/bin/../lib/gcc/arm-none-eabi/10.3.1/../../../../arm-none-eabi/lib/thumb/v7-m/nofp\libc_nano.a(lib_a-nano-svfprintf.o)
 .ARM.attributes
                0x0000000000000979       0x2d c:/st/stm32cubeide_1.10.1/stm32cubeide/plugins/com.st.stm32cube.ide.mcu.externaltools.gnu-tools-for-stm32.10.3-2021.10.win32_1.0.0.202111181127/tools/bin/../lib/gcc/arm-none-eabi/10.3.1/../../../../arm-none-eabi/lib/thumb/v7-m/nofp\libc_nano.a(lib_a-nano-vfprintf_i.o)
 .ARM.attributes
                0x00000000000009a6       0x2d c:/st/stm32cubeide_1.10.1/stm32cubeide/plugins/com.st.stm32cube.ide.mcu.externaltools.gnu-tools-for-stm32.10.3-2021.10.win32_1.0.0.202111181127/tools/bin/../lib/gcc/arm-none-eabi/10.3.1/../../../../arm-none-eabi/lib/thumb/v7-m/nofp\libc_nano.a(lib_a-reent.o)
 .ARM.attributes
                0x00000000000009d3       0x2d c:/st/stm32cubeide_1.10.1/stm32cubeide/plugins/com.st.stm32cube.ide.mcu.externaltools.gnu-tools-for-stm32.10.3-2021.10.win32_1.0.0.202111181127/tools/bin/../lib/gcc/arm-none-eabi/10.3.1/../../../../arm-none-eabi/lib/thumb/v7-m/nofp\libc_nano.a(lib_a-lock.o)
 .ARM.attributes
                0x0000000000000a00       0x2d c:/st/stm32cubeide_1.10.1/stm32cubeide/plugins/com.st.stm32cube.ide.mcu.externaltools.gnu-tools-for-stm32.10.3-2021.10.win32_1.0.0.202111181127/tools/bin/../lib/gcc/arm-none-eabi/10.3.1/../../../../arm-none-eabi/lib/thumb/v7-m/nofp\libc_nano.a(lib_a-memchr-stub.o)
 .ARM.attributes
                0x0000000000000a2d       0x2d c:/st/stm32cubeide_1.10.1/stm32cubeide/plugins/com.st.stm32cube.ide.mcu.externaltools.gnu-tools-for-stm32.10.3-2021.10.win32_1.0.0.202111181127/tools/bin/../lib/gcc/arm-none-eabi/10.3.1/../../../../arm-none-eabi/lib/thumb/v7-m/nofp\libc_nano.a(lib_a-memcpy-stub.o)
 .ARM.attributes
                0x0000000000000a5a       0x2d c:/st/stm32cubeide_1.10.1/stm32cubeide/plugins/com.st.stm32cube.ide.mcu.externaltools.gnu-tools-for-stm32.10.3-2021.10.win32_1.0.0.202111181127/tools/bin/../lib/gcc/arm-none-eabi/10.3.1/../../../../arm-none-eabi/lib/thumb/v7-m/nofp\libc_nano.a(lib_a-memmove.o)
 .ARM.attributes
                0x0000000000000a87       0x2d c:/st/stm32cubeide_1.10.1/stm32cubeide/plugins/com.st.stm32cube.ide.mcu.externaltools.gnu-tools-for-stm32.10.3-2021.10.win32_1.0.0.202111181127/tools/bin/../lib/gcc/arm-none-eabi/10.3.1/../../../../arm-none-eabi/lib/thumb/v7-m/nofp\libc_nano.a(lib_a-nano-reallocr.o)
 .ARM.attributes
                0x0000000000000ab4       0x2d c:/st/stm32cubeide_1.10.1/stm32cubeide/plugins/com.st.stm32cube.ide.mcu.externaltools.gnu-tools-for-stm32.10.3-2021.10.win32_1.0.0.202111181127/tools/bin/../lib/gcc/arm-none-eabi/10.3.1/../../../../arm-none-eabi/lib/thumb/v7-m/nofp\libc_nano.a(lib_a-nano-msizer.o)
 .ARM.attributes
                0x0000000000000ae1       0x1d c:/st/stm32cubeide_1.10.1/stm32cubeide/plugins/com.st.stm32cube.ide.mcu.externaltools.gnu-tools-for-stm32.10.3-2021.10.win32_1.0.0.202111181127/tools/bin/../lib/gcc/arm-none-eabi/10.3.1/thumb/v7-m/nofp\libgcc.a(_arm_addsubdf3.o)
 .ARM.attributes
                0x0000000000000afe       0x1d c:/st/stm32cubeide_1.10.1/stm32cubeide/plugins/com.st.stm32cube.ide.mcu.externaltools.gnu-tools-for-stm32.10.3-2021.10.win32_1.0.0.202111181127/tools/bin/../lib/gcc/arm-none-eabi/10.3.1/thumb/v7-m/nofp\libgcc.a(_arm_muldivdf3.o)
 .ARM.attributes
                0x0000000000000b1b       0x1d c:/st/stm32cubeide_1.10.1/stm32cubeide/plugins/com.st.stm32cube.ide.mcu.externaltools.gnu-tools-for-stm32.10.3-2021.10.win32_1.0.0.202111181127/tools/bin/../lib/gcc/arm-none-eabi/10.3.1/thumb/v7-m/nofp\libgcc.a(_arm_fixunsdfsi.o)
 .ARM.attributes
                0x0000000000000b38       0x1d c:/st/stm32cubeide_1.10.1/stm32cubeide/plugins/com.st.stm32cube.ide.mcu.externaltools.gnu-tools-for-stm32.10.3-2021.10.win32_1.0.0.202111181127/tools/bin/../lib/gcc/arm-none-eabi/10.3.1/thumb/v7-m/nofp\libgcc.a(_arm_truncdfsf2.o)
 .ARM.attributes
                0x0000000000000b55       0x1d c:/st/stm32cubeide_1.10.1/stm32cubeide/plugins/com.st.stm32cube.ide.mcu.externaltools.gnu-tools-for-stm32.10.3-2021.10.win32_1.0.0.202111181127/tools/bin/../lib/gcc/arm-none-eabi/10.3.1/thumb/v7-m/nofp\libgcc.a(_arm_fixunssfsi.o)
 .ARM.attributes
                0x0000000000000b72       0x1d c:/st/stm32cubeide_1.10.1/stm32cubeide/plugins/com.st.stm32cube.ide.mcu.externaltools.gnu-tools-for-stm32.10.3-2021.10.win32_1.0.0.202111181127/tools/bin/../lib/gcc/arm-none-eabi/10.3.1/thumb/v7-m/nofp/crtn.o
OUTPUT(Digital_Clock_1.0.elf elf32-littlearm)
LOAD linker stubs
LOAD c:/st/stm32cubeide_1.10.1/stm32cubeide/plugins/com.st.stm32cube.ide.mcu.externaltools.gnu-tools-for-stm32.10.3-2021.10.win32_1.0.0.202111181127/tools/bin/../lib/gcc/arm-none-eabi/10.3.1/../../../../arm-none-eabi/lib/thumb/v7-m/nofp\libc.a
LOAD c:/st/stm32cubeide_1.10.1/stm32cubeide/plugins/com.st.stm32cube.ide.mcu.externaltools.gnu-tools-for-stm32.10.3-2021.10.win32_1.0.0.202111181127/tools/bin/../lib/gcc/arm-none-eabi/10.3.1/../../../../arm-none-eabi/lib/thumb/v7-m/nofp\libm.a
LOAD c:/st/stm32cubeide_1.10.1/stm32cubeide/plugins/com.st.stm32cube.ide.mcu.externaltools.gnu-tools-for-stm32.10.3-2021.10.win32_1.0.0.202111181127/tools/bin/../lib/gcc/arm-none-eabi/10.3.1/thumb/v7-m/nofp\libgcc.a

.debug_info     0x0000000000000000    0x1af54
 .debug_info    0x0000000000000000      0x4c5 ./App/Alarm.o
 .debug_info    0x00000000000004c5      0x635 ./App/Battery_Value.o
 .debug_info    0x0000000000000afa      0xf27 ./App/Rotary_Encoder.o
 .debug_info    0x0000000000001a21      0x3ce ./App/Timeline_Manage.o
 .debug_info    0x0000000000001def      0x907 ./App/real_time.o
 .debug_info    0x00000000000026f6      0xb21 ./App/Menu/Main_Menu.o
 .debug_info    0x0000000000003217      0x792 ./App/Menu/Menu.o
 .debug_info    0x00000000000039a9      0x859 ./App/Menu/Setting_Menu.o
 .debug_info    0x0000000000004202      0xa3c ./App/Menu/Setting_Realtime_Menu.o
 .debug_info    0x0000000000004c3e      0x9db ./App/Menu/Setting_Timeline_Menu.o
 .debug_info    0x0000000000005619      0xa73 ./App/Menu/Timeline_List_Menu.o
 .debug_info    0x000000000000608c     0x1b53 ./Core/Src/main.o
 .debug_info    0x0000000000007bdf     0x169f ./Core/Src/stm32f1xx_hal_msp.o
 .debug_info    0x000000000000927e      0xbde ./Core/Src/stm32f1xx_it.o
 .debug_info    0x0000000000009e5c      0x171 ./Core/Src/sysmem.o
 .debug_info    0x0000000000009fcd      0x23d ./Core/Src/system_stm32f1xx.o
 .debug_info    0x000000000000a20a       0x22 ./Core/Startup/startup_stm32f103c8tx.o
 .debug_info    0x000000000000a22c      0x734 ./Drivers/STM32F1xx_HAL_Driver/Src/stm32f1xx_hal.o
 .debug_info    0x000000000000a960      0xcd9 ./Drivers/STM32F1xx_HAL_Driver/Src/stm32f1xx_hal_adc.o
 .debug_info    0x000000000000b639      0xa8f ./Drivers/STM32F1xx_HAL_Driver/Src/stm32f1xx_hal_adc_ex.o
 .debug_info    0x000000000000c0c8      0xb20 ./Drivers/STM32F1xx_HAL_Driver/Src/stm32f1xx_hal_cortex.o
 .debug_info    0x000000000000cbe8      0x73f ./Drivers/STM32F1xx_HAL_Driver/Src/stm32f1xx_hal_dma.o
 .debug_info    0x000000000000d327      0x547 ./Drivers/STM32F1xx_HAL_Driver/Src/stm32f1xx_hal_flash.o
 .debug_info    0x000000000000d86e      0x7e5 ./Drivers/STM32F1xx_HAL_Driver/Src/stm32f1xx_hal_flash_ex.o
 .debug_info    0x000000000000e053      0x615 ./Drivers/STM32F1xx_HAL_Driver/Src/stm32f1xx_hal_gpio.o
 .debug_info    0x000000000000e668     0x2734 ./Drivers/STM32F1xx_HAL_Driver/Src/stm32f1xx_hal_i2c.o
 .debug_info    0x0000000000010d9c      0x65c ./Drivers/STM32F1xx_HAL_Driver/Src/stm32f1xx_hal_pwr.o
 .debug_info    0x00000000000113f8      0x860 ./Drivers/STM32F1xx_HAL_Driver/Src/stm32f1xx_hal_rcc.o
 .debug_info    0x0000000000011c58      0x3e0 ./Drivers/STM32F1xx_HAL_Driver/Src/stm32f1xx_hal_rcc_ex.o
 .debug_info    0x0000000000012038      0xd49 ./Drivers/STM32F1xx_HAL_Driver/Src/stm32f1xx_hal_rtc.o
 .debug_info    0x0000000000012d81     0x29de ./Drivers/STM32F1xx_HAL_Driver/Src/stm32f1xx_hal_tim.o
 .debug_info    0x000000000001575f     0x1513 ./Drivers/STM32F1xx_HAL_Driver/Src/stm32f1xx_hal_tim_ex.o
 .debug_info    0x0000000000016c72     0x15d8 ./Drivers/STM32F1xx_HAL_Driver/Src/stm32f1xx_hal_uart.o
 .debug_info    0x000000000001824a      0x4a9 ./Libraries/DHT.o
 .debug_info    0x00000000000186f3      0x906 ./Libraries/DS3231.o
 .debug_info    0x0000000000018ff9      0x6c9 ./Libraries/Delay_us.o
 .debug_info    0x00000000000196c2      0x79d ./Libraries/Encoder.o
 .debug_info    0x0000000000019e5f      0xac9 ./Libraries/LCD_I2C.o
 .debug_info    0x000000000001a928      0x351 ./Libraries/button.o
 .debug_info    0x000000000001ac79      0x2db ./Libraries/flash.o

.debug_abbrev   0x0000000000000000     0x4c9b