../Libraries/LCD_I2C.c:132:6:LCD_Send_Command	24	static
../Libraries/LCD_I2C.c:4:6:LCD_Init	8	static
../Libraries/LCD_I2C.c:89:6:LCD_Set_Cursor	8	static
../Libraries/LCD_I2C.c:83:6:LCD_Clear	8	static
../Libraries/LCD_I2C.c:102:6:LCD_Backlight	0	static
../Libraries/LCD_I2C.c:107:6:LCD_No_Backlight	0	static
../Libraries/LCD_I2C.c:112:6:LCD_Cursor_Blink	0	static
../Libraries/LCD_I2C.c:117:6:LCD_Cursor_No_Blink	0	static
../Libraries/LCD_I2C.c:122:6:LCD_Display_On	0	static
../Libraries/LCD_I2C.c:127:6:LCD_Display_Off	0	static
../Libraries/LCD_I2C.c:164:6:LCD_Send_Data	24	static
../Libraries/LCD_I2C.c:54:6:LCD_Write	52	static
../Libraries/LCD_I2C.c:79:6:LCD_Write_Custom_Char	0	static
../Libraries/LCD_I2C.c:67:6:LCD_Write_String	16	static
../Libraries/LCD_I2C.c:95:6:LCD_Create_Char	16	static
