../Core/Src/main.c:79:6:TEMP_AND_HUM_Handle	8	static
../Core/Src/main.c:103:5:main	16	static
../Core/Src/main.c:173:6:SystemClock_Config	72	static
../Core/Src/main.c:212:13:MX_I2C1_Init	8	static
../Core/Src/main.c:246:13:MX_I2C2_Init	8	static
../Core/Src/main.c:280:13:MX_TIM2_Init	56	static
../Core/Src/main.c:329:13:MX_TIM4_Init	32	static
../Core/Src/main.c:374:13:MX_USART1_UART_Init	8	static
../Core/Src/main.c:407:13:MX_GPIO_Init	40	static
../Core/Src/main.c:452:6:Error_Handler	4	static,ignoring_inline_asm
