../Core/Src/main.c:83:6:TEMP_AND_HUM_Handle	8	static
../Core/Src/main.c:109:5:main	16	static
../Core/Src/main.c:185:6:SystemClock_Config	88	static
../Core/Src/main.c:232:13:MX_I2C1_Init	8	static
../Core/Src/main.c:266:13:MX_I2C2_Init	8	static
../Core/Src/main.c:300:13:MX_RTC_Init	16	static
../Core/Src/main.c:360:13:MX_TIM2_Init	56	static
../Core/Src/main.c:409:13:MX_TIM4_Init	32	static
../Core/Src/main.c:454:13:MX_USART1_UART_Init	8	static
../Core/Src/main.c:487:13:MX_GPIO_Init	40	static
../Core/Src/main.c:533:6:Error_Handler	4	static,ignoring_inline_asm
